04-08 13:55:09.647  5941  5941 E ActivityThread: 	at ahpu.b(:com.google.android.gms@200914018@20.09.14 (040308-300565878):3)
04-08 13:55:09.647  5941  5941 E ActivityThread: 	at ahpu.a(:com.google.android.gms@200914018@20.09.14 (040308-300565878):9)
04-08 13:55:09.647  5941  5941 E ActivityThread: 	at ahpu.a(:com.google.android.gms@200914018@20.09.14 (040308-300565878):8)
04-08 13:55:09.647  5941  5941 E ActivityThread: 	at aikt.<init>(:com.google.android.gms@200914018@20.09.14 (040308-300565878):7)
04-08 13:55:09.647  5941  5941 E ActivityThread: 	at aiae.a(:com.google.android.gms@200914018@20.09.14 (040308-300565878):63)
04-08 13:55:09.647  5941  5941 E ActivityThread: 	at ahpu.c(:com.google.android.gms@200914018@20.09.14 (040308-300565878):4)
04-08 13:55:09.647  5941  5941 E ActivityThread: 	at ahpu.b(:com.google.android.gms@200914018@20.09.14 (040308-300565878):3)
04-08 13:55:09.647  5941  5941 E ActivityThread: 	at ahpu.a(:com.google.android.gms@200914018@20.09.14 (040308-300565878):9)
04-08 13:55:09.647  5941  5941 E ActivityThread: 	at ahpu.a(:com.google.android.gms@200914018@20.09.14 (040308-300565878):8)
04-08 13:55:09.647  5941  5941 E ActivityThread: 	at com.google.android.gms.nearby.discovery.service.DiscoveryChimeraService.onCreate(:com.google.android.gms@200914018@20.09.14 (040308-300565878):2)
04-08 13:55:09.647  5941  5941 E ActivityThread: 	at dwl.onCreate(:com.google.android.gms@200914018@20.09.14 (040308-300565878):2)
04-08 13:55:09.647  5941  5941 E ActivityThread: 	at qww.onCreate(:com.google.android.gms@200914018@20.09.14 (040308-300565878):4)
04-08 13:55:09.647  5941  5941 E ActivityThread: 	at android.app.ActivityThread.handleCreateService(ActivityThread.java:2934)
04-08 13:55:09.647  5941  5941 E ActivityThread: 	at android.app.ActivityThread.access$1900(ActivityThread.java:154)
04-08 13:55:09.647  5941  5941 E ActivityThread: 	at android.app.ActivityThread$H.handleMessage(ActivityThread.java:1474)
04-08 13:55:09.647  5941  5941 E ActivityThread: 	at android.os.Handler.dispatchMessage(Handler.java:102)
04-08 13:55:09.647  5941  5941 E ActivityThread: 	at android.os.Looper.loop(Looper.java:234)
04-08 13:55:09.647  5941  5941 E ActivityThread: 	at android.app.ActivityThread.main(ActivityThread.java:5526)
04-08 13:55:09.647  5941  5941 E ActivityThread: 	at java.lang.reflect.Method.invoke(Native Method)
04-08 13:55:09.647  5941  5941 E ActivityThread: 	at com.android.internal.os.ZygoteInit$MethodAndArgsCaller.run(ZygoteInit.java:726)
04-08 13:55:09.647  5941  5941 E ActivityThread: 	at com.android.internal.os.ZygoteInit.main(ZygoteInit.java:616)
04-08 13:56:39.268  2401  4122 I chatty  : uid=1000(system) AlarmManager expire 2 lines
04-08 13:56:46.947  2401  2417 I chatty  : uid=1000(system) Binder_1 expire 9 lines
04-08 13:56:54.455  2401  5497 I chatty  : uid=1000(system) Binder_D expire 12 lines
04-08 13:57:03.784  2401  4591 I chatty  : uid=1000(system) Binder_5 expire 6 lines
04-08 13:57:10.378  2401  5726 I chatty  : uid=1000(system) Binder_F expire 3 lines
04-08 13:57:14.515  2401  5504 I chatty  : uid=1000(system) Binder_E expire 12 lines
04-08 13:57:14.890  2401  5488 I chatty  : uid=1000(system) Binder_C expire 6 lines
04-08 13:57:26.304  2401  5317 I chatty  : uid=1000(system) Binder_8 expire 4 lines
04-08 13:57:29.810  2401  4190 I chatty  : uid=1000(system) ConnectivitySer expire 4 lines
04-08 13:57:40.822  2401  5354 I chatty  : uid=1000(system) Binder_9 expire 14 lines
04-08 13:57:46.332  2401  4640 I chatty  : uid=1000(system) Binder_6 expire 5 lines
04-08 13:57:50.853  2401  4918 I chatty  : uid=1000(system) Binder_7 expire 6 lines
04-08 13:57:56.364  2401  5468 I chatty  : uid=1000(system) Binder_B expire 8 lines
04-08 13:58:06.288  2401  4144 I chatty  : uid=1000(system) Binder_3 expire 3 lines
04-08 13:58:07.132  5941  5941 E ActivityThread: Service com.google.android.gms.nearby.discovery.service.DiscoveryService has leaked ServiceConnection android.bluetooth.BluetoothA2dp$2@7913074 that was originally bound here
04-08 13:58:07.132  5941  5941 E ActivityThread: android.app.ServiceConnectionLeaked: Service com.google.android.gms.nearby.discovery.service.DiscoveryService has leaked ServiceConnection android.bluetooth.BluetoothA2dp$2@7913074 that was originally bound here
04-08 13:58:07.132  5941  5941 E ActivityThread: 	at android.app.LoadedApk$ServiceDispatcher.<init>(LoadedApk.java:1096)
04-08 13:58:07.132  5941  5941 E ActivityThread: 	at android.app.LoadedApk.getServiceDispatcher(LoadedApk.java:990)
04-08 13:58:07.132  5941  5941 E ActivityThread: 	at android.app.ContextImpl.bindServiceCommon(ContextImpl.java:1289)
04-08 13:58:07.132  5941  5941 E ActivityThread: 	at android.app.ContextImpl.bindServiceAsUser(ContextImpl.java:1279)
04-08 13:58:07.132  5941  5941 E ActivityThread: 	at android.content.ContextWrapper.bindServiceAsUser(ContextWrapper.java:611)
04-08 13:58:07.132  5941  5941 E ActivityThread: 	at android.content.ContextWrapper.bindServiceAsUser(ContextWrapper.java:611)
04-08 13:58:07.132  5941  5941 E ActivityThread: 	at android.content.ContextWrapper.bindServiceAsUser(ContextWrapper.java:611)
04-08 13:58:07.132  5941  5941 E ActivityThread: 	at android.content.ContextWrapper.bindServiceAsUser(ContextWrapper.java:611)
04-08 13:58:07.132  5941  5941 E ActivityThread: 	at android.bluetooth.BluetoothA2dp.doBind(BluetoothA2dp.java:180)
04-08 13:58:07.132  5941  5941 E ActivityThread: 	at android.bluetooth.BluetoothA2dp.<init>(BluetoothA2dp.java:173)
04-08 13:58:07.132  5941  5941 E ActivityThread: 	at android.bluetooth.BluetoothAdapter.getProfileProxy(BluetoothAdapter.java:1939)
04-08 13:58:07.132  5941  5941 E ActivityThread: 	at bujr.<init>(:com.google.android.gms@200914018@20.09.14 (040308-300565878):7)
04-08 13:58:07.132  5941  5941 E ActivityThread: 	at aiae.a(:com.google.android.gms@200914018@20.09.14 (040308-300565878):61)
04-08 13:58:07.132  5941  5941 E ActivityThread: 	at ahpu.c(:com.google.android.gms@200914018@20.09.14 (040308-300565878):4)
04-08 13:58:07.132  5941  5941 E ActivityThread: 	at ahpu.b(:com.google.android.gms@200914018@20.09.14 (040308-300565878):3)
04-08 13:58:07.132  5941  5941 E ActivityThread: 	at ahpu.a(:com.google.android.gms@200914018@20.09.14 (040308-300565878):9)
04-08 13:58:07.132  5941  5941 E ActivityThread: 	at ahpu.a(:com.google.android.gms@200914018@20.09.14 (040308-300565878):8)
04-08 13:58:07.132  5941  5941 E ActivityThread: 	at aiex.<init>(:com.google.android.gms@200914018@20.09.14 (040308-300565878):7)
04-08 13:58:07.132  5941  5941 E ActivityThread: 	at aiae.a(:com.google.android.gms@200914018@20.09.14 (040308-300565878):34)
04-08 13:58:07.132  5941  5941 E ActivityThread: 	at ahpu.c(:com.google.android.gms@200914018@20.09.14 (040308-300565878):4)
04-08 13:58:07.132  5941  5941 E ActivityThread: 	at ahpu.b(:com.google.android.gms@200914018@20.09.14 (040308-300565878):3)
04-08 13:58:07.132  5941  5941 E ActivityThread: 	at ahpu.a(:com.google.android.gms@200914018@20.09.14 (040308-300565878):9)
04-08 13:58:07.132  5941  5941 E ActivityThread: 	at ahpu.a(:com.google.android.gms@200914018@20.09.14 (040308-300565878):8)
04-08 13:58:07.132  5941  5941 E ActivityThread: 	at aikt.<init>(:com.google.android.gms@200914018@20.09.14 (040308-300565878):7)
04-08 13:58:07.132  5941  5941 E ActivityThread: 	at aiae.a(:com.google.android.gms@200914018@20.09.14 (040308-300565878):63)
04-08 13:58:07.132  5941  5941 E ActivityThread: 	at ahpu.c(:com.google.android.gms@200914018@20.09.14 (040308-300565878):4)
04-08 13:58:07.132  5941  5941 E ActivityThread: 	at ahpu.b(:com.google.android.gms@200914018@20.09.14 (040308-300565878):3)
04-08 13:58:07.132  5941  5941 E ActivityThread: 	at ahpu.a(:com.google.android.gms@200914018@20.09.14 (040308-300565878):9)
04-08 13:58:07.132  5941  5941 E ActivityThread: 	at ahpu.a(:com.google.android.gms@200914018@20.09.14 (040308-300565878):8)
04-08 13:58:07.132  5941  5941 E ActivityThread: 	at com.google.android.gms.nearby.discovery.service.DiscoveryChimeraService.onCreate(:com.google.android.gms@200914018@20.09.14 (040308-300565878):2)
04-08 13:58:07.132  5941  5941 E ActivityThread: 	at dwl.onCreate(:com.google.android.gms@200914018@20.09.14 (040308-300565878):2)
04-08 13:58:07.132  5941  5941 E ActivityThread: 	at qww.onCreate(:com.google.android.gms@200914018@20.09.14 (040308-300565878):4)
04-08 13:58:07.132  5941  5941 E ActivityThread: 	at android.app.ActivityThread.handleCreateService(ActivityThread.java:2934)
04-08 13:58:07.132  5941  5941 E ActivityThread: 	at android.app.ActivityThread.access$1900(ActivityThread.java:154)
04-08 13:58:07.132  5941  5941 E ActivityThread: 	at android.app.ActivityThread$H.handleMessage(ActivityThread.java:1474)
04-08 13:58:07.132  5941  5941 E ActivityThread: 	at android.os.Handler.dispatchMessage(Handler.java:102)
04-08 13:58:07.132  5941  5941 E ActivityThread: 	at android.os.Looper.loop(Looper.java:234)
04-08 13:58:07.132  5941  5941 E ActivityThread: 	at android.app.ActivityThread.main(ActivityThread.java:5526)
04-08 13:58:07.132  5941  5941 E ActivityThread: 	at java.lang.reflect.Method.invoke(Native Method)
04-08 13:58:07.132  5941  5941 E ActivityThread: 	at com.android.internal.os.ZygoteInit$MethodAndArgsCaller.run(ZygoteInit.java:726)
04-08 13:58:07.132  5941  5941 E ActivityThread: 	at com.android.internal.os.ZygoteInit.main(ZygoteInit.java:616)
04-08 13:58:07.134  5941  5941 E ActivityThread: Service com.google.android.gms.nearby.discovery.service.DiscoveryService has leaked ServiceConnection android.bluetooth.BluetoothHeadset$2@ca8caf8 that was originally bound here
04-08 13:58:07.134  5941  5941 E ActivityThread: android.app.ServiceConnectionLeaked: Service com.google.android.gms.nearby.discovery.service.DiscoveryService has leaked ServiceConnection android.bluetooth.BluetoothHeadset$2@ca8caf8 that was originally bound here
04-08 13:58:07.134  5941  5941 E ActivityThread: 	at android.app.LoadedApk$ServiceDispatcher.<init>(LoadedApk.java:1096)
04-08 13:58:07.134  5941  5941 E ActivityThread: 	at android.app.LoadedApk.getServiceDispatcher(LoadedApk.java:990)
04-08 13:58:07.134  5941  5941 E ActivityThread: 	at android.app.ContextImpl.bindServiceCommon(ContextImpl.java:1289)
04-08 13:58:07.134  5941  5941 E ActivityThread: 	at android.app.ContextImpl.bindServiceAsUser(ContextImpl.java:1279)
04-08 13:58:07.134  5941  5941 E ActivityThread: 	at android.content.ContextWrapper.bindServiceAsUser(ContextWrapper.java:611)
04-08 13:58:07.134  5941  5941 E ActivityThread: 	at android.content.ContextWrapper.bindServiceAsUser(ContextWrapper.java:611)
04-08 13:58:07.134  5941  5941 E ActivityThread: 	at android.content.ContextWrapper.bindServiceAsUser(ContextWrapper.java:611)
04-08 13:58:07.134  5941  5941 E ActivityThread: 	at android.content.ContextWrapper.bindServiceAsUser(ContextWrapper.java:611)
04-08 13:58:07.134  5941  5941 E ActivityThread: 	at android.bluetooth.BluetoothHeadset.doBind(BluetoothHeadset.java:309)
04-08 13:58:07.134  5941  5941 E ActivityThread: 	at android.bluetooth.BluetoothHeadset.<init>(BluetoothHeadset.java:302)
04-08 13:58:07.134  5941  5941 E ActivityThread: 	at android.bluetooth.BluetoothAdapter.getProfileProxy(BluetoothAdapter.java:1936)
04-08 13:58:07.134  5941  5941 E ActivityThread: 	at bujr.<init>(:com.google.android.gms@200914018@20.09.14 (040308-300565878):7)
04-08 13:58:07.134  5941  5941 E ActivityThread: 	at aiae.a(:com.google.android.gms@200914018@20.09.14 (040308-300565878):61)
04-08 13:58:07.134  5941  5941 E ActivityThread: 	at ahpu.c(:com.google.android.gms@200914018@20.09.14 (040308-300565878):4)
04-08 13:58:07.134  5941  5941 E ActivityThread: 	at ahpu.b(:com.google.android.gms@200914018@20.09.14 (040308-300565878):3)
04-08 13:58:07.134  5941  5941 E ActivityThread: 	at ahpu.a(:com.google.android.gms@200914018@20.09.14 (040308-300565878):9)
04-08 13:58:07.134  5941  5941 E ActivityThread: 	at ahpu.a(:com.google.android.gms@200914018@20.09.14 (040308-300565878):8)
04-08 13:58:07.134  5941  5941 E ActivityThread: 	at aiex.<init>(:com.google.android.gms@200914018@20.09.14 (040308-300565878):7)
04-08 13:58:07.134  5941  5941 E ActivityThread: 	at aiae.a(:com.google.android.gms@200914018@20.09.14 (040308-300565878):34)
04-08 13:58:07.134  5941  5941 E ActivityThread: 	at ahpu.c(:com.google.android.gms@200914018@20.09.14 (040308-300565878):4)
04-08 13:58:07.134  5941  5941 E ActivityThread: 	at ahpu.b(:com.google.android.gms@200914018@20.09.14 (040308-300565878):3)
04-08 13:58:07.134  5941  5941 E ActivityThread: 	at ahpu.a(:com.google.android.gms@200914018@20.09.14 (040308-300565878):9)
04-08 13:58:07.134  5941  5941 E ActivityThread: 	at ahpu.a(:com.google.android.gms@200914018@20.09.14 (040308-300565878):8)
04-08 13:58:07.134  5941  5941 E ActivityThread: 	at aikt.<init>(:com.google.android.gms@200914018@20.09.14 (040308-300565878):7)
04-08 13:58:07.134  5941  5941 E ActivityThread: 	at aiae.a(:com.google.android.gms@200914018@20.09.14 (040308-300565878):63)
04-08 13:58:07.134  5941  5941 E ActivityThread: 	at ahpu.c(:com.google.android.gms@200914018@20.09.14 (040308-300565878):4)
04-08 13:58:07.134  5941  5941 E ActivityThread: 	at ahpu.b(:com.google.android.gms@200914018@20.09.14 (040308-300565878):3)
04-08 13:58:07.134  5941  5941 E ActivityThread: 	at ahpu.a(:com.google.android.gms@200914018@20.09.14 (040308-300565878):9)
04-08 13:58:07.134  5941  5941 E ActivityThread: 	at ahpu.a(:com.google.android.gms@200914018@20.09.14 (040308-300565878):8)
04-08 13:58:07.134  5941  5941 E ActivityThread: 	at com.google.android.gms.nearby.discovery.service.DiscoveryChimeraService.onCreate(:com.google.android.gms@200914018@20.09.14 (040308-300565878):2)
04-08 13:58:07.134  5941  5941 E ActivityThread: 	at dwl.onCreate(:com.google.android.gms@200914018@20.09.14 (040308-300565878):2)
04-08 13:58:07.134  5941  5941 E ActivityThread: 	at qww.onCreate(:com.google.android.gms@200914018@20.09.14 (040308-300565878):4)
04-08 13:58:07.134  5941  5941 E ActivityThread: 	at android.app.ActivityThread.handleCreateService(ActivityThread.java:2934)
04-08 13:58:07.134  5941  5941 E ActivityThread: 	at android.app.ActivityThread.access$1900(ActivityThread.java:154)
04-08 13:58:07.134  5941  5941 E ActivityThread: 	at android.app.ActivityThread$H.handleMessage(ActivityThread.java:1474)
04-08 13:58:07.134  5941  5941 E ActivityThread: 	at android.os.Handler.dispatchMessage(Handler.java:102)
04-08 13:58:07.134  5941  5941 E ActivityThread: 	at android.os.Looper.loop(Looper.java:234)
04-08 13:58:07.134  5941  5941 E ActivityThread: 	at android.app.ActivityThread.main(ActivityThread.java:5526)
04-08 13:58:07.134  5941  5941 E ActivityThread: 	at java.lang.reflect.Method.invoke(Native Method)
04-08 13:58:07.134  5941  5941 E ActivityThread: 	at com.android.internal.os.ZygoteInit$MethodAndArgsCaller.run(ZygoteInit.java:726)
04-08 13:58:07.134  5941  5941 E ActivityThread: 	at com.android.internal.os.ZygoteInit.main(ZygoteInit.java:616)
04-08 13:59:07.955  5941  5941 E ActivityThread: Service com.google.android.gms.nearby.discovery.service.DiscoveryService has leaked ServiceConnection android.bluetooth.BluetoothA2dp$2@3eb374 that was originally bound here
04-08 13:59:07.955  5941  5941 E ActivityThread: android.app.ServiceConnectionLeaked: Service com.google.android.gms.nearby.discovery.service.DiscoveryService has leaked ServiceConnection android.bluetooth.BluetoothA2dp$2@3eb374 that was originally bound here
04-08 13:59:07.955  5941  5941 E ActivityThread: 	at android.app.LoadedApk$ServiceDispatcher.<init>(LoadedApk.java:1096)
04-08 13:59:07.955  5941  5941 E ActivityThread: 	at android.app.LoadedApk.getServiceDispatcher(LoadedApk.java:990)
04-08 13:59:07.955  5941  5941 E ActivityThread: 	at android.app.ContextImpl.bindServiceCommon(ContextImpl.java:1289)
04-08 13:59:07.955  5941  5941 E ActivityThread: 	at android.app.ContextImpl.bindServiceAsUser(ContextImpl.java:1279)
04-08 13:59:07.955  5941  5941 E ActivityThread: 	at android.content.ContextWrapper.bindServiceAsUser(ContextWrapper.java:611)
04-08 13:59:07.955  5941  5941 E ActivityThread: 	at android.content.ContextWrapper.bindServiceAsUser(ContextWrapper.java:611)
04-08 13:59:07.955  5941  5941 E ActivityThread: 	at android.content.ContextWrapper.bindServiceAsUser(ContextWrapper.java:611)
04-08 13:59:07.955  5941  5941 E ActivityThread: 	at android.content.ContextWrapper.bindServiceAsUser(ContextWrapper.java:611)
04-08 13:59:07.955  5941  5941 E ActivityThread: 	at android.bluetooth.BluetoothA2dp.doBind(BluetoothA2dp.java:180)
04-08 13:59:07.955  5941  5941 E ActivityThread: 	at android.bluetooth.BluetoothA2dp.<init>(BluetoothA2dp.java:173)
04-08 13:59:07.955  5941  5941 E ActivityThread: 	at android.bluetooth.BluetoothAdapter.getProfileProxy(BluetoothAdapter.java:1939)
04-08 13:59:07.955  5941  5941 E ActivityThread: 	at bujr.<init>(:com.google.android.gms@200914018@20.09.14 (040308-300565878):7)
04-08 13:59:07.955  5941  5941 E ActivityThread: 	at aiae.a(:com.google.android.gms@200914018@20.09.14 (040308-300565878):61)
04-08 13:59:07.955  5941  5941 E ActivityThread: 	at ahpu.c(:com.google.android.gms@200914018@20.09.14 (040308-300565878):4)
04-08 13:59:07.955  5941  5941 E ActivityThread: 	at ahpu.b(:com.google.android.gms@200914018@20.09.14 (040308-300565878):3)
04-08 13:59:07.955  5941  5941 E ActivityThread: 	at ahpu.a(:com.google.android.gms@200914018@20.09.14 (040308-300565878):9)
04-08 13:59:07.955  5941  5941 E ActivityThread: 	at ahpu.a(:com.google.android.gms@200914018@20.09.14 (040308-300565878):8)
04-08 13:59:07.955  5941  5941 E ActivityThread: 	at aiex.<init>(:com.google.android.gms@200914018@20.09.14 (040308-300565878):7)
04-08 13:59:07.955  5941  5941 E ActivityThread: 	at aiae.a(:com.google.android.gms@200914018@20.09.14 (040308-300565878):34)
04-08 13:59:07.955  5941  5941 E ActivityThread: 	at ahpu.c(:com.google.android.gms@200914018@20.09.14 (040308-300565878):4)
04-08 13:59:07.955  5941  5941 E ActivityThread: 	at ahpu.b(:com.google.android.gms@200914018@20.09.14 (040308-300565878):3)
04-08 13:59:07.955  5941  5941 E ActivityThread: 	at ahpu.a(:com.google.android.gms@200914018@20.09.14 (040308-300565878):9)
04-08 13:59:07.955  5941  5941 E ActivityThread: 	at ahpu.a(:com.google.android.gms@200914018@20.09.14 (040308-300565878):8)
04-08 13:59:07.955  5941  5941 E ActivityThread: 	at aikt.<init>(:com.google.android.gms@200914018@20.09.14 (040308-300565878):7)
04-08 13:59:07.955  5941  5941 E ActivityThread: 	at aiae.a(:com.google.android.gms@200914018@20.09.14 (040308-300565878):63)
04-08 13:59:07.955  5941  5941 E ActivityThread: 	at ahpu.c(:com.google.android.gms@200914018@20.09.14 (040308-300565878):4)
04-08 13:59:07.955  5941  5941 E ActivityThread: 	at ahpu.b(:com.google.android.gms@200914018@20.09.14 (040308-300565878):3)
04-08 13:59:07.955  5941  5941 E ActivityThread: 	at ahpu.a(:com.google.android.gms@200914018@20.09.14 (040308-300565878):9)
04-08 13:59:07.955  5941  5941 E ActivityThread: 	at ahpu.a(:com.google.android.gms@200914018@20.09.14 (040308-300565878):8)
04-08 13:59:07.955  5941  5941 E ActivityThread: 	at com.google.android.gms.nearby.discovery.service.DiscoveryChimeraService.onCreate(:com.google.android.gms@200914018@20.09.14 (040308-300565878):2)
04-08 13:59:07.955  5941  5941 E ActivityThread: 	at dwl.onCreate(:com.google.android.gms@200914018@20.09.14 (040308-300565878):2)
04-08 13:59:07.955  5941  5941 E ActivityThread: 	at qww.onCreate(:com.google.android.gms@200914018@20.09.14 (040308-300565878):4)
04-08 13:59:07.955  5941  5941 E ActivityThread: 	at android.app.ActivityThread.handleCreateService(ActivityThread.java:2934)
04-08 13:59:07.955  5941  5941 E ActivityThread: 	at android.app.ActivityThread.access$1900(ActivityThread.java:154)
04-08 13:59:07.955  5941  5941 E ActivityThread: 	at android.app.ActivityThread$H.handleMessage(ActivityThread.java:1474)
04-08 13:59:07.955  5941  5941 E ActivityThread: 	at android.os.Handler.dispatchMessage(Handler.java:102)
04-08 13:59:07.955  5941  5941 E ActivityThread: 	at android.os.Looper.loop(Looper.java:234)
04-08 13:59:07.955  5941  5941 E ActivityThread: 	at android.app.ActivityThread.main(ActivityThread.java:5526)
04-08 13:59:07.955  5941  5941 E ActivityThread: 	at java.lang.reflect.Method.invoke(Native Method)
04-08 13:59:07.955  5941  5941 E ActivityThread: 	at com.android.internal.os.ZygoteInit$MethodAndArgsCaller.run(ZygoteInit.java:726)
04-08 13:59:07.955  5941  5941 E ActivityThread: 	at com.android.internal.os.ZygoteInit.main(ZygoteInit.java:616)
04-08 13:59:07.956  5941  5941 E ActivityThread: Service com.google.android.gms.nearby.discovery.service.DiscoveryService has leaked ServiceConnection android.bluetooth.BluetoothHeadset$2@cef7912 that was originally bound here
04-08 13:59:07.956  5941  5941 E ActivityThread: android.app.ServiceConnectionLeaked: Service com.google.android.gms.nearby.discovery.service.DiscoveryService has leaked ServiceConnection android.bluetooth.BluetoothHeadset$2@cef7912 that was originally bound here
04-08 13:59:07.956  5941  5941 E ActivityThread: 	at android.app.LoadedApk$ServiceDispatcher.<init>(LoadedApk.java:1096)
04-08 13:59:07.956  5941  5941 E ActivityThread: 	at android.app.LoadedApk.getServiceDispatcher(LoadedApk.java:990)
04-08 13:59:07.956  5941  5941 E ActivityThread: 	at android.app.ContextImpl.bindServiceCommon(ContextImpl.java:1289)
04-08 13:59:07.956  5941  5941 E ActivityThread: 	at android.app.ContextImpl.bindServiceAsUser(ContextImpl.java:1279)
04-08 13:59:07.956  5941  5941 E ActivityThread: 	at android.content.ContextWrapper.bindServiceAsUser(ContextWrapper.java:611)
04-08 13:59:07.956  5941  5941 E ActivityThread: 	at android.content.ContextWrapper.bindServiceAsUser(ContextWrapper.java:611)
04-08 13:59:07.956  5941  5941 E ActivityThread: 	at android.content.ContextWrapper.bindServiceAsUser(ContextWrapper.java:611)
04-08 13:59:07.956  5941  5941 E ActivityThread: 	at android.content.ContextWrapper.bindServiceAsUser(ContextWrapper.java:611)
04-08 13:59:07.956  5941  5941 E ActivityThread: 	at android.bluetooth.BluetoothHeadset.doBind(BluetoothHeadset.java:309)
04-08 13:59:07.956  5941  5941 E ActivityThread: 	at android.bluetooth.BluetoothHeadset.<init>(BluetoothHeadset.java:302)
04-08 13:59:07.956  5941  5941 E ActivityThread: 	at android.bluetooth.BluetoothAdapter.getProfileProxy(BluetoothAdapter.java:1936)
04-08 13:59:07.956  5941  5941 E ActivityThread: 	at bujr.<init>(:com.google.android.gms@200914018@20.09.14 (040308-300565878):7)
04-08 13:59:07.956  5941  5941 E ActivityThread: 	at aiae.a(:com.google.android.gms@200914018@20.09.14 (040308-300565878):61)
04-08 13:59:07.956  5941  5941 E ActivityThread: 	at ahpu.c(:com.google.android.gms@200914018@20.09.14 (040308-300565878):4)
04-08 13:59:07.956  5941  5941 E ActivityThread: 	at ahpu.b(:com.google.android.gms@200914018@20.09.14 (040308-300565878):3)
04-08 13:59:07.956  5941  5941 E ActivityThread: 	at ahpu.a(:com.google.android.gms@200914018@20.09.14 (040308-300565878):9)
04-08 13:59:07.956  5941  5941 E ActivityThread: 	at ahpu.a(:com.google.android.gms@200914018@20.09.14 (040308-300565878):8)
04-08 13:59:07.956  5941  5941 E ActivityThread: 	at aiex.<init>(:com.google.android.gms@200914018@20.09.14 (040308-300565878):7)
04-08 13:59:07.956  5941  5941 E ActivityThread: 	at aiae.a(:com.google.android.gms@200914018@20.09.14 (040308-300565878):34)
04-08 13:59:07.956  5941  5941 E ActivityThread: 	at ahpu.c(:com.google.android.gms@200914018@20.09.14 (040308-300565878):4)
04-08 13:59:07.956  5941  5941 E ActivityThread: 	at ahpu.b(:com.google.android.gms@200914018@20.09.14 (040308-300565878):3)
04-08 13:59:07.956  5941  5941 E ActivityThread: 	at ahpu.a(:com.google.android.gms@200914018@20.09.14 (040308-300565878):9)
04-08 13:59:07.956  5941  5941 E ActivityThread: 	at ahpu.a(:com.google.android.gms@200914018@20.09.14 (040308-300565878):8)
04-08 13:59:07.956  5941  5941 E ActivityThread: 	at aikt.<init>(:com.google.android.gms@200914018@20.09.14 (040308-300565878):7)
04-08 13:59:07.956  5941  5941 E ActivityThread: 	at aiae.a(:com.google.android.gms@200914018@20.09.14 (040308-300565878):63)
04-08 13:59:07.956  5941  5941 E ActivityThread: 	at ahpu.c(:com.google.android.gms@200914018@20.09.14 (040308-300565878):4)
04-08 13:59:07.956  5941  5941 E ActivityThread: 	at ahpu.b(:com.google.android.gms@200914018@20.09.14 (040308-300565878):3)
04-08 13:59:07.956  5941  5941 E ActivityThread: 	at ahpu.a(:com.google.android.gms@200914018@20.09.14 (040308-300565878):9)
04-08 13:59:07.956  5941  5941 E ActivityThread: 	at ahpu.a(:com.google.android.gms@200914018@20.09.14 (040308-300565878):8)
04-08 13:59:07.956  5941  5941 E ActivityThread: 	at com.google.android.gms.nearby.discovery.service.DiscoveryChimeraService.onCreate(:com.google.android.gms@200914018@20.09.14 (040308-300565878):2)
04-08 13:59:07.956  5941  5941 E ActivityThread: 	at dwl.onCreate(:com.google.android.gms@200914018@20.09.14 (040308-300565878):2)
04-08 13:59:07.956  5941  5941 E ActivityThread: 	at qww.onCreate(:com.google.android.gms@200914018@20.09.14 (040308-300565878):4)
04-08 13:59:07.956  5941  5941 E ActivityThread: 	at android.app.ActivityThread.handleCreateService(ActivityThread.java:2934)
04-08 13:59:07.956  5941  5941 E ActivityThread: 	at android.app.ActivityThread.access$1900(ActivityThread.java:154)
04-08 13:59:07.956  5941  5941 E ActivityThread: 	at android.app.ActivityThread$H.handleMessage(ActivityThread.java:1474)
04-08 13:59:07.956  5941  5941 E ActivityThread: 	at android.os.Handler.dispatchMessage(Handler.java:102)
04-08 13:59:07.956  5941  5941 E ActivityThread: 	at android.os.Looper.loop(Looper.java:234)
04-08 13:59:07.956  5941  5941 E ActivityThread: 	at android.app.ActivityThread.main(ActivityThread.java:5526)
04-08 13:59:07.956  5941  5941 E ActivityThread: 	at java.lang.reflect.Method.invoke(Native Method)
04-08 13:59:07.956  5941  5941 E ActivityThread: 	at com.android.internal.os.ZygoteInit$MethodAndArgsCaller.run(ZygoteInit.java:726)
04-08 13:59:07.956  5941  5941 E ActivityThread: 	at com.android.internal.os.ZygoteInit.main(ZygoteInit.java:616)
04-08 14:03:03.293  2401  2490 I chatty  : uid=1000(system) ActivityManager expire 11 lines
04-08 14:03:03.470 10094 10094 I chatty  : uid=1000(system) com.sonyericsson.tvout.mhl expire 2 lines
04-08 14:03:03.702  2401  4550 I chatty  : uid=1000(system) Binder_4 expire 5 lines
04-08 14:03:18.609  2401  2401 I chatty  : uid=1000 system_server expire 4 lines
04-08 14:03:43.010  2401  5435 I chatty  : uid=1000(system) Binder_A expire 9 lines
04-08 14:03:48.530  2401  6796 I chatty  : uid=1000(system) Binder_10 expire 5 lines
04-08 14:03:53.048  5941  5941 E ActivityThread: Service com.google.android.gms.nearby.discovery.service.DiscoveryService has leaked ServiceConnection android.bluetooth.BluetoothHeadset$2@959570f that was originally bound here
04-08 14:03:53.048  5941  5941 E ActivityThread: android.app.ServiceConnectionLeaked: Service com.google.android.gms.nearby.discovery.service.DiscoveryService has leaked ServiceConnection android.bluetooth.BluetoothHeadset$2@959570f that was originally bound here
04-08 14:03:53.048  5941  5941 E ActivityThread: 	at android.app.LoadedApk$ServiceDispatcher.<init>(LoadedApk.java:1096)
04-08 14:03:53.048  5941  5941 E ActivityThread: 	at android.app.LoadedApk.getServiceDispatcher(LoadedApk.java:990)
04-08 14:03:53.048  5941  5941 E ActivityThread: 	at android.app.ContextImpl.bindServiceCommon(ContextImpl.java:1289)
04-08 14:03:53.048  5941  5941 E ActivityThread: 	at android.app.ContextImpl.bindServiceAsUser(ContextImpl.java:1279)
04-08 14:03:53.048  5941  5941 E ActivityThread: 	at android.content.ContextWrapper.bindServiceAsUser(ContextWrapper.java:611)
04-08 14:03:53.048  5941  5941 E ActivityThread: 	at android.content.ContextWrapper.bindServiceAsUser(ContextWrapper.java:611)
04-08 14:03:53.048  5941  5941 E ActivityThread: 	at android.content.ContextWrapper.bindServiceAsUser(ContextWrapper.java:611)
04-08 14:03:53.048  5941  5941 E ActivityThread: 	at android.content.ContextWrapper.bindServiceAsUser(ContextWrapper.java:611)
04-08 14:03:53.048  5941  5941 E ActivityThread: 	at android.bluetooth.BluetoothHeadset.doBind(BluetoothHeadset.java:309)
04-08 14:03:53.048  5941  5941 E ActivityThread: 	at android.bluetooth.BluetoothHeadset.<init>(BluetoothHeadset.java:302)
04-08 14:03:53.048  5941  5941 E ActivityThread: 	at android.bluetooth.BluetoothAdapter.getProfileProxy(BluetoothAdapter.java:1936)
04-08 14:03:53.048  5941  5941 E ActivityThread: 	at bujr.<init>(:com.google.android.gms@200914018@20.09.14 (040308-300565878):7)
04-08 14:03:53.048  5941  5941 E ActivityThread: 	at aiae.a(:com.google.android.gms@200914018@20.09.14 (040308-300565878):61)
04-08 14:03:53.048  5941  5941 E ActivityThread: 	at ahpu.c(:com.google.android.gms@200914018@20.09.14 (040308-300565878):4)
04-08 14:03:53.048  5941  5941 E ActivityThread: 	at ahpu.b(:com.google.android.gms@200914018@20.09.14 (040308-300565878):3)
04-08 14:03:53.048  5941  5941 E ActivityThread: 	at ahpu.a(:com.google.android.gms@200914018@20.09.14 (040308-300565878):9)
04-08 14:03:53.048  5941  5941 E ActivityThread: 	at ahpu.a(:com.google.android.gms@200914018@20.09.14 (040308-300565878):8)
04-08 14:03:53.048  5941  5941 E ActivityThread: 	at aiex.<init>(:com.google.android.gms@200914018@20.09.14 (040308-300565878):7)
04-08 14:03:53.048  5941  5941 E ActivityThread: 	at aiae.a(:com.google.android.gms@200914018@20.09.14 (040308-300565878):34)
04-08 14:03:53.048  5941  5941 E ActivityThread: 	at ahpu.c(:com.google.android.gms@200914018@20.09.14 (040308-300565878):4)
04-08 14:03:53.048  5941  5941 E ActivityThread: 	at ahpu.b(:com.google.android.gms@200914018@20.09.14 (040308-300565878):3)
04-08 14:03:53.048  5941  5941 E ActivityThread: 	at ahpu.a(:com.google.android.gms@200914018@20.09.14 (040308-300565878):9)
04-08 14:03:53.048  5941  5941 E ActivityThread: 	at ahpu.a(:com.google.android.gms@200914018@20.09.14 (040308-300565878):8)
04-08 14:03:53.048  5941  5941 E ActivityThread: 	at aikt.<init>(:com.google.android.gms@200914018@20.09.14 (040308-300565878):7)
04-08 14:03:53.048  5941  5941 E ActivityThread: 	at aiae.a(:com.google.android.gms@200914018@20.09.14 (040308-300565878):63)
04-08 14:03:53.048  5941  5941 E ActivityThread: 	at ahpu.c(:com.google.android.gms@200914018@20.09.14 (040308-300565878):4)
04-08 14:03:53.048  5941  5941 E ActivityThread: 	at ahpu.b(:com.google.android.gms@200914018@20.09.14 (040308-300565878):3)
04-08 14:03:53.048  5941  5941 E ActivityThread: 	at ahpu.a(:com.google.android.gms@200914018@20.09.14 (040308-300565878):9)
04-08 14:03:53.048  5941  5941 E ActivityThread: 	at ahpu.a(:com.google.android.gms@200914018@20.09.14 (040308-300565878):8)
04-08 14:03:53.048  5941  5941 E ActivityThread: 	at com.google.android.gms.nearby.discovery.service.DiscoveryChimeraService.onCreate(:com.google.android.gms@200914018@20.09.14 (040308-300565878):2)
04-08 14:03:53.048  5941  5941 E ActivityThread: 	at dwl.onCreate(:com.google.android.gms@200914018@20.09.14 (040308-300565878):2)
04-08 14:03:53.048  5941  5941 E ActivityThread: 	at qww.onCreate(:com.google.android.gms@200914018@20.09.14 (040308-300565878):4)
04-08 14:03:53.048  5941  5941 E ActivityThread: 	at android.app.ActivityThread.handleCreateService(ActivityThread.java:2934)
04-08 14:03:53.048  5941  5941 E ActivityThread: 	at android.app.ActivityThread.access$1900(ActivityThread.java:154)
04-08 14:03:53.048  5941  5941 E ActivityThread: 	at android.app.ActivityThread$H.handleMessage(ActivityThread.java:1474)
04-08 14:03:53.048  5941  5941 E ActivityThread: 	at android.os.Handler.dispatchMessage(Handler.java:102)
04-08 14:03:53.048  5941  5941 E ActivityThread: 	at android.os.Looper.loop(Looper.java:234)
04-08 14:03:53.048  5941  5941 E ActivityThread: 	at android.app.ActivityThread.main(ActivityThread.java:5526)
04-08 14:03:53.048  5941  5941 E ActivityThread: 	at java.lang.reflect.Method.invoke(Native Method)
04-08 14:03:53.048  5941  5941 E ActivityThread: 	at com.android.internal.os.ZygoteInit$MethodAndArgsCaller.run(ZygoteInit.java:726)
04-08 14:03:53.048  5941  5941 E ActivityThread: 	at com.android.internal.os.ZygoteInit.main(ZygoteInit.java:616)
04-08 14:03:53.049  5941  5941 E ActivityThread: Service com.google.android.gms.nearby.discovery.service.DiscoveryService has leaked ServiceConnection android.bluetooth.BluetoothA2dp$2@b78c46e that was originally bound here
04-08 14:03:53.049  5941  5941 E ActivityThread: android.app.ServiceConnectionLeaked: Service com.google.android.gms.nearby.discovery.service.DiscoveryService has leaked ServiceConnection android.bluetooth.BluetoothA2dp$2@b78c46e that was originally bound here
04-08 14:03:53.049  5941  5941 E ActivityThread: 	at android.app.LoadedApk$ServiceDispatcher.<init>(LoadedApk.java:1096)
04-08 14:03:53.049  5941  5941 E ActivityThread: 	at android.app.LoadedApk.getServiceDispatcher(LoadedApk.java:990)
04-08 14:03:53.049  5941  5941 E ActivityThread: 	at android.app.ContextImpl.bindServiceCommon(ContextImpl.java:1289)
04-08 14:03:53.049  5941  5941 E ActivityThread: 	at android.app.ContextImpl.bindServiceAsUser(ContextImpl.java:1279)
04-08 14:03:53.049  5941  5941 E ActivityThread: 	at android.content.ContextWrapper.bindServiceAsUser(ContextWrapper.java:611)
04-08 14:03:53.049  5941  5941 E ActivityThread: 	at android.content.ContextWrapper.bindServiceAsUser(ContextWrapper.java:611)
04-08 14:03:53.049  5941  5941 E ActivityThread: 	at android.content.ContextWrapper.bindServiceAsUser(ContextWrapper.java:611)
04-08 14:03:53.049  5941  5941 E ActivityThread: 	at android.content.ContextWrapper.bindServiceAsUser(ContextWrapper.java:611)
04-08 14:03:53.049  5941  5941 E ActivityThread: 	at android.bluetooth.BluetoothA2dp.doBind(BluetoothA2dp.java:180)
04-08 14:03:53.049  5941  5941 E ActivityThread: 	at android.bluetooth.BluetoothA2dp.<init>(BluetoothA2dp.java:173)
04-08 14:03:53.049  5941  5941 E ActivityThread: 	at android.bluetooth.BluetoothAdapter.getProfileProxy(BluetoothAdapter.java:1939)
04-08 14:03:53.049  5941  5941 E ActivityThread: 	at bujr.<init>(:com.google.android.gms@200914018@20.09.14 (040308-300565878):7)
04-08 14:03:53.049  5941  5941 E ActivityThread: 	at aiae.a(:com.google.android.gms@200914018@20.09.14 (040308-300565878):61)
04-08 14:03:53.049  5941  5941 E ActivityThread: 	at ahpu.c(:com.google.android.gms@200914018@20.09.14 (040308-300565878):4)
04-08 14:03:53.049  5941  5941 E ActivityThread: 	at ahpu.b(:com.google.android.gms@200914018@20.09.14 (040308-300565878):3)
04-08 14:03:53.049  5941  5941 E ActivityThread: 	at ahpu.a(:com.google.android.gms@200914018@20.09.14 (040308-300565878):9)
04-08 14:03:53.049  5941  5941 E ActivityThread: 	at ahpu.a(:com.google.android.gms@200914018@20.09.14 (040308-300565878):8)
04-08 14:03:53.049  5941  5941 E ActivityThread: 	at aiex.<init>(:com.google.android.gms@200914018@20.09.14 (040308-300565878):7)
04-08 14:03:53.049  5941  5941 E ActivityThread: 	at aiae.a(:com.google.android.gms@200914018@20.09.14 (040308-300565878):34)
04-08 14:03:53.049  5941  5941 E ActivityThread: 	at ahpu.c(:com.google.android.gms@200914018@20.09.14 (040308-300565878):4)
04-08 14:03:53.049  5941  5941 E ActivityThread: 	at ahpu.b(:com.google.android.gms@200914018@20.09.14 (040308-300565878):3)
04-08 14:03:53.049  5941  5941 E ActivityThread: 	at ahpu.a(:com.google.android.gms@200914018@20.09.14 (040308-300565878):9)
04-08 14:03:53.049  5941  5941 E ActivityThread: 	at ahpu.a(:com.google.android.gms@200914018@20.09.14 (040308-300565878):8)
04-08 14:03:53.049  5941  5941 E ActivityThread: 	at aikt.<init>(:com.google.android.gms@200914018@20.09.14 (040308-300565878):7)
04-08 14:03:53.049  5941  5941 E ActivityThread: 	at aiae.a(:com.google.android.gms@200914018@20.09.14 (040308-300565878):63)
04-08 14:03:53.049  5941  5941 E ActivityThread: 	at ahpu.c(:com.google.android.gms@200914018@20.09.14 (040308-300565878):4)
04-08 14:03:53.049  5941  5941 E ActivityThread: 	at ahpu.b(:com.google.android.gms@200914018@20.09.14 (040308-300565878):3)
04-08 14:03:53.049  5941  5941 E ActivityThread: 	at ahpu.a(:com.google.android.gms@200914018@20.09.14 (040308-300565878):9)
04-08 14:03:53.049  5941  5941 E ActivityThread: 	at ahpu.a(:com.google.android.gms@200914018@20.09.14 (040308-300565878):8)
04-08 14:03:53.049  5941  5941 E ActivityThread: 	at com.google.android.gms.nearby.discovery.service.DiscoveryChimeraService.onCreate(:com.google.android.gms@200914018@20.09.14 (040308-300565878):2)
04-08 14:03:53.049  5941  5941 E ActivityThread: 	at dwl.onCreate(:com.google.android.gms@200914018@20.09.14 (040308-300565878):2)
04-08 14:03:53.049  5941  5941 E ActivityThread: 	at qww.onCreate(:com.google.android.gms@200914018@20.09.14 (040308-300565878):4)
04-08 14:03:53.049  5941  5941 E ActivityThread: 	at android.app.ActivityThread.handleCreateService(ActivityThread.java:2934)
04-08 14:03:53.049  5941  5941 E ActivityThread: 	at android.app.ActivityThread.access$1900(ActivityThread.java:154)
04-08 14:03:53.049  5941  5941 E ActivityThread: 	at android.app.ActivityThread$H.handleMessage(ActivityThread.java:1474)
04-08 14:03:53.049  5941  5941 E ActivityThread: 	at android.os.Handler.dispatchMessage(Handler.java:102)
04-08 14:03:53.049  5941  5941 E ActivityThread: 	at android.os.Looper.loop(Looper.java:234)
04-08 14:03:53.049  5941  5941 E ActivityThread: 	at android.app.ActivityThread.main(ActivityThread.java:5526)
04-08 14:03:53.049  5941  5941 E ActivityThread: 	at java.lang.reflect.Method.invoke(Native Method)
04-08 14:03:53.049  5941  5941 E ActivityThread: 	at com.android.internal.os.ZygoteInit$MethodAndArgsCaller.run(ZygoteInit.java:726)
04-08 14:03:53.049  5941  5941 E ActivityThread: 	at com.android.internal.os.ZygoteInit.main(ZygoteInit.java:616)
04-08 14:04:09.912  2401  2733 I chatty  : uid=1000(system) PackageManager expire 21 lines
04-08 14:04:16.961  2401  2418 I chatty  : uid=1000(system) Binder_2 expire 2 lines
04-08 14:04:17.095 10626 10626 I chatty  : uid=1000(system) com.android.keychain expire 1 line
04-08 14:04:17.167 10643 10643 W ActivityThread: Application com.google.android.gms.location.sample.locationupdates is waiting for the debugger on port 8100...
04-08 14:05:33.589 11519 11519 I chatty  : uid=1000(system) com.sonyericsson.tvout.mhl expire 6 lines
04-08 14:09:01.804  2401  2728 I chatty  : uid=1000(system) android.display expire 5 lines
04-08 14:09:33.337  2401  2733 I chatty  : uid=1000(system) PackageManager expire 41 lines
04-08 14:09:34.889  2401  4138 I chatty  : uid=1000(system) InputReader expire 1 line
04-08 14:09:34.893  2401  2730 I chatty  : uid=1000(system) PowerManagerSer expire 2 lines
04-08 14:09:38.701  2401  2490 I chatty  : uid=1000(system) ActivityManager expire 19 lines
04-08 14:09:38.721  2401  5468 I chatty  : uid=1000(system) Binder_B expire 8 lines
04-08 14:09:39.304  2401  5435 I chatty  : uid=1000(system) Binder_A expire 4 lines
04-08 14:09:40.411  2401  2401 I chatty  : uid=1000 system_server expire 6 lines
04-08 14:09:40.895  2401  4591 I chatty  : uid=1000(system) Binder_5 expire 10 lines
04-08 14:09:40.900  2401  5354 I chatty  : uid=1000(system) Binder_9 expire 6 lines
04-08 14:09:41.095 12626 12626 I chatty  : uid=1000(system) com.android.keychain expire 1 line
04-08 14:09:41.110  2401  5488 I chatty  : uid=1000(system) Binder_C expire 6 lines
04-08 14:09:41.157  2401  6796 I chatty  : uid=1000(system) Binder_10 expire 8 lines
04-08 14:09:41.530 12684 12684 W ActivityThread: Application com.google.android.gms.location.sample.locationupdates is waiting for the debugger on port 8100...
04-08 14:09:41.752  2401  4550 I chatty  : uid=1000(system) Binder_4 expire 6 lines
04-08 14:09:41.865  2401  4918 I chatty  : uid=1000(system) Binder_7 expire 10 lines
04-08 14:09:42.073  2401  5504 I chatty  : uid=1000(system) Binder_E expire 8 lines
04-08 14:09:42.474  2401  4144 I chatty  : uid=1000(system) Binder_3 expire 10 lines
04-08 14:09:42.726  2401  4640 I chatty  : uid=1000(system) Binder_6 expire 4 lines
04-08 14:09:43.111  2401  4189 I chatty  : uid=1000(system) WifiService expire 4 lines
04-08 14:09:43.978  2401  5497 I chatty  : uid=1000(system) Binder_D expire 3 lines
04-08 14:09:44.313  2401  2417 I chatty  : uid=1000(system) Binder_1 expire 2 lines
04-08 14:09:55.040  2401  5317 I chatty  : uid=1000(system) Binder_8 expire 5 lines
04-08 14:10:20.082  2401  2418 I chatty  : uid=1000(system) Binder_2 expire 3 lines
04-08 14:10:20.215 13441 13441 I chatty  : uid=1000(system) com.android.keychain expire 1 line
04-08 14:10:20.572 13493 13493 W ActivityThread: Application com.google.android.gms.location.sample.locationupdates is waiting for the debugger on port 8100...
04-08 14:10:20.743  2401  5726 I chatty  : uid=1000(system) Binder_F expire 2 lines
04-08 14:10:20.851  2401  4190 I chatty  : uid=1000(system) ConnectivitySer expire 4 lines
04-08 14:10:22.881  2401  2490 I chatty  : uid=1000(system) ActivityManager expire 2 lines
04-08 14:10:23.380  5427  5427 E ActivityThread: Performing stop of activity that is not resumed: {com.sonyericsson.home/com.sonymobile.home.HomeActivity}
04-08 14:10:23.380  5427  5427 E ActivityThread: java.lang.RuntimeException: Performing stop of activity that is not resumed: {com.sonyericsson.home/com.sonymobile.home.HomeActivity}
04-08 14:10:23.380  5427  5427 E ActivityThread: 	at android.app.ActivityThread.performStopActivityInner(ActivityThread.java:3564)
04-08 14:10:23.380  5427  5427 E ActivityThread: 	at android.app.ActivityThread.handleStopActivity(ActivityThread.java:3649)
04-08 14:10:23.380  5427  5427 E ActivityThread: 	at android.app.ActivityThread.access$1200(ActivityThread.java:154)
04-08 14:10:23.380  5427  5427 E ActivityThread: 	at android.app.ActivityThread$H.handleMessage(ActivityThread.java:1420)
04-08 14:10:23.380  5427  5427 E ActivityThread: 	at android.os.Handler.dispatchMessage(Handler.java:102)
04-08 14:10:23.380  5427  5427 E ActivityThread: 	at android.os.Looper.loop(Looper.java:234)
04-08 14:10:23.380  5427  5427 E ActivityThread: 	at android.app.ActivityThread.main(ActivityThread.java:5526)
04-08 14:10:23.380  5427  5427 E ActivityThread: 	at java.lang.reflect.Method.invoke(Native Method)
04-08 14:10:23.380  5427  5427 E ActivityThread: 	at com.android.internal.os.ZygoteInit$MethodAndArgsCaller.run(ZygoteInit.java:726)
04-08 14:10:23.380  5427  5427 E ActivityThread: 	at com.android.internal.os.ZygoteInit.main(ZygoteInit.java:616)
04-08 14:10:40.255  5941  5941 E ActivityThread: Service com.google.android.gms.nearby.discovery.service.DiscoveryService has leaked ServiceConnection android.bluetooth.BluetoothHeadset$2@8535ac5 that was originally bound here
04-08 14:10:40.255  5941  5941 E ActivityThread: android.app.ServiceConnectionLeaked: Service com.google.android.gms.nearby.discovery.service.DiscoveryService has leaked ServiceConnection android.bluetooth.BluetoothHeadset$2@8535ac5 that was originally bound here
04-08 14:10:40.255  5941  5941 E ActivityThread: 	at android.app.LoadedApk$ServiceDispatcher.<init>(LoadedApk.java:1096)
04-08 14:10:40.255  5941  5941 E ActivityThread: 	at android.app.LoadedApk.getServiceDispatcher(LoadedApk.java:990)
04-08 14:10:40.255  5941  5941 E ActivityThread: 	at android.app.ContextImpl.bindServiceCommon(ContextImpl.java:1289)
04-08 14:10:40.255  5941  5941 E ActivityThread: 	at android.app.ContextImpl.bindServiceAsUser(ContextImpl.java:1279)
04-08 14:10:40.255  5941  5941 E ActivityThread: 	at android.content.ContextWrapper.bindServiceAsUser(ContextWrapper.java:611)
04-08 14:10:40.255  5941  5941 E ActivityThread: 	at android.content.ContextWrapper.bindServiceAsUser(ContextWrapper.java:611)
04-08 14:10:40.255  5941  5941 E ActivityThread: 	at android.content.ContextWrapper.bindServiceAsUser(ContextWrapper.java:611)
04-08 14:10:40.255  5941  5941 E ActivityThread: 	at android.content.ContextWrapper.bindServiceAsUser(ContextWrapper.java:611)
04-08 14:10:40.255  5941  5941 E ActivityThread: 	at android.bluetooth.BluetoothHeadset.doBind(BluetoothHeadset.java:309)
04-08 14:10:40.255  5941  5941 E ActivityThread: 	at android.bluetooth.BluetoothHeadset.<init>(BluetoothHeadset.java:302)
04-08 14:10:40.255  5941  5941 E ActivityThread: 	at android.bluetooth.BluetoothAdapter.getProfileProxy(BluetoothAdapter.java:1936)
04-08 14:10:40.255  5941  5941 E ActivityThread: 	at bujr.<init>(:com.google.android.gms@200914018@20.09.14 (040308-300565878):7)
04-08 14:10:40.255  5941  5941 E ActivityThread: 	at aiae.a(:com.google.android.gms@200914018@20.09.14 (040308-300565878):61)
04-08 14:10:40.255  5941  5941 E ActivityThread: 	at ahpu.c(:com.google.android.gms@200914018@20.09.14 (040308-300565878):4)
04-08 14:10:40.255  5941  5941 E ActivityThread: 	at ahpu.b(:com.google.android.gms@200914018@20.09.14 (040308-300565878):3)
04-08 14:10:40.255  5941  5941 E ActivityThread: 	at ahpu.a(:com.google.android.gms@200914018@20.09.14 (040308-300565878):9)
04-08 14:10:40.255  5941  5941 E ActivityThread: 	at ahpu.a(:com.google.android.gms@200914018@20.09.14 (040308-300565878):8)
04-08 14:10:40.255  5941  5941 E ActivityThread: 	at aiex.<init>(:com.google.android.gms@200914018@20.09.14 (040308-300565878):7)
04-08 14:10:40.255  5941  5941 E ActivityThread: 	at aiae.a(:com.google.android.gms@200914018@20.09.14 (040308-300565878):34)
04-08 14:10:40.255  5941  5941 E ActivityThread: 	at ahpu.c(:com.google.android.gms@200914018@20.09.14 (040308-300565878):4)
04-08 14:10:40.255  5941  5941 E ActivityThread: 	at ahpu.b(:com.google.android.gms@200914018@20.09.14 (040308-300565878):3)
04-08 14:10:40.255  5941  5941 E ActivityThread: 	at ahpu.a(:com.google.android.gms@200914018@20.09.14 (040308-300565878):9)
04-08 14:10:40.255  5941  5941 E ActivityThread: 	at ahpu.a(:com.google.android.gms@200914018@20.09.14 (040308-300565878):8)
04-08 14:10:40.255  5941  5941 E ActivityThread: 	at aikt.<init>(:com.google.android.gms@200914018@20.09.14 (040308-300565878):7)
04-08 14:10:40.255  5941  5941 E ActivityThread: 	at aiae.a(:com.google.android.gms@200914018@20.09.14 (040308-300565878):63)
04-08 14:10:40.255  5941  5941 E ActivityThread: 	at ahpu.c(:com.google.android.gms@200914018@20.09.14 (040308-300565878):4)
04-08 14:10:40.255  5941  5941 E ActivityThread: 	at ahpu.b(:com.google.android.gms@200914018@20.09.14 (040308-300565878):3)
04-08 14:10:40.255  5941  5941 E ActivityThread: 	at ahpu.a(:com.google.android.gms@200914018@20.09.14 (040308-300565878):9)
04-08 14:10:40.255  5941  5941 E ActivityThread: 	at ahpu.a(:com.google.android.gms@200914018@20.09.14 (040308-300565878):8)
04-08 14:10:40.255  5941  5941 E ActivityThread: 	at com.google.android.gms.nearby.discovery.service.DiscoveryChimeraService.onCreate(:com.google.android.gms@200914018@20.09.14 (040308-300565878):2)
04-08 14:10:40.255  5941  5941 E ActivityThread: 	at dwl.onCreate(:com.google.android.gms@200914018@20.09.14 (040308-300565878):2)
04-08 14:10:40.255  5941  5941 E ActivityThread: 	at qww.onCreate(:com.google.android.gms@200914018@20.09.14 (040308-300565878):4)
04-08 14:10:40.255  5941  5941 E ActivityThread: 	at android.app.ActivityThread.handleCreateService(ActivityThread.java:2934)
04-08 14:10:40.255  5941  5941 E ActivityThread: 	at android.app.ActivityThread.access$1900(ActivityThread.java:154)
04-08 14:10:40.255  5941  5941 E ActivityThread: 	at android.app.ActivityThread$H.handleMessage(ActivityThread.java:1474)
04-08 14:10:40.255  5941  5941 E ActivityThread: 	at android.os.Handler.dispatchMessage(Handler.java:102)
04-08 14:10:40.255  5941  5941 E ActivityThread: 	at android.os.Looper.loop(Looper.java:234)
04-08 14:10:40.255  5941  5941 E ActivityThread: 	at android.app.ActivityThread.main(ActivityThread.java:5526)
04-08 14:10:40.255  5941  5941 E ActivityThread: 	at java.lang.reflect.Method.invoke(Native Method)
04-08 14:10:40.255  5941  5941 E ActivityThread: 	at com.android.internal.os.ZygoteInit$MethodAndArgsCaller.run(ZygoteInit.java:726)
04-08 14:10:40.255  5941  5941 E ActivityThread: 	at com.android.internal.os.ZygoteInit.main(ZygoteInit.java:616)
04-08 14:10:40.256  5941  5941 E ActivityThread: Service com.google.android.gms.nearby.discovery.service.DiscoveryService has leaked ServiceConnection android.bluetooth.BluetoothA2dp$2@8dc9cd3 that was originally bound here
04-08 14:10:40.256  5941  5941 E ActivityThread: android.app.ServiceConnectionLeaked: Service com.google.android.gms.nearby.discovery.service.DiscoveryService has leaked ServiceConnection android.bluetooth.BluetoothA2dp$2@8dc9cd3 that was originally bound here
04-08 14:10:40.256  5941  5941 E ActivityThread: 	at android.app.LoadedApk$ServiceDispatcher.<init>(LoadedApk.java:1096)
04-08 14:10:40.256  5941  5941 E ActivityThread: 	at android.app.LoadedApk.getServiceDispatcher(LoadedApk.java:990)
04-08 14:10:40.256  5941  5941 E ActivityThread: 	at android.app.ContextImpl.bindServiceCommon(ContextImpl.java:1289)
04-08 14:10:40.256  5941  5941 E ActivityThread: 	at android.app.ContextImpl.bindServiceAsUser(ContextImpl.java:1279)
04-08 14:10:40.256  5941  5941 E ActivityThread: 	at android.content.ContextWrapper.bindServiceAsUser(ContextWrapper.java:611)
04-08 14:10:40.256  5941  5941 E ActivityThread: 	at android.content.ContextWrapper.bindServiceAsUser(ContextWrapper.java:611)
04-08 14:10:40.256  5941  5941 E ActivityThread: 	at android.content.ContextWrapper.bindServiceAsUser(ContextWrapper.java:611)
04-08 14:10:40.256  5941  5941 E ActivityThread: 	at android.content.ContextWrapper.bindServiceAsUser(ContextWrapper.java:611)
04-08 14:10:40.256  5941  5941 E ActivityThread: 	at android.bluetooth.BluetoothA2dp.doBind(BluetoothA2dp.java:180)
04-08 14:10:40.256  5941  5941 E ActivityThread: 	at android.bluetooth.BluetoothA2dp.<init>(BluetoothA2dp.java:173)
04-08 14:10:40.256  5941  5941 E ActivityThread: 	at android.bluetooth.BluetoothAdapter.getProfileProxy(BluetoothAdapter.java:1939)
