04-08 14:10:40.256  5941  5941 E ActivityThread: 	at bujr.<init>(:com.google.android.gms@200914018@20.09.14 (040308-300565878):7)
04-08 14:10:40.256  5941  5941 E ActivityThread: 	at aiae.a(:com.google.android.gms@200914018@20.09.14 (040308-300565878):61)
04-08 14:10:40.256  5941  5941 E ActivityThread: 	at ahpu.c(:com.google.android.gms@200914018@20.09.14 (040308-300565878):4)
04-08 14:10:40.256  5941  5941 E ActivityThread: 	at ahpu.b(:com.google.android.gms@200914018@20.09.14 (040308-300565878):3)
04-08 14:10:40.256  5941  5941 E ActivityThread: 	at ahpu.a(:com.google.android.gms@200914018@20.09.14 (040308-300565878):9)
04-08 14:10:40.256  5941  5941 E ActivityThread: 	at ahpu.a(:com.google.android.gms@200914018@20.09.14 (040308-300565878):8)
04-08 14:10:40.256  5941  5941 E ActivityThread: 	at aiex.<init>(:com.google.android.gms@200914018@20.09.14 (040308-300565878):7)
04-08 14:10:40.256  5941  5941 E ActivityThread: 	at aiae.a(:com.google.android.gms@200914018@20.09.14 (040308-300565878):34)
04-08 14:10:40.256  5941  5941 E ActivityThread: 	at ahpu.c(:com.google.android.gms@200914018@20.09.14 (040308-300565878):4)
04-08 14:10:40.256  5941  5941 E ActivityThread: 	at ahpu.b(:com.google.android.gms@200914018@20.09.14 (040308-300565878):3)
04-08 14:10:40.256  5941  5941 E ActivityThread: 	at ahpu.a(:com.google.android.gms@200914018@20.09.14 (040308-300565878):9)
04-08 14:10:40.256  5941  5941 E ActivityThread: 	at ahpu.a(:com.google.android.gms@200914018@20.09.14 (040308-300565878):8)
04-08 14:10:40.256  5941  5941 E ActivityThread: 	at aikt.<init>(:com.google.android.gms@200914018@20.09.14 (040308-300565878):7)
04-08 14:10:40.256  5941  5941 E ActivityThread: 	at aiae.a(:com.google.android.gms@200914018@20.09.14 (040308-300565878):63)
04-08 14:10:40.256  5941  5941 E ActivityThread: 	at ahpu.c(:com.google.android.gms@200914018@20.09.14 (040308-300565878):4)
04-08 14:10:40.256  5941  5941 E ActivityThread: 	at ahpu.b(:com.google.android.gms@200914018@20.09.14 (040308-300565878):3)
04-08 14:10:40.256  5941  5941 E ActivityThread: 	at ahpu.a(:com.google.android.gms@200914018@20.09.14 (040308-300565878):9)
04-08 14:10:40.256  5941  5941 E ActivityThread: 	at ahpu.a(:com.google.android.gms@200914018@20.09.14 (040308-300565878):8)
04-08 14:10:40.256  5941  5941 E ActivityThread: 	at com.google.android.gms.nearby.discovery.service.DiscoveryChimeraService.onCreate(:com.google.android.gms@200914018@20.09.14 (040308-300565878):2)
04-08 14:10:40.256  5941  5941 E ActivityThread: 	at dwl.onCreate(:com.google.android.gms@200914018@20.09.14 (040308-300565878):2)
04-08 14:10:40.256  5941  5941 E ActivityThread: 	at qww.onCreate(:com.google.android.gms@200914018@20.09.14 (040308-300565878):4)
04-08 14:10:40.256  5941  5941 E ActivityThread: 	at android.app.ActivityThread.handleCreateService(ActivityThread.java:2934)
04-08 14:10:40.256  5941  5941 E ActivityThread: 	at android.app.ActivityThread.access$1900(ActivityThread.java:154)
04-08 14:10:40.256  5941  5941 E ActivityThread: 	at android.app.ActivityThread$H.handleMessage(ActivityThread.java:1474)
04-08 14:10:40.256  5941  5941 E ActivityThread: 	at android.os.Handler.dispatchMessage(Handler.java:102)
04-08 14:10:40.256  5941  5941 E ActivityThread: 	at android.os.Looper.loop(Looper.java:234)
04-08 14:10:40.256  5941  5941 E ActivityThread: 	at android.app.ActivityThread.main(ActivityThread.java:5526)
04-08 14:10:40.256  5941  5941 E ActivityThread: 	at java.lang.reflect.Method.invoke(Native Method)
04-08 14:10:40.256  5941  5941 E ActivityThread: 	at com.android.internal.os.ZygoteInit$MethodAndArgsCaller.run(ZygoteInit.java:726)
04-08 14:10:40.256  5941  5941 E ActivityThread: 	at com.android.internal.os.ZygoteInit.main(ZygoteInit.java:616)
04-08 14:10:47.645  5941  5941 E ActivityThread: Service com.google.android.gms.nearby.discovery.service.DiscoveryService has leaked ServiceConnection android.bluetooth.BluetoothHeadset$2@d51d39d that was originally bound here
04-08 14:10:47.645  5941  5941 E ActivityThread: android.app.ServiceConnectionLeaked: Service com.google.android.gms.nearby.discovery.service.DiscoveryService has leaked ServiceConnection android.bluetooth.BluetoothHeadset$2@d51d39d that was originally bound here
04-08 14:10:47.645  5941  5941 E ActivityThread: 	at android.app.LoadedApk$ServiceDispatcher.<init>(LoadedApk.java:1096)
04-08 14:10:47.645  5941  5941 E ActivityThread: 	at android.app.LoadedApk.getServiceDispatcher(LoadedApk.java:990)
04-08 14:10:47.645  5941  5941 E ActivityThread: 	at android.app.ContextImpl.bindServiceCommon(ContextImpl.java:1289)
04-08 14:10:47.645  5941  5941 E ActivityThread: 	at android.app.ContextImpl.bindServiceAsUser(ContextImpl.java:1279)
04-08 14:10:47.645  5941  5941 E ActivityThread: 	at android.content.ContextWrapper.bindServiceAsUser(ContextWrapper.java:611)
04-08 14:10:47.645  5941  5941 E ActivityThread: 	at android.content.ContextWrapper.bindServiceAsUser(ContextWrapper.java:611)
04-08 14:10:47.645  5941  5941 E ActivityThread: 	at android.content.ContextWrapper.bindServiceAsUser(ContextWrapper.java:611)
04-08 14:10:47.645  5941  5941 E ActivityThread: 	at android.content.ContextWrapper.bindServiceAsUser(ContextWrapper.java:611)
04-08 14:10:47.645  5941  5941 E ActivityThread: 	at android.bluetooth.BluetoothHeadset.doBind(BluetoothHeadset.java:309)
04-08 14:10:47.645  5941  5941 E ActivityThread: 	at android.bluetooth.BluetoothHeadset.<init>(BluetoothHeadset.java:302)
04-08 14:10:47.645  5941  5941 E ActivityThread: 	at android.bluetooth.BluetoothAdapter.getProfileProxy(BluetoothAdapter.java:1936)
04-08 14:10:47.645  5941  5941 E ActivityThread: 	at bujr.<init>(:com.google.android.gms@200914018@20.09.14 (040308-300565878):7)
04-08 14:10:47.645  5941  5941 E ActivityThread: 	at aiae.a(:com.google.android.gms@200914018@20.09.14 (040308-300565878):61)
04-08 14:10:47.645  5941  5941 E ActivityThread: 	at ahpu.c(:com.google.android.gms@200914018@20.09.14 (040308-300565878):4)
04-08 14:10:47.645  5941  5941 E ActivityThread: 	at ahpu.b(:com.google.android.gms@200914018@20.09.14 (040308-300565878):3)
04-08 14:10:47.645  5941  5941 E ActivityThread: 	at ahpu.a(:com.google.android.gms@200914018@20.09.14 (040308-300565878):9)
04-08 14:10:47.645  5941  5941 E ActivityThread: 	at ahpu.a(:com.google.android.gms@200914018@20.09.14 (040308-300565878):8)
04-08 14:10:47.645  5941  5941 E ActivityThread: 	at aiex.<init>(:com.google.android.gms@200914018@20.09.14 (040308-300565878):7)
04-08 14:10:47.645  5941  5941 E ActivityThread: 	at aiae.a(:com.google.android.gms@200914018@20.09.14 (040308-300565878):34)
04-08 14:10:47.645  5941  5941 E ActivityThread: 	at ahpu.c(:com.google.android.gms@200914018@20.09.14 (040308-300565878):4)
04-08 14:10:47.645  5941  5941 E ActivityThread: 	at ahpu.b(:com.google.android.gms@200914018@20.09.14 (040308-300565878):3)
04-08 14:10:47.645  5941  5941 E ActivityThread: 	at ahpu.a(:com.google.android.gms@200914018@20.09.14 (040308-300565878):9)
04-08 14:10:47.645  5941  5941 E ActivityThread: 	at ahpu.a(:com.google.android.gms@200914018@20.09.14 (040308-300565878):8)
04-08 14:10:47.645  5941  5941 E ActivityThread: 	at aikt.<init>(:com.google.android.gms@200914018@20.09.14 (040308-300565878):7)
04-08 14:10:47.645  5941  5941 E ActivityThread: 	at aiae.a(:com.google.android.gms@200914018@20.09.14 (040308-300565878):63)
04-08 14:10:47.645  5941  5941 E ActivityThread: 	at ahpu.c(:com.google.android.gms@200914018@20.09.14 (040308-300565878):4)
04-08 14:10:47.645  5941  5941 E ActivityThread: 	at ahpu.b(:com.google.android.gms@200914018@20.09.14 (040308-300565878):3)
04-08 14:10:47.645  5941  5941 E ActivityThread: 	at ahpu.a(:com.google.android.gms@200914018@20.09.14 (040308-300565878):9)
04-08 14:10:47.645  5941  5941 E ActivityThread: 	at ahpu.a(:com.google.android.gms@200914018@20.09.14 (040308-300565878):8)
04-08 14:10:47.645  5941  5941 E ActivityThread: 	at com.google.android.gms.nearby.discovery.service.DiscoveryChimeraService.onCreate(:com.google.android.gms@200914018@20.09.14 (040308-300565878):2)
04-08 14:10:47.645  5941  5941 E ActivityThread: 	at dwl.onCreate(:com.google.android.gms@200914018@20.09.14 (040308-300565878):2)
04-08 14:10:47.645  5941  5941 E ActivityThread: 	at qww.onCreate(:com.google.android.gms@200914018@20.09.14 (040308-300565878):4)
04-08 14:10:47.645  5941  5941 E ActivityThread: 	at android.app.ActivityThread.handleCreateService(ActivityThread.java:2934)
04-08 14:10:47.645  5941  5941 E ActivityThread: 	at android.app.ActivityThread.access$1900(ActivityThread.java:154)
04-08 14:10:47.645  5941  5941 E ActivityThread: 	at android.app.ActivityThread$H.handleMessage(ActivityThread.java:1474)
04-08 14:10:47.645  5941  5941 E ActivityThread: 	at android.os.Handler.dispatchMessage(Handler.java:102)
04-08 14:10:47.645  5941  5941 E ActivityThread: 	at android.os.Looper.loop(Looper.java:234)
04-08 14:10:47.645  5941  5941 E ActivityThread: 	at android.app.ActivityThread.main(ActivityThread.java:5526)
04-08 14:10:47.645  5941  5941 E ActivityThread: 	at java.lang.reflect.Method.invoke(Native Method)
04-08 14:10:47.645  5941  5941 E ActivityThread: 	at com.android.internal.os.ZygoteInit$MethodAndArgsCaller.run(ZygoteInit.java:726)
04-08 14:10:47.645  5941  5941 E ActivityThread: 	at com.android.internal.os.ZygoteInit.main(ZygoteInit.java:616)
04-08 14:10:47.646  5941  5941 E ActivityThread: Service com.google.android.gms.nearby.discovery.service.DiscoveryService has leaked ServiceConnection android.bluetooth.BluetoothA2dp$2@d764274 that was originally bound here
04-08 14:10:47.646  5941  5941 E ActivityThread: android.app.ServiceConnectionLeaked: Service com.google.android.gms.nearby.discovery.service.DiscoveryService has leaked ServiceConnection android.bluetooth.BluetoothA2dp$2@d764274 that was originally bound here
04-08 14:10:47.646  5941  5941 E ActivityThread: 	at android.app.LoadedApk$ServiceDispatcher.<init>(LoadedApk.java:1096)
04-08 14:10:47.646  5941  5941 E ActivityThread: 	at android.app.LoadedApk.getServiceDispatcher(LoadedApk.java:990)
04-08 14:10:47.646  5941  5941 E ActivityThread: 	at android.app.ContextImpl.bindServiceCommon(ContextImpl.java:1289)
04-08 14:10:47.646  5941  5941 E ActivityThread: 	at android.app.ContextImpl.bindServiceAsUser(ContextImpl.java:1279)
04-08 14:10:47.646  5941  5941 E ActivityThread: 	at android.content.ContextWrapper.bindServiceAsUser(ContextWrapper.java:611)
04-08 14:10:47.646  5941  5941 E ActivityThread: 	at android.content.ContextWrapper.bindServiceAsUser(ContextWrapper.java:611)
04-08 14:10:47.646  5941  5941 E ActivityThread: 	at android.content.ContextWrapper.bindServiceAsUser(ContextWrapper.java:611)
04-08 14:10:47.646  5941  5941 E ActivityThread: 	at android.content.ContextWrapper.bindServiceAsUser(ContextWrapper.java:611)
04-08 14:10:47.646  5941  5941 E ActivityThread: 	at android.bluetooth.BluetoothA2dp.doBind(BluetoothA2dp.java:180)
04-08 14:10:47.646  5941  5941 E ActivityThread: 	at android.bluetooth.BluetoothA2dp.<init>(BluetoothA2dp.java:173)
04-08 14:10:47.646  5941  5941 E ActivityThread: 	at android.bluetooth.BluetoothAdapter.getProfileProxy(BluetoothAdapter.java:1939)
04-08 14:10:47.646  5941  5941 E ActivityThread: 	at bujr.<init>(:com.google.android.gms@200914018@20.09.14 (040308-300565878):7)
04-08 14:10:47.646  5941  5941 E ActivityThread: 	at aiae.a(:com.google.android.gms@200914018@20.09.14 (040308-300565878):61)
04-08 14:10:47.646  5941  5941 E ActivityThread: 	at ahpu.c(:com.google.android.gms@200914018@20.09.14 (040308-300565878):4)
04-08 14:10:47.646  5941  5941 E ActivityThread: 	at ahpu.b(:com.google.android.gms@200914018@20.09.14 (040308-300565878):3)
04-08 14:10:47.646  5941  5941 E ActivityThread: 	at ahpu.a(:com.google.android.gms@200914018@20.09.14 (040308-300565878):9)
04-08 14:10:47.646  5941  5941 E ActivityThread: 	at ahpu.a(:com.google.android.gms@200914018@20.09.14 (040308-300565878):8)
04-08 14:10:47.646  5941  5941 E ActivityThread: 	at aiex.<init>(:com.google.android.gms@200914018@20.09.14 (040308-300565878):7)
04-08 14:10:47.646  5941  5941 E ActivityThread: 	at aiae.a(:com.google.android.gms@200914018@20.09.14 (040308-300565878):34)
04-08 14:10:47.646  5941  5941 E ActivityThread: 	at ahpu.c(:com.google.android.gms@200914018@20.09.14 (040308-300565878):4)
04-08 14:10:47.646  5941  5941 E ActivityThread: 	at ahpu.b(:com.google.android.gms@200914018@20.09.14 (040308-300565878):3)
04-08 14:10:47.646  5941  5941 E ActivityThread: 	at ahpu.a(:com.google.android.gms@200914018@20.09.14 (040308-300565878):9)
04-08 14:10:47.646  5941  5941 E ActivityThread: 	at ahpu.a(:com.google.android.gms@200914018@20.09.14 (040308-300565878):8)
04-08 14:10:47.646  5941  5941 E ActivityThread: 	at aikt.<init>(:com.google.android.gms@200914018@20.09.14 (040308-300565878):7)
04-08 14:10:47.646  5941  5941 E ActivityThread: 	at aiae.a(:com.google.android.gms@200914018@20.09.14 (040308-300565878):63)
04-08 14:10:47.646  5941  5941 E ActivityThread: 	at ahpu.c(:com.google.android.gms@200914018@20.09.14 (040308-300565878):4)
04-08 14:10:47.646  5941  5941 E ActivityThread: 	at ahpu.b(:com.google.android.gms@200914018@20.09.14 (040308-300565878):3)
04-08 14:10:47.646  5941  5941 E ActivityThread: 	at ahpu.a(:com.google.android.gms@200914018@20.09.14 (040308-300565878):9)
04-08 14:10:47.646  5941  5941 E ActivityThread: 	at ahpu.a(:com.google.android.gms@200914018@20.09.14 (040308-300565878):8)
04-08 14:10:47.646  5941  5941 E ActivityThread: 	at com.google.android.gms.nearby.discovery.service.DiscoveryChimeraService.onCreate(:com.google.android.gms@200914018@20.09.14 (040308-300565878):2)
04-08 14:10:47.646  5941  5941 E ActivityThread: 	at dwl.onCreate(:com.google.android.gms@200914018@20.09.14 (040308-300565878):2)
04-08 14:10:47.646  5941  5941 E ActivityThread: 	at qww.onCreate(:com.google.android.gms@200914018@20.09.14 (040308-300565878):4)
04-08 14:10:47.646  5941  5941 E ActivityThread: 	at android.app.ActivityThread.handleCreateService(ActivityThread.java:2934)
04-08 14:10:47.646  5941  5941 E ActivityThread: 	at android.app.ActivityThread.access$1900(ActivityThread.java:154)
04-08 14:10:47.646  5941  5941 E ActivityThread: 	at android.app.ActivityThread$H.handleMessage(ActivityThread.java:1474)
04-08 14:10:47.646  5941  5941 E ActivityThread: 	at android.os.Handler.dispatchMessage(Handler.java:102)
04-08 14:10:47.646  5941  5941 E ActivityThread: 	at android.os.Looper.loop(Looper.java:234)
04-08 14:10:47.646  5941  5941 E ActivityThread: 	at android.app.ActivityThread.main(ActivityThread.java:5526)
04-08 14:10:47.646  5941  5941 E ActivityThread: 	at java.lang.reflect.Method.invoke(Native Method)
04-08 14:10:47.646  5941  5941 E ActivityThread: 	at com.android.internal.os.ZygoteInit$MethodAndArgsCaller.run(ZygoteInit.java:726)
04-08 14:10:47.646  5941  5941 E ActivityThread: 	at com.android.internal.os.ZygoteInit.main(ZygoteInit.java:616)
04-08 14:11:02.558  2401  4122 I chatty  : uid=1000(system) AlarmManager expire 1 line
04-08 14:11:02.854  5941  5941 E ActivityThread: Service com.google.android.gms.nearby.discovery.service.DiscoveryService has leaked ServiceConnection android.bluetooth.BluetoothHeadset$2@88439b5 that was originally bound here
04-08 14:11:02.854  5941  5941 E ActivityThread: android.app.ServiceConnectionLeaked: Service com.google.android.gms.nearby.discovery.service.DiscoveryService has leaked ServiceConnection android.bluetooth.BluetoothHeadset$2@88439b5 that was originally bound here
04-08 14:11:02.854  5941  5941 E ActivityThread: 	at android.app.LoadedApk$ServiceDispatcher.<init>(LoadedApk.java:1096)
04-08 14:11:02.854  5941  5941 E ActivityThread: 	at android.app.LoadedApk.getServiceDispatcher(LoadedApk.java:990)
04-08 14:11:02.854  5941  5941 E ActivityThread: 	at android.app.ContextImpl.bindServiceCommon(ContextImpl.java:1289)
04-08 14:11:02.854  5941  5941 E ActivityThread: 	at android.app.ContextImpl.bindServiceAsUser(ContextImpl.java:1279)
04-08 14:11:02.854  5941  5941 E ActivityThread: 	at android.content.ContextWrapper.bindServiceAsUser(ContextWrapper.java:611)
04-08 14:11:02.854  5941  5941 E ActivityThread: 	at android.content.ContextWrapper.bindServiceAsUser(ContextWrapper.java:611)
04-08 14:11:02.854  5941  5941 E ActivityThread: 	at android.content.ContextWrapper.bindServiceAsUser(ContextWrapper.java:611)
04-08 14:11:02.854  5941  5941 E ActivityThread: 	at android.content.ContextWrapper.bindServiceAsUser(ContextWrapper.java:611)
04-08 14:11:02.854  5941  5941 E ActivityThread: 	at android.bluetooth.BluetoothHeadset.doBind(BluetoothHeadset.java:309)
04-08 14:11:02.854  5941  5941 E ActivityThread: 	at android.bluetooth.BluetoothHeadset.<init>(BluetoothHeadset.java:302)
04-08 14:11:02.854  5941  5941 E ActivityThread: 	at android.bluetooth.BluetoothAdapter.getProfileProxy(BluetoothAdapter.java:1936)
04-08 14:11:02.854  5941  5941 E ActivityThread: 	at bujr.<init>(:com.google.android.gms@200914018@20.09.14 (040308-300565878):7)
04-08 14:11:02.854  5941  5941 E ActivityThread: 	at aiae.a(:com.google.android.gms@200914018@20.09.14 (040308-300565878):61)
04-08 14:11:02.854  5941  5941 E ActivityThread: 	at ahpu.c(:com.google.android.gms@200914018@20.09.14 (040308-300565878):4)
04-08 14:11:02.854  5941  5941 E ActivityThread: 	at ahpu.b(:com.google.android.gms@200914018@20.09.14 (040308-300565878):3)
04-08 14:11:02.854  5941  5941 E ActivityThread: 	at ahpu.a(:com.google.android.gms@200914018@20.09.14 (040308-300565878):9)
04-08 14:11:02.854  5941  5941 E ActivityThread: 	at ahpu.a(:com.google.android.gms@200914018@20.09.14 (040308-300565878):8)
04-08 14:11:02.854  5941  5941 E ActivityThread: 	at aiex.<init>(:com.google.android.gms@200914018@20.09.14 (040308-300565878):7)
04-08 14:11:02.854  5941  5941 E ActivityThread: 	at aiae.a(:com.google.android.gms@200914018@20.09.14 (040308-300565878):34)
04-08 14:11:02.854  5941  5941 E ActivityThread: 	at ahpu.c(:com.google.android.gms@200914018@20.09.14 (040308-300565878):4)
04-08 14:11:02.854  5941  5941 E ActivityThread: 	at ahpu.b(:com.google.android.gms@200914018@20.09.14 (040308-300565878):3)
04-08 14:11:02.854  5941  5941 E ActivityThread: 	at ahpu.a(:com.google.android.gms@200914018@20.09.14 (040308-300565878):9)
04-08 14:11:02.854  5941  5941 E ActivityThread: 	at ahpu.a(:com.google.android.gms@200914018@20.09.14 (040308-300565878):8)
04-08 14:11:02.854  5941  5941 E ActivityThread: 	at aikt.<init>(:com.google.android.gms@200914018@20.09.14 (040308-300565878):7)
04-08 14:11:02.854  5941  5941 E ActivityThread: 	at aiae.a(:com.google.android.gms@200914018@20.09.14 (040308-300565878):63)
04-08 14:11:02.854  5941  5941 E ActivityThread: 	at ahpu.c(:com.google.android.gms@200914018@20.09.14 (040308-300565878):4)
04-08 14:11:02.854  5941  5941 E ActivityThread: 	at ahpu.b(:com.google.android.gms@200914018@20.09.14 (040308-300565878):3)
04-08 14:11:02.854  5941  5941 E ActivityThread: 	at ahpu.a(:com.google.android.gms@200914018@20.09.14 (040308-300565878):9)
04-08 14:11:02.854  5941  5941 E ActivityThread: 	at ahpu.a(:com.google.android.gms@200914018@20.09.14 (040308-300565878):8)
04-08 14:11:02.854  5941  5941 E ActivityThread: 	at com.google.android.gms.nearby.discovery.service.DiscoveryChimeraService.onCreate(:com.google.android.gms@200914018@20.09.14 (040308-300565878):2)
04-08 14:11:02.854  5941  5941 E ActivityThread: 	at dwl.onCreate(:com.google.android.gms@200914018@20.09.14 (040308-300565878):2)
04-08 14:11:02.854  5941  5941 E ActivityThread: 	at qww.onCreate(:com.google.android.gms@200914018@20.09.14 (040308-300565878):4)
04-08 14:11:02.854  5941  5941 E ActivityThread: 	at android.app.ActivityThread.handleCreateService(ActivityThread.java:2934)
04-08 14:11:02.854  5941  5941 E ActivityThread: 	at android.app.ActivityThread.access$1900(ActivityThread.java:154)
04-08 14:11:02.854  5941  5941 E ActivityThread: 	at android.app.ActivityThread$H.handleMessage(ActivityThread.java:1474)
04-08 14:11:02.854  5941  5941 E ActivityThread: 	at android.os.Handler.dispatchMessage(Handler.java:102)
04-08 14:11:02.854  5941  5941 E ActivityThread: 	at android.os.Looper.loop(Looper.java:234)
04-08 14:11:02.854  5941  5941 E ActivityThread: 	at android.app.ActivityThread.main(ActivityThread.java:5526)
04-08 14:11:02.854  5941  5941 E ActivityThread: 	at java.lang.reflect.Method.invoke(Native Method)
04-08 14:11:02.854  5941  5941 E ActivityThread: 	at com.android.internal.os.ZygoteInit$MethodAndArgsCaller.run(ZygoteInit.java:726)
04-08 14:11:02.854  5941  5941 E ActivityThread: 	at com.android.internal.os.ZygoteInit.main(ZygoteInit.java:616)
04-08 14:11:02.855  5941  5941 E ActivityThread: Service com.google.android.gms.nearby.discovery.service.DiscoveryService has leaked ServiceConnection android.bluetooth.BluetoothA2dp$2@c53a63e that was originally bound here
04-08 14:11:02.855  5941  5941 E ActivityThread: android.app.ServiceConnectionLeaked: Service com.google.android.gms.nearby.discovery.service.DiscoveryService has leaked ServiceConnection android.bluetooth.BluetoothA2dp$2@c53a63e that was originally bound here
04-08 14:11:02.855  5941  5941 E ActivityThread: 	at android.app.LoadedApk$ServiceDispatcher.<init>(LoadedApk.java:1096)
04-08 14:11:02.855  5941  5941 E ActivityThread: 	at android.app.LoadedApk.getServiceDispatcher(LoadedApk.java:990)
04-08 14:11:02.855  5941  5941 E ActivityThread: 	at android.app.ContextImpl.bindServiceCommon(ContextImpl.java:1289)
04-08 14:11:02.855  5941  5941 E ActivityThread: 	at android.app.ContextImpl.bindServiceAsUser(ContextImpl.java:1279)
04-08 14:11:02.855  5941  5941 E ActivityThread: 	at android.content.ContextWrapper.bindServiceAsUser(ContextWrapper.java:611)
04-08 14:11:02.855  5941  5941 E ActivityThread: 	at android.content.ContextWrapper.bindServiceAsUser(ContextWrapper.java:611)
04-08 14:11:02.855  5941  5941 E ActivityThread: 	at android.content.ContextWrapper.bindServiceAsUser(ContextWrapper.java:611)
04-08 14:11:02.855  5941  5941 E ActivityThread: 	at android.content.ContextWrapper.bindServiceAsUser(ContextWrapper.java:611)
04-08 14:11:02.855  5941  5941 E ActivityThread: 	at android.bluetooth.BluetoothA2dp.doBind(BluetoothA2dp.java:180)
04-08 14:11:02.855  5941  5941 E ActivityThread: 	at android.bluetooth.BluetoothA2dp.<init>(BluetoothA2dp.java:173)
04-08 14:11:02.855  5941  5941 E ActivityThread: 	at android.bluetooth.BluetoothAdapter.getProfileProxy(BluetoothAdapter.java:1939)
04-08 14:11:02.855  5941  5941 E ActivityThread: 	at bujr.<init>(:com.google.android.gms@200914018@20.09.14 (040308-300565878):7)
04-08 14:11:02.855  5941  5941 E ActivityThread: 	at aiae.a(:com.google.android.gms@200914018@20.09.14 (040308-300565878):61)
04-08 14:11:02.855  5941  5941 E ActivityThread: 	at ahpu.c(:com.google.android.gms@200914018@20.09.14 (040308-300565878):4)
04-08 14:11:02.855  5941  5941 E ActivityThread: 	at ahpu.b(:com.google.android.gms@200914018@20.09.14 (040308-300565878):3)
04-08 14:11:02.855  5941  5941 E ActivityThread: 	at ahpu.a(:com.google.android.gms@200914018@20.09.14 (040308-300565878):9)
04-08 14:11:02.855  5941  5941 E ActivityThread: 	at ahpu.a(:com.google.android.gms@200914018@20.09.14 (040308-300565878):8)
04-08 14:11:02.855  5941  5941 E ActivityThread: 	at aiex.<init>(:com.google.android.gms@200914018@20.09.14 (040308-300565878):7)
04-08 14:11:02.855  5941  5941 E ActivityThread: 	at aiae.a(:com.google.android.gms@200914018@20.09.14 (040308-300565878):34)
04-08 14:11:02.855  5941  5941 E ActivityThread: 	at ahpu.c(:com.google.android.gms@200914018@20.09.14 (040308-300565878):4)
04-08 14:11:02.855  5941  5941 E ActivityThread: 	at ahpu.b(:com.google.android.gms@200914018@20.09.14 (040308-300565878):3)
04-08 14:11:02.855  5941  5941 E ActivityThread: 	at ahpu.a(:com.google.android.gms@200914018@20.09.14 (040308-300565878):9)
04-08 14:11:02.855  5941  5941 E ActivityThread: 	at ahpu.a(:com.google.android.gms@200914018@20.09.14 (040308-300565878):8)
04-08 14:11:02.855  5941  5941 E ActivityThread: 	at aikt.<init>(:com.google.android.gms@200914018@20.09.14 (040308-300565878):7)
04-08 14:11:02.855  5941  5941 E ActivityThread: 	at aiae.a(:com.google.android.gms@200914018@20.09.14 (040308-300565878):63)
04-08 14:11:02.855  5941  5941 E ActivityThread: 	at ahpu.c(:com.google.android.gms@200914018@20.09.14 (040308-300565878):4)
04-08 14:11:02.855  5941  5941 E ActivityThread: 	at ahpu.b(:com.google.android.gms@200914018@20.09.14 (040308-300565878):3)
04-08 14:11:02.855  5941  5941 E ActivityThread: 	at ahpu.a(:com.google.android.gms@200914018@20.09.14 (040308-300565878):9)
04-08 14:11:02.855  5941  5941 E ActivityThread: 	at ahpu.a(:com.google.android.gms@200914018@20.09.14 (040308-300565878):8)
04-08 14:11:02.855  5941  5941 E ActivityThread: 	at com.google.android.gms.nearby.discovery.service.DiscoveryChimeraService.onCreate(:com.google.android.gms@200914018@20.09.14 (040308-300565878):2)
04-08 14:11:02.855  5941  5941 E ActivityThread: 	at dwl.onCreate(:com.google.android.gms@200914018@20.09.14 (040308-300565878):2)
04-08 14:11:02.855  5941  5941 E ActivityThread: 	at qww.onCreate(:com.google.android.gms@200914018@20.09.14 (040308-300565878):4)
04-08 14:11:02.855  5941  5941 E ActivityThread: 	at android.app.ActivityThread.handleCreateService(ActivityThread.java:2934)
04-08 14:11:02.855  5941  5941 E ActivityThread: 	at android.app.ActivityThread.access$1900(ActivityThread.java:154)
04-08 14:11:02.855  5941  5941 E ActivityThread: 	at android.app.ActivityThread$H.handleMessage(ActivityThread.java:1474)
04-08 14:11:02.855  5941  5941 E ActivityThread: 	at android.os.Handler.dispatchMessage(Handler.java:102)
04-08 14:11:02.855  5941  5941 E ActivityThread: 	at android.os.Looper.loop(Looper.java:234)
04-08 14:11:02.855  5941  5941 E ActivityThread: 	at android.app.ActivityThread.main(ActivityThread.java:5526)
04-08 14:11:02.855  5941  5941 E ActivityThread: 	at java.lang.reflect.Method.invoke(Native Method)
04-08 14:11:02.855  5941  5941 E ActivityThread: 	at com.android.internal.os.ZygoteInit$MethodAndArgsCaller.run(ZygoteInit.java:726)
04-08 14:11:02.855  5941  5941 E ActivityThread: 	at com.android.internal.os.ZygoteInit.main(ZygoteInit.java:616)
04-08 14:11:06.938  2401  5504 I chatty  : uid=1000(system) Binder_E expire 3 lines
04-08 14:11:06.960  2401  2490 I chatty  : uid=1000(system) ActivityManager expire 15 lines
04-08 14:11:07.028  2401  5354 I chatty  : uid=1000(system) Binder_9 expire 7 lines
04-08 14:11:07.166  2401  5497 I chatty  : uid=1000(system) Binder_D expire 4 lines
04-08 14:11:08.675  2401  4591 I chatty  : uid=1000(system) Binder_5 expire 6 lines
04-08 14:11:11.337  2401  6796 I chatty  : uid=1000(system) Binder_10 expire 3 lines
04-08 14:11:16.872  2401  4550 I chatty  : uid=1000(system) Binder_4 expire 9 lines
04-08 14:11:18.381  2401  4190 I chatty  : uid=1000(system) ConnectivitySer expire 2 lines
04-08 14:11:20.641  2401  2401 I chatty  : uid=1000 system_server expire 5 lines
04-08 14:11:28.224  5941  5941 E ActivityThread: Service com.google.android.gms.nearby.discovery.service.DiscoveryService has leaked ServiceConnection android.bluetooth.BluetoothA2dp$2@30e9eb1 that was originally bound here
04-08 14:11:28.224  5941  5941 E ActivityThread: android.app.ServiceConnectionLeaked: Service com.google.android.gms.nearby.discovery.service.DiscoveryService has leaked ServiceConnection android.bluetooth.BluetoothA2dp$2@30e9eb1 that was originally bound here
04-08 14:11:28.224  5941  5941 E ActivityThread: 	at android.app.LoadedApk$ServiceDispatcher.<init>(LoadedApk.java:1096)
04-08 14:11:28.224  5941  5941 E ActivityThread: 	at android.app.LoadedApk.getServiceDispatcher(LoadedApk.java:990)
04-08 14:11:28.224  5941  5941 E ActivityThread: 	at android.app.ContextImpl.bindServiceCommon(ContextImpl.java:1289)
04-08 14:11:28.224  5941  5941 E ActivityThread: 	at android.app.ContextImpl.bindServiceAsUser(ContextImpl.java:1279)
04-08 14:11:28.224  5941  5941 E ActivityThread: 	at android.content.ContextWrapper.bindServiceAsUser(ContextWrapper.java:611)
04-08 14:11:28.224  5941  5941 E ActivityThread: 	at android.content.ContextWrapper.bindServiceAsUser(ContextWrapper.java:611)
04-08 14:11:28.224  5941  5941 E ActivityThread: 	at android.content.ContextWrapper.bindServiceAsUser(ContextWrapper.java:611)
04-08 14:11:28.224  5941  5941 E ActivityThread: 	at android.content.ContextWrapper.bindServiceAsUser(ContextWrapper.java:611)
04-08 14:11:28.224  5941  5941 E ActivityThread: 	at android.bluetooth.BluetoothA2dp.doBind(BluetoothA2dp.java:180)
04-08 14:11:28.224  5941  5941 E ActivityThread: 	at android.bluetooth.BluetoothA2dp.<init>(BluetoothA2dp.java:173)
04-08 14:11:28.224  5941  5941 E ActivityThread: 	at android.bluetooth.BluetoothAdapter.getProfileProxy(BluetoothAdapter.java:1939)
04-08 14:11:28.224  5941  5941 E ActivityThread: 	at bujr.<init>(:com.google.android.gms@200914018@20.09.14 (040308-300565878):7)
04-08 14:11:28.224  5941  5941 E ActivityThread: 	at aiae.a(:com.google.android.gms@200914018@20.09.14 (040308-300565878):61)
04-08 14:11:28.224  5941  5941 E ActivityThread: 	at ahpu.c(:com.google.android.gms@200914018@20.09.14 (040308-300565878):4)
04-08 14:11:28.224  5941  5941 E ActivityThread: 	at ahpu.b(:com.google.android.gms@200914018@20.09.14 (040308-300565878):3)
04-08 14:11:28.224  5941  5941 E ActivityThread: 	at ahpu.a(:com.google.android.gms@200914018@20.09.14 (040308-300565878):9)
04-08 14:11:28.224  5941  5941 E ActivityThread: 	at ahpu.a(:com.google.android.gms@200914018@20.09.14 (040308-300565878):8)
04-08 14:11:28.224  5941  5941 E ActivityThread: 	at aiex.<init>(:com.google.android.gms@200914018@20.09.14 (040308-300565878):7)
04-08 14:11:28.224  5941  5941 E ActivityThread: 	at aiae.a(:com.google.android.gms@200914018@20.09.14 (040308-300565878):34)
04-08 14:11:28.224  5941  5941 E ActivityThread: 	at ahpu.c(:com.google.android.gms@200914018@20.09.14 (040308-300565878):4)
04-08 14:11:28.224  5941  5941 E ActivityThread: 	at ahpu.b(:com.google.android.gms@200914018@20.09.14 (040308-300565878):3)
04-08 14:11:28.224  5941  5941 E ActivityThread: 	at ahpu.a(:com.google.android.gms@200914018@20.09.14 (040308-300565878):9)
04-08 14:11:28.224  5941  5941 E ActivityThread: 	at ahpu.a(:com.google.android.gms@200914018@20.09.14 (040308-300565878):8)
04-08 14:11:28.224  5941  5941 E ActivityThread: 	at aikt.<init>(:com.google.android.gms@200914018@20.09.14 (040308-300565878):7)
04-08 14:11:28.224  5941  5941 E ActivityThread: 	at aiae.a(:com.google.android.gms@200914018@20.09.14 (040308-300565878):63)
04-08 14:11:28.224  5941  5941 E ActivityThread: 	at ahpu.c(:com.google.android.gms@200914018@20.09.14 (040308-300565878):4)
04-08 14:11:28.224  5941  5941 E ActivityThread: 	at ahpu.b(:com.google.android.gms@200914018@20.09.14 (040308-300565878):3)
04-08 14:11:28.224  5941  5941 E ActivityThread: 	at ahpu.a(:com.google.android.gms@200914018@20.09.14 (040308-300565878):9)
04-08 14:11:28.224  5941  5941 E ActivityThread: 	at ahpu.a(:com.google.android.gms@200914018@20.09.14 (040308-300565878):8)
04-08 14:11:28.224  5941  5941 E ActivityThread: 	at com.google.android.gms.nearby.discovery.service.DiscoveryChimeraService.onCreate(:com.google.android.gms@200914018@20.09.14 (040308-300565878):2)
04-08 14:11:28.224  5941  5941 E ActivityThread: 	at dwl.onCreate(:com.google.android.gms@200914018@20.09.14 (040308-300565878):2)
04-08 14:11:28.224  5941  5941 E ActivityThread: 	at qww.onCreate(:com.google.android.gms@200914018@20.09.14 (040308-300565878):4)
04-08 14:11:28.224  5941  5941 E ActivityThread: 	at android.app.ActivityThread.handleCreateService(ActivityThread.java:2934)
04-08 14:11:28.224  5941  5941 E ActivityThread: 	at android.app.ActivityThread.access$1900(ActivityThread.java:154)
04-08 14:11:28.224  5941  5941 E ActivityThread: 	at android.app.ActivityThread$H.handleMessage(ActivityThread.java:1474)
04-08 14:11:28.224  5941  5941 E ActivityThread: 	at android.os.Handler.dispatchMessage(Handler.java:102)
04-08 14:11:28.224  5941  5941 E ActivityThread: 	at android.os.Looper.loop(Looper.java:234)
04-08 14:11:28.224  5941  5941 E ActivityThread: 	at android.app.ActivityThread.main(ActivityThread.java:5526)
04-08 14:11:28.224  5941  5941 E ActivityThread: 	at java.lang.reflect.Method.invoke(Native Method)
04-08 14:11:28.224  5941  5941 E ActivityThread: 	at com.android.internal.os.ZygoteInit$MethodAndArgsCaller.run(ZygoteInit.java:726)
04-08 14:11:28.224  5941  5941 E ActivityThread: 	at com.android.internal.os.ZygoteInit.main(ZygoteInit.java:616)
04-08 14:11:28.225  5941  5941 E ActivityThread: Service com.google.android.gms.nearby.discovery.service.DiscoveryService has leaked ServiceConnection android.bluetooth.BluetoothHeadset$2@9515704 that was originally bound here
04-08 14:11:28.225  5941  5941 E ActivityThread: android.app.ServiceConnectionLeaked: Service com.google.android.gms.nearby.discovery.service.DiscoveryService has leaked ServiceConnection android.bluetooth.BluetoothHeadset$2@9515704 that was originally bound here
04-08 14:11:28.225  5941  5941 E ActivityThread: 	at android.app.LoadedApk$ServiceDispatcher.<init>(LoadedApk.java:1096)
04-08 14:11:28.225  5941  5941 E ActivityThread: 	at android.app.LoadedApk.getServiceDispatcher(LoadedApk.java:990)
04-08 14:11:28.225  5941  5941 E ActivityThread: 	at android.app.ContextImpl.bindServiceCommon(ContextImpl.java:1289)
04-08 14:11:28.225  5941  5941 E ActivityThread: 	at android.app.ContextImpl.bindServiceAsUser(ContextImpl.java:1279)
04-08 14:11:28.225  5941  5941 E ActivityThread: 	at android.content.ContextWrapper.bindServiceAsUser(ContextWrapper.java:611)
04-08 14:11:28.225  5941  5941 E ActivityThread: 	at android.content.ContextWrapper.bindServiceAsUser(ContextWrapper.java:611)
04-08 14:11:28.225  5941  5941 E ActivityThread: 	at android.content.ContextWrapper.bindServiceAsUser(ContextWrapper.java:611)
04-08 14:11:28.225  5941  5941 E ActivityThread: 	at android.content.ContextWrapper.bindServiceAsUser(ContextWrapper.java:611)
04-08 14:11:28.225  5941  5941 E ActivityThread: 	at android.bluetooth.BluetoothHeadset.doBind(BluetoothHeadset.java:309)
04-08 14:11:28.225  5941  5941 E ActivityThread: 	at android.bluetooth.BluetoothHeadset.<init>(BluetoothHeadset.java:302)
04-08 14:11:28.225  5941  5941 E ActivityThread: 	at android.bluetooth.BluetoothAdapter.getProfileProxy(BluetoothAdapter.java:1936)
04-08 14:11:28.225  5941  5941 E ActivityThread: 	at bujr.<init>(:com.google.android.gms@200914018@20.09.14 (040308-300565878):7)
04-08 14:11:28.225  5941  5941 E ActivityThread: 	at aiae.a(:com.google.android.gms@200914018@20.09.14 (040308-300565878):61)
04-08 14:11:28.225  5941  5941 E ActivityThread: 	at ahpu.c(:com.google.android.gms@200914018@20.09.14 (040308-300565878):4)
04-08 14:11:28.225  5941  5941 E ActivityThread: 	at ahpu.b(:com.google.android.gms@200914018@20.09.14 (040308-300565878):3)
04-08 14:11:28.225  5941  5941 E ActivityThread: 	at ahpu.a(:com.google.android.gms@200914018@20.09.14 (040308-300565878):9)
04-08 14:11:28.225  5941  5941 E ActivityThread: 	at ahpu.a(:com.google.android.gms@200914018@20.09.14 (040308-300565878):8)
04-08 14:11:28.225  5941  5941 E ActivityThread: 	at aiex.<init>(:com.google.android.gms@200914018@20.09.14 (040308-300565878):7)
04-08 14:11:28.225  5941  5941 E ActivityThread: 	at aiae.a(:com.google.android.gms@200914018@20.09.14 (040308-300565878):34)
04-08 14:11:28.225  5941  5941 E ActivityThread: 	at ahpu.c(:com.google.android.gms@200914018@20.09.14 (040308-300565878):4)
04-08 14:11:28.225  5941  5941 E ActivityThread: 	at ahpu.b(:com.google.android.gms@200914018@20.09.14 (040308-300565878):3)
04-08 14:11:28.225  5941  5941 E ActivityThread: 	at ahpu.a(:com.google.android.gms@200914018@20.09.14 (040308-300565878):9)
04-08 14:11:28.225  5941  5941 E ActivityThread: 	at ahpu.a(:com.google.android.gms@200914018@20.09.14 (040308-300565878):8)
04-08 14:11:28.225  5941  5941 E ActivityThread: 	at aikt.<init>(:com.google.android.gms@200914018@20.09.14 (040308-300565878):7)
04-08 14:11:28.225  5941  5941 E ActivityThread: 	at aiae.a(:com.google.android.gms@200914018@20.09.14 (040308-300565878):63)
04-08 14:11:28.225  5941  5941 E ActivityThread: 	at ahpu.c(:com.google.android.gms@200914018@20.09.14 (040308-300565878):4)
04-08 14:11:28.225  5941  5941 E ActivityThread: 	at ahpu.b(:com.google.android.gms@200914018@20.09.14 (040308-300565878):3)
04-08 14:11:28.225  5941  5941 E ActivityThread: 	at ahpu.a(:com.google.android.gms@200914018@20.09.14 (040308-300565878):9)
04-08 14:11:28.225  5941  5941 E ActivityThread: 	at ahpu.a(:com.google.android.gms@200914018@20.09.14 (040308-300565878):8)
04-08 14:11:28.225  5941  5941 E ActivityThread: 	at com.google.android.gms.nearby.discovery.service.DiscoveryChimeraService.onCreate(:com.google.android.gms@200914018@20.09.14 (040308-300565878):2)
04-08 14:11:28.225  5941  5941 E ActivityThread: 	at dwl.onCreate(:com.google.android.gms@200914018@20.09.14 (040308-300565878):2)
04-08 14:11:28.225  5941  5941 E ActivityThread: 	at qww.onCreate(:com.google.android.gms@200914018@20.09.14 (040308-300565878):4)
04-08 14:11:28.225  5941  5941 E ActivityThread: 	at android.app.ActivityThread.handleCreateService(ActivityThread.java:2934)
04-08 14:11:28.225  5941  5941 E ActivityThread: 	at android.app.ActivityThread.access$1900(ActivityThread.java:154)
04-08 14:11:28.225  5941  5941 E ActivityThread: 	at android.app.ActivityThread$H.handleMessage(ActivityThread.java:1474)
04-08 14:11:28.225  5941  5941 E ActivityThread: 	at android.os.Handler.dispatchMessage(Handler.java:102)
04-08 14:11:28.225  5941  5941 E ActivityThread: 	at android.os.Looper.loop(Looper.java:234)
04-08 14:11:28.225  5941  5941 E ActivityThread: 	at android.app.ActivityThread.main(ActivityThread.java:5526)
04-08 14:11:28.225  5941  5941 E ActivityThread: 	at java.lang.reflect.Method.invoke(Native Method)
04-08 14:11:28.225  5941  5941 E ActivityThread: 	at com.android.internal.os.ZygoteInit$MethodAndArgsCaller.run(ZygoteInit.java:726)
04-08 14:11:28.225  5941  5941 E ActivityThread: 	at com.android.internal.os.ZygoteInit.main(ZygoteInit.java:616)
04-08 14:11:29.673  2401  2418 I chatty  : uid=1000(system) Binder_2 expire 5 lines
04-08 14:11:29.719  2401  4144 I chatty  : uid=1000(system) Binder_3 expire 6 lines
04-08 14:11:42.844  2401  2733 I chatty  : uid=1000(system) PackageManager expire 20 lines
04-08 14:11:44.325 14906 14906 I chatty  : uid=1000(system) com.android.keychain expire 1 line
04-08 14:11:44.467  2401  2417 I chatty  : uid=1000(system) Binder_1 expire 4 lines
04-08 14:11:44.677 14959 14959 W ActivityThread: Application com.google.android.gms.location.sample.locationupdates is waiting for the debugger on port 8100...
04-08 14:11:45.019  2401  4189 I chatty  : uid=1000(system) WifiService expire 2 lines
04-08 14:11:45.390  2401  4640 I chatty  : uid=1000(system) Binder_6 expire 2 lines
04-08 14:11:45.787  2401  5468 I chatty  : uid=1000(system) Binder_B expire 2 lines
04-08 14:11:45.987  2401  5488 I chatty  : uid=1000(system) Binder_C expire 3 lines
04-08 14:11:46.095  2401  5435 I chatty  : uid=1000(system) Binder_A expire 4 lines
04-08 14:11:47.080  2401  2728 I chatty  : uid=1000(system) android.display expire 5 lines
04-08 14:12:19.667  2401  4918 I chatty  : uid=1000(system) Binder_7 expire 4 lines
04-08 14:12:35.459  2401  4137 I chatty  : uid=1000(system) InputDispatcher expire 1 line
04-08 14:12:36.385  2401  5317 I chatty  : uid=1000(system) Binder_8 expire 1 line
04-08 14:12:40.378  4499  4499 V DeadZone: consuming errant click: (680.0,15.0)
04-08 14:13:50.724  2401  2730 I chatty  : uid=1000(system) PowerManagerSer expire 4 lines
04-08 14:14:02.437  2401  4138 I chatty  : uid=1000(system) InputReader expire 1 line
04-08 14:14:09.241  2401  2733 I chatty  : uid=1000(system) PackageManager expire 20 lines
04-08 14:14:11.400  2401  4144 I chatty  : uid=1000(system) Binder_3 expire 2 lines
04-08 14:14:11.478 16326 16326 I chatty  : uid=1000(system) com.android.keychain expire 1 line
04-08 14:14:11.490  2401  2417 I chatty  : uid=1000(system) Binder_1 expire 6 lines
04-08 14:14:11.592  2401  2418 I chatty  : uid=1000(system) Binder_2 expire 2 lines
04-08 14:14:11.793  2401  5726 I chatty  : uid=1000(system) Binder_F expire 5 lines
04-08 14:14:12.237  2401  4918 I chatty  : uid=1000(system) Binder_7 expire 1 line
04-08 14:14:12.260 16401 16401 W ActivityThread: Application com.google.android.gms.location.sample.locationupdates is waiting for the debugger on port 8100...
04-08 14:14:12.480  2401  5435 I chatty  : uid=1000(system) Binder_A expire 3 lines
04-08 14:14:12.604  2401  2490 I chatty  : uid=1000(system) ActivityManager expire 6 lines
04-08 14:14:12.797  2401  5497 I chatty  : uid=1000(system) Binder_D expire 2 lines
04-08 14:14:12.821  2401  5354 I chatty  : uid=1000(system) Binder_9 expire 2 lines
04-08 14:14:12.822  2401  4550 I chatty  : uid=1000(system) Binder_4 expire 2 lines
04-08 14:14:12.911  2401  4591 I chatty  : uid=1000(system) Binder_5 expire 1 line
04-08 14:14:13.792  2401  5488 I chatty  : uid=1000(system) Binder_C expire 2 lines
04-08 14:14:13.801  2401  5317 I chatty  : uid=1000(system) Binder_8 expire 3 lines
04-08 14:14:13.823  2401  4189 I chatty  : uid=1000(system) WifiService expire 2 lines
04-08 14:14:14.007  2401  5504 I chatty  : uid=1000(system) Binder_E expire 2 lines
04-08 14:14:14.566  2401  4640 I chatty  : uid=1000(system) Binder_6 expire 1 line
04-08 14:14:14.880  2401  2491 I chatty  : uid=1000(system) android.ui expire 1 line
04-08 14:14:19.484 16823 16823 I chatty  : uid=1000(system) com.sonyericsson.tvout.mhl expire 2 lines
04-08 14:14:36.390  2401  5468 I chatty  : uid=1000(system) Binder_B expire 1 line
04-08 14:14:43.067  2401  4122 I chatty  : uid=1000(system) AlarmManager expire 1 line
04-08 14:14:43.225 16967 17000 I chatty  : uid=1000(system) IzatServiceBase expire 1 line
04-08 14:14:43.447  2401  5435 I chatty  : uid=1000(system) Binder_A expire 2 lines
04-08 14:14:43.476  2401  4144 I chatty  : uid=1000(system) Binder_3 expire 1 line
04-08 14:14:43.477  2401  4190 I chatty  : uid=1000(system) ConnectivitySer expire 2 lines
04-08 14:14:44.806  2401  5497 I chatty  : uid=1000(system) Binder_D expire 1 line
04-08 14:14:48.103  2401  2490 I chatty  : uid=1000(system) ActivityManager expire 1 line
04-08 14:15:03.826  2401  2418 I chatty  : uid=1000(system) Binder_2 expire 1 line
04-08 14:15:03.869  2401  5726 I chatty  : uid=1000(system) Binder_F expire 5 lines
04-08 14:15:04.145  2401  2418 I chatty  : uid=1000(system) Binder_2 expire 2 lines
04-08 14:15:04.294  2401  5317 I chatty  : uid=1000(system) Binder_8 expire 3 lines
04-08 14:15:04.825  2401  4144 I chatty  : uid=1000(system) Binder_3 expire 2 lines
04-08 14:15:06.977  2401  4138 I chatty  : uid=1000(system) InputReader expire 2 lines
04-08 14:15:06.979  2401  2730 I chatty  : uid=1000(system) PowerManagerSer expire 8 lines
04-08 14:15:08.143  2401  2728 I chatty  : uid=1000(system) android.display expire 4 lines
04-08 14:15:17.601  2401  5468 I chatty  : uid=1000(system) Binder_B expire 9 lines
04-08 14:15:32.595  2401  2504 I chatty  : uid=1000(system) android.fg expire 1 line
04-08 14:15:32.813 17381 17381 I chatty  : uid=1000(system) Binder_1 expire 3 lines
04-08 14:15:32.949 17381 17416 I chatty  : uid=1000(system) Binder_1 expire 1 line
04-08 14:15:32.961  2401  5488 I chatty  : uid=1000(system) Binder_C expire 1 line
04-08 14:15:33.293  2401  2417 I chatty  : uid=1000(system) Binder_1 expire 2 lines
04-08 14:15:47.816  2401  2490 I chatty  : uid=1000(system) ActivityManager expire 11 lines
04-08 14:15:56.951  2401  5354 I chatty  : uid=1000(system) Binder_9 expire 5 lines
04-08 14:16:24.507  2401  4122 I chatty  : uid=1000(system) AlarmManager expire 5 lines
04-08 14:16:24.802  2401  5435 I chatty  : uid=1000(system) Binder_A expire 2 lines
04-08 14:20:26.284  2401  2477 I chatty  : uid=1000(system) android.bg expire 4 lines
04-08 14:27:15.746  2401  2401 I chatty  : uid=1000 system_server expire 11 lines
04-08 14:27:16.658  2401  4918 I chatty  : uid=1000(system) Binder_7 expire 3 lines
04-08 14:27:17.492 18255 18255 F libc    : Fatal signal 7 (SIGBUS), code 1, fault addr 0xc0011 in tid 18255 (main)
04-08 14:27:17.562   569   569 F DEBUG   : *** *** *** *** *** *** *** *** *** *** *** *** *** *** *** ***
04-08 14:27:17.562   569   569 F DEBUG   : UUID: ab4d5eee-80c4-49e9-bfd4-2bdf62a2f702
04-08 14:27:17.562   569   569 F DEBUG   : Build fingerprint: 'Sony/D6503/D6503:6.0.1/23.5.A.1.291/2769308465:user/release-keys'
04-08 14:27:17.562   569   569 F DEBUG   : Revision: '0'
04-08 14:27:17.562   569   569 F DEBUG   : ABI: 'arm'
04-08 14:27:17.562   569   569 F DEBUG   : pid: 18255, tid: 18255, name: main  >>> /system/bin/dex2oat <<<
04-08 14:27:17.562   569   569 F DEBUG   : signal 7 (SIGBUS), code 1 (BUS_ADRALN), fault addr 0xc0011
04-08 14:27:17.563  2401  4482 I chatty  : uid=1000(system) Thread-65 expire 1 line
04-08 14:27:17.574   569   569 F DEBUG   :     r0 000c0001  r1 ffff0006  r2 b1482044  r3 ffff0006
04-08 14:27:17.574   569   569 F DEBUG   :     r4 b1608630  r5 b14859e4  r6 b1485ae8  r7 00250000
04-08 14:27:17.574   569   569 F DEBUG   :     r8 b1485950  r9 ffffffff  sl b1485948  fp b1485954
04-08 14:27:17.574   569   569 F DEBUG   :     ip bec4ddde  sp bec4ddd0  lr b1482a10  pc b6bcc712  cpsr 200d0030
04-08 14:27:17.591   569   569 F DEBUG   : 
04-08 14:27:17.591   569   569 F DEBUG   : backtrace:
04-08 14:27:17.591   569   569 F DEBUG   :     #00 pc 000e7712  /system/lib/libart-compiler.so (_ZN3art19LocalValueNumbering16HandleInvokeArgsEPKNS_3MIREPKS0_+229)
04-08 14:27:17.591   569   569 F DEBUG   :     #01 pc 000eacc1  /system/lib/libart-compiler.so (_ZN3art19LocalValueNumbering14GetValueNumberEPNS_3MIRE+624)
04-08 14:27:17.591   569   569 F DEBUG   :     #02 pc 001bff9d  /system/lib/libart-compiler.so (_ZN3art8MIRGraph28ApplyGlobalValueNumberingEndEv+212)
04-08 14:27:17.591   569   569 F DEBUG   :     #03 pc 001c2141  /system/lib/libart-compiler.so (_ZN3art16PassDriverMEOpts9ApplyPassEPNS_14PassDataHolderEPKNS_4PassE+44)
04-08 14:27:17.591   569   569 F DEBUG   :     #04 pc 0017259f  /system/lib/libart-compiler.so
04-08 14:27:17.591   569   569 F DEBUG   :     #05 pc 00172ddb  /system/lib/libart-compiler.so (_ZNK3art13QuickCompiler7CompileEPKNS_7DexFile8CodeItemEjNS_10InvokeTypeEtjP8_jobjectRKS1_+1406)
04-08 14:27:17.591   569   569 F DEBUG   :     #06 pc 0033677d  /system/lib/libart-compiler.so (_ZN3art14TryFastCompileEPNS_14CompilerDriverEPNS_8CompilerEPKNS_7DexFile8CodeItemEjNS_10InvokeTypeEtjP8_jobjectRKS4_+188)
04-08 14:27:17.591   569   569 F DEBUG   :     #07 pc 0026c66b  /system/lib/libart-compiler.so (_ZNK3art18OptimizingCompiler7CompileEPKNS_7DexFile8CodeItemEjNS_10InvokeTypeEtjP8_jobjectRKS1_+206)
04-08 14:27:17.591   569   569 F DEBUG   :     #08 pc 001d18a3  /system/lib/libart-compiler.so (_ZN3art14CompilerDriver13CompileMethodEPNS_6ThreadEPKNS_7DexFile8CodeItemEjNS_10InvokeTypeEtjP8_jobjectRKS3_NS_24DexToDexCompilationLevelEb+1898)
04-08 14:27:17.592   569   569 F DEBUG   :     #09 pc 001d258f  /system/lib/libart-compiler.so (_ZN3art14CompilerDriver12CompileClassEPKNS_26ParallelCompilationManagerEj+1990)
04-08 14:27:17.592   569   569 F DEBUG   :     #10 pc 001c853b  /system/lib/libart-compiler.so
04-08 14:27:17.592   569   569 F DEBUG   :     #11 pc 0035df1d  /system/lib/libart.so (_ZN3art10ThreadPool4WaitEPNS_6ThreadEbb+156)
04-08 14:27:17.592   569   569 F DEBUG   :     #12 pc 001cc78b  /system/lib/libart-compiler.so
04-08 14:27:17.592   569   569 F DEBUG   :     #13 pc 001d7153  /system/lib/libart-compiler.so (_ZN3art14CompilerDriver7CompileEP8_jobjectRKNSt3__16vectorIPKNS_7DexFileENS3_9allocatorIS7_EEEEPNS_10ThreadPoolEPNS_12TimingLoggerE+162)
04-08 14:27:17.592   569   569 F DEBUG   :     #14 pc 001d809d  /system/lib/libart-compiler.so (_ZN3art14CompilerDriver10CompileAllEP8_jobjectRKNSt3__16vectorIPKNS_7DexFileENS3_9allocatorIS7_EEEEPNS_12TimingLoggerE+100)
04-08 14:27:17.592   569   569 F DEBUG   :     #15 pc 0000eadd  /system/bin/dex2oat
04-08 14:27:17.592   569   569 F DEBUG   :     #16 pc 000143f3  /system/bin/dex2oat
04-08 14:27:17.592   569   569 F DEBUG   :     #17 pc 00007d2f  /system/bin/dex2oat (main+6)
04-08 14:27:17.592   569   569 F DEBUG   :     #18 pc 00017415  /system/lib/libc.so (__libc_init+44)
04-08 14:27:17.592   569   569 F DEBUG   :     #19 pc 00007e8c  /system/bin/dex2oat
04-08 14:27:17.704   569   569 F DEBUG   : 
04-08 14:27:17.704   569   569 F DEBUG   : Tombstone written to: /data/tombstones/tombstone_05
04-08 14:27:17.705  2401  2726 I chatty  : uid=1000(system) FileObserver expire 1 line
04-08 14:27:17.766 16967 18277 I chatty  : uid=1000(system) Blocking Thread expire 1 line
04-08 14:27:18.074   198   198 I tad     : MiscTA Unit 10010: 
04-08 14:27:18.074   198   198 I tad     : WRITTEN (Size 10)
04-08 14:27:18.390   198   198 I tad     : Actual erase/write to flash done (count 15, time 1586348838).
04-08 14:27:18.390   198   198 I tad     : MiscTA: Write of unit 10010 completed - OK
04-08 14:27:18.393   198   198 I tad     : MiscTA Unit 10009: 
04-08 14:27:18.393   198   198 I tad     : WRITTEN (Size 403)
04-08 14:27:18.424   198   198 I tad     : Actual erase/write to flash done (count 16, time 1586348838).
04-08 14:27:18.424   198   198 I tad     : MiscTA: Write of unit 10009 completed - OK
04-08 14:27:18.900  2401  5497 I chatty  : uid=1000(system) Binder_D expire 3 lines
04-08 14:27:22.106  2401  5504 I chatty  : uid=1000(system) Binder_E expire 2 lines
04-08 14:27:27.776  2401  6796 I chatty  : uid=1000(system) Binder_10 expire 1 line
04-08 14:27:28.047  2401  4189 I chatty  : uid=1000(system) WifiService expire 1 line
04-08 14:39:02.229 16967 18658 I chatty  : uid=1000(system) com.sonyericsson.crashmonitor expire 1 line
04-08 14:58:49.903  2401  4550 I chatty  : uid=1000(system) Binder_4 expire 2 lines
