04-08 16:57:55.322 29647 29647 W ContextImpl: Calling a method in the system process without a qualified user: android.app.ContextImpl.startService:1207 android.content.ContextWrapper.startService:581 android.content.ContextWrapper.startService:581 com.sonyericsson.tvout.mhl.TvOutReceiver.onReceive:103 android.app.ActivityThread.handleReceiver:2782 
04-08 16:57:55.322  2401  4591 W InputMethodManagerService: Window already focused, ignoring focus gain of: com.android.internal.view.IInputMethodClient$Stub$Proxy@b75fe5d attribute=android.view.inputmethod.EditorInfo@dabd3d2, token = android.os.BinderProxy@c5b9ce3
04-08 16:57:55.328 29647 29647 W ContextImpl: Calling a method in the system process without a qualified user: android.app.ContextImpl.startService:1207 android.content.ContextWrapper.startService:581 com.sonyericsson.tvout.mhl.TvOutService.handleIntent:198 com.sonyericsson.tvout.mhl.TvOutService.onStartCommand:115 android.app.ActivityThread.handleServiceArgs:3067 
04-08 16:57:59.264  2401  4190 D ConnectivityService: notifyType CAP_CHANGED for NetworkAgentInfo [WIFI () - 106]
04-08 16:58:02.293  2401  4190 D ConnectivityService: notifyType CAP_CHANGED for NetworkAgentInfo [WIFI () - 106]
04-08 16:58:05.313  2401  4190 D ConnectivityService: notifyType CAP_CHANGED for NetworkAgentInfo [WIFI () - 106]
04-08 16:58:14.384  2401  4190 D ConnectivityService: notifyType CAP_CHANGED for NetworkAgentInfo [WIFI () - 106]
04-08 16:58:37.050   567  1917 E NetlinkEvent: NetlinkEvent::FindParam(): Parameter 'TIME_NS' not found
04-08 16:58:37.051   567  1917 E NetlinkEvent: NetlinkEvent::FindParam(): Parameter 'UID' not found
04-08 16:58:43.217   567  1917 E NetlinkEvent: NetlinkEvent::FindParam(): Parameter 'TIME_NS' not found
04-08 16:58:43.217   567  1917 E NetlinkEvent: NetlinkEvent::FindParam(): Parameter 'UID' not found
04-08 16:59:32.751  2401  2730 I PowerManagerService: Going to sleep due to screen timeout (uid 1000)...
04-08 16:59:32.753  2401  2730 I PowerManagerService: Sleeping (uid 1000)...
04-08 16:59:33.943  2401  2728 I DisplayManagerService: Display device changed state: "Pantalla incorporada", OFF
04-08 16:59:35.373  2401  4138 I PowerManagerService: Waking up from sleep (uid 1000)...
04-08 16:59:35.415  2401  2730 I DisplayPowerController: Blocking screen on until initial contents have been drawn.
04-08 16:59:35.476  2401  2728 I DisplayManagerService: Display device changed state: "Pantalla incorporada", ON
04-08 16:59:35.558  2401  2730 I DisplayPowerController: Unblocked screen on after 143 ms
04-08 16:59:44.051   567  1917 E NetlinkEvent: NetlinkEvent::FindParam(): Parameter 'TIME_NS' not found
04-08 16:59:44.051   567  1917 E NetlinkEvent: NetlinkEvent::FindParam(): Parameter 'UID' not found
04-08 16:59:44.649   567  1917 E NetlinkEvent: NetlinkEvent::FindParam(): Parameter 'TIME_NS' not found
04-08 16:59:44.649   567  1917 E NetlinkEvent: NetlinkEvent::FindParam(): Parameter 'UID' not found
04-08 17:00:35.375  2401  2730 I PowerManagerService: Going to sleep due to screen timeout (uid 1000)...
04-08 17:00:35.377  2401  2730 I PowerManagerService: Sleeping (uid 1000)...
04-08 17:00:36.582  2401  2728 I DisplayManagerService: Display device changed state: "Pantalla incorporada", OFF
04-08 17:00:48.531   567  1917 E NetlinkEvent: NetlinkEvent::FindParam(): Parameter 'TIME_NS' not found
04-08 17:00:48.531   567  1917 E NetlinkEvent: NetlinkEvent::FindParam(): Parameter 'UID' not found
04-08 17:00:50.702   567  1917 E NetlinkEvent: NetlinkEvent::FindParam(): Parameter 'TIME_NS' not found
04-08 17:00:50.703   567  1917 E NetlinkEvent: NetlinkEvent::FindParam(): Parameter 'UID' not found
04-08 17:01:14.930   567  1917 E NetlinkEvent: NetlinkEvent::FindParam(): Parameter 'TIME_NS' not found
04-08 17:01:14.931   567  1917 E NetlinkEvent: NetlinkEvent::FindParam(): Parameter 'UID' not found
04-08 17:01:19.272   567  1917 E NetlinkEvent: NetlinkEvent::FindParam(): Parameter 'TIME_NS' not found
04-08 17:01:19.272   567  1917 E NetlinkEvent: NetlinkEvent::FindParam(): Parameter 'UID' not found
04-08 17:01:26.128  2401  4138 I PowerManagerService: Waking up from sleep (uid 1000)...
04-08 17:01:26.148  2401  2730 I DisplayPowerController: Blocking screen on until initial contents have been drawn.
04-08 17:01:26.199  2401  2728 I DisplayManagerService: Display device changed state: "Pantalla incorporada", ON
04-08 17:01:26.316  2401  2730 I DisplayPowerController: Unblocked screen on after 168 ms
04-08 17:01:41.050   567  1917 E NetlinkEvent: NetlinkEvent::FindParam(): Parameter 'TIME_NS' not found
04-08 17:01:41.051   567  1917 E NetlinkEvent: NetlinkEvent::FindParam(): Parameter 'UID' not found
04-08 17:01:46.311   567  1917 E NetlinkEvent: NetlinkEvent::FindParam(): Parameter 'TIME_NS' not found
04-08 17:01:46.311   567  1917 E NetlinkEvent: NetlinkEvent::FindParam(): Parameter 'UID' not found
04-08 17:01:56.130  2401  2730 I PowerManagerService: Going to sleep due to screen timeout (uid 1000)...
04-08 17:01:56.131  2401  2730 I PowerManagerService: Sleeping (uid 1000)...
04-08 17:01:57.362  2401  2728 I DisplayManagerService: Display device changed state: "Pantalla incorporada", OFF
04-08 17:02:14.981  2401  4550 D WifiService: acquireWifiLockLocked: WifiLock{NlpWifiLock type=2 binder=android.os.BinderProxy@a77add8}
04-08 17:02:20.103  2401  4640 D WifiService: releaseWifiLockLocked: WifiLock{NlpWifiLock type=2 binder=android.os.BinderProxy@a77add8}
04-08 17:04:51.052  2401  4138 I PowerManagerService: Waking up from sleep (uid 1000)...
04-08 17:04:51.069  2401  2730 I DisplayPowerController: Blocking screen on until initial contents have been drawn.
04-08 17:04:51.114  2401  2728 I DisplayManagerService: Display device changed state: "Pantalla incorporada", ON
04-08 17:04:51.248  2401  2730 I DisplayPowerController: Unblocked screen on after 179 ms
04-08 17:04:57.234  2401  4190 D ConnectivityService: notifyType CAP_CHANGED for NetworkAgentInfo [WIFI () - 106]
04-08 17:04:59.026  2401  2490 W BroadcastQueue: Permission Denial: broadcasting Intent { act=android.intent.action.USER_PRESENT flg=0x24000010 } from com.android.systemui (pid=4499, uid=10074) is not exported from uid 10040 due to receiver com.sonymobile.mx.android/.receivers.StopMessageReceiver
04-08 17:04:59.040 29647 29647 W ContextImpl: Calling a method in the system process without a qualified user: android.app.ContextImpl.startService:1207 android.content.ContextWrapper.startService:581 android.content.ContextWrapper.startService:581 com.sonyericsson.tvout.mhl.TvOutReceiver.onReceive:103 android.app.ActivityThread.handleReceiver:2782 
04-08 17:04:59.045  2401  4640 W InputMethodManagerService: Window already focused, ignoring focus gain of: com.android.internal.view.IInputMethodClient$Stub$Proxy@9faf298 attribute=android.view.inputmethod.EditorInfo@f53caf1, token = android.os.BinderProxy@c5b9ce3
04-08 17:04:59.046 29647 29647 W ContextImpl: Calling a method in the system process without a qualified user: android.app.ContextImpl.startService:1207 android.content.ContextWrapper.startService:581 com.sonyericsson.tvout.mhl.TvOutService.handleIntent:198 com.sonyericsson.tvout.mhl.TvOutService.onStartCommand:115 android.app.ActivityThread.handleServiceArgs:3067 
04-08 17:05:00.250  2401  4190 D ConnectivityService: notifyType CAP_CHANGED for NetworkAgentInfo [WIFI () - 106]
04-08 17:05:01.758  2401  5435 D WifiService: acquireWifiLockLocked: WifiLock{NlpWifiLock type=2 binder=android.os.BinderProxy@bce9541}
04-08 17:05:01.788  2401  2401 D ConnectivityService: requestNetwork for Request from uid/pid:1000/2401 for NetworkRequest [ id=75, legacyType=3, [ Transports: CELLULAR Capabilities: SUPL&NOT_RESTRICTED&TRUSTED&NOT_VPN] ]
04-08 17:05:01.789  2401  2490 I ActivityManager: Killing 24790:com.google.android.apps.genie.geniewidget/u0a140 (adj 15): empty #17
04-08 17:05:01.814  2401  4550 D ConnectivityService: ConnectivityService NetworkRequestInfo binderDied(NetworkRequest [ id=36, legacyType=-1, [ Capabilities: NOT_RESTRICTED&TRUSTED&NOT_VPN] ], android.os.BinderProxy@9b58ae6)
04-08 17:05:01.814  2401  4190 D ConnectivityService: releasing NetworkRequest NetworkRequest [ id=36, legacyType=-1, [ Capabilities: NOT_RESTRICTED&TRUSTED&NOT_VPN] ]
04-08 17:05:01.814  2401  4190 E ConnectivityService: RemoteException caught trying to send a callback msg for NetworkRequest [ id=36, legacyType=-1, [ Capabilities: NOT_RESTRICTED&TRUSTED&NOT_VPN] ]
04-08 17:05:01.831  2401  5726 D ActivityManager: New dropbox entry: com.android.phone, system_app_wtf, e4f660e7-c863-4df7-81cf-f917ba4cce3e
04-08 17:05:05.257  2401  5354 D WifiService: releaseWifiLockLocked: WifiLock{NlpWifiLock type=2 binder=android.os.BinderProxy@bce9541}
04-08 17:05:05.289  2401  4190 D ConnectivityService: releasing NetworkRequest NetworkRequest [ id=75, legacyType=3, [ Transports: CELLULAR Capabilities: SUPL&NOT_RESTRICTED&TRUSTED&NOT_VPN] ]
04-08 17:05:11.175  2401  4640 W InputMethodManagerService: Window already focused, ignoring focus gain of: com.android.internal.view.IInputMethodClient$Stub$Proxy@8ea3104 attribute=null, token = android.os.BinderProxy@764cc1
04-08 17:05:11.178  2401  2490 I ActivityManager: Force stopping chema.curso.controldehorasv12final appid=10504 user=-1: uninstall pkg
04-08 17:05:11.178  2401  2490 I ActivityManager: Killing 30227:chema.curso.controldehorasv12final/u0a504 (adj 9): stop chema.curso.controldehorasv12final
04-08 17:05:11.393  2401  2490 E libprocessgroup: failed to kill 1 processes for processgroup 30227
04-08 17:05:11.473  2401  5488 W ActivityManager: Spurious death for ProcessRecord{d76e86 0:chema.curso.controldehorasv12final/u0a504}, curProc for 30227: null
04-08 17:05:11.660  2401  2733 W PackageSettings: Skipping PackageSetting{e908920 com.mobisystems.office/10268} due to missing metadata
04-08 17:05:11.667  2401  2733 W PackageSettings: Skipping PackageSetting{c889b7f com.imdb.mobile/10223} due to missing metadata
04-08 17:05:11.685  2401  2733 W PackageSettings: Skipping PackageSetting{9cc4395 com.miarroba.guiatvandroid/10238} due to missing metadata
04-08 17:05:11.687  2401  2733 W PackageSettings: Skipping PackageSetting{2ce5caa com.rarlab.rar/10236} due to missing metadata
04-08 17:05:11.688  2401  2733 W PackageSettings: Skipping PackageSetting{785afc0 com.microsoft.office.word/10219} due to missing metadata
04-08 17:05:12.287  2401  2733 W PackageManager: Couldn't remove dex file for package:  at location /data/app/chema.curso.controldehorasv12final-1/base.apk, retcode=-1
04-08 17:05:12.305  2401  2733 I ActivityManager: Start proc 6915:com.android.defcontainer/u0a25 for service com.android.defcontainer/.DefaultContainerService
04-08 17:05:12.310  2401  2733 I ActivityManager: Force stopping chema.curso.controldehorasv12final appid=10504 user=0: pkg removed
04-08 17:05:12.445  2401  5504 I ActivityManager: Start proc 6944:com.sonymobile.cameracommon/u0a20 for broadcast com.sonymobile.cameracommon/.provider.AddOnInstallationListener
04-08 17:05:12.801  2401  5354 I ActivityManager: Start proc 6964:com.android.musicfx/u0a39 for broadcast com.android.musicfx/.Compatibility$Receiver
04-08 17:05:12.911  2401  2417 I ActivityManager: Start proc 6981:android.process.acore/u0a19 for broadcast com.android.providers.contacts/.PackageIntentReceiver
04-08 17:05:12.927  2401  4918 I ActivityManager: Killing 3475:com.bankia.wallet/u0a357 (adj 15): empty #17
04-08 17:05:13.156  2401  5435 I ActivityManager: Killing 3631:com.sonymobile.xperiaweather:weather_provider/u0a210 (adj 15): empty #17
04-08 17:05:13.301  2401  2401 D JobSchedulerService: Receieved: android.intent.action.PACKAGE_REMOVED
04-08 17:05:13.640  2401  4591 I ActivityManager: Killing 3746:com.google.android.partnersetup/u0a35 (adj 15): empty #17
04-08 17:05:14.096  2401  4144 D WifiService: acquireWifiLockLocked: WifiLock{NlpWifiLock type=2 binder=android.os.BinderProxy@c508cd5}
04-08 17:05:14.457  2401  2401 I ActivityManager: Start proc 7008:com.sonymobile.exchange/u0a112 for broadcast com.sonymobile.exchange/.ExchangeBroadcastReceiver
04-08 17:05:14.708  2401  4144 I ActivityManager: Start proc 7031:com.android.keychain/1000 for broadcast com.android.keychain/.KeyChainBroadcastReceiver
04-08 17:05:14.740  2401  5488 I ActivityManager: Killing 32129:com.google.android.apps.maps/u0a139 (adj 15): empty #17
04-08 17:05:14.797  2401  4918 D ConnectivityService: ConnectivityService NetworkRequestInfo binderDied(NetworkRequest [ id=71, legacyType=-1, [ Capabilities: INTERNET&NOT_RESTRICTED&TRUSTED] ], android.os.BinderProxy@56a6f43)
04-08 17:05:14.798  2401  4190 D ConnectivityService: releasing NetworkRequest NetworkRequest [ id=71, legacyType=-1, [ Capabilities: INTERNET&NOT_RESTRICTED&TRUSTED] ]
04-08 17:05:14.798  2401  4190 E ConnectivityService: RemoteException caught trying to send a callback msg for NetworkRequest [ id=71, legacyType=-1, [ Capabilities: INTERNET&NOT_RESTRICTED&TRUSTED] ]
04-08 17:05:14.798  2401  4189 D WifiService: Client connection lost with reason: 4
04-08 17:05:14.914  7031  7031 W ContextImpl: Calling a method in the system process without a qualified user: android.app.ContextImpl.startService:1207 android.content.ContextWrapper.startService:581 android.content.ContextWrapper.startService:581 com.android.keychain.KeyChainBroadcastReceiver.onReceive:12 android.app.ActivityThread.handleReceiver:2782 
04-08 17:05:14.938  2401  5488 I ActivityManager: Start proc 7052:com.realvnc.android.remote/u0a155 for broadcast com.realvnc.android.remote/.RemoteControlService$PackageManagerReceiver
04-08 17:05:14.960  2401  6796 I ActivityManager: Killing 3780:com.android.providers.calendar/u0a18 (adj 15): empty #17
04-08 17:05:15.093  2401  4591 I ActivityManager: Start proc 7071:com.sonymobile.email/u0a161 for broadcast com.sonymobile.email/com.sonyericsson.email.receiver.ExchangePackageChangeReceiver
04-08 17:05:15.096  2401  4591 I ActivityManager: Killing 3674:com.google.android.googlequicksearchbox:search/u0a79 (adj 15): empty #17
04-08 17:05:15.141  2401  4189 D WifiService: Client connection lost with reason: 4
04-08 17:05:15.616  2401  5317 I ActivityManager: Start proc 7114:com.sonymobile.runtimeskinning.core/u0a200 for broadcast com.sonymobile.runtimeskinning.core/com.sonymobile.runtimeskinning.verification.install.PackageInstallReceiver
04-08 17:05:15.630  2401  5468 W ActivityManager: Unable to start service Intent { cmp=com.sonymobile.email/.service.AttachmentDownloadService } U=0: not found
04-08 17:05:15.677  2401  4640 I ActivityManager: Killing 4826:com.sonyericsson.android.bootinfo:remote/1000 (adj 15): empty #17
04-08 17:05:15.744  2401  4918 I ActivityManager: Start proc 7131:com.android.vending/u0a42 for broadcast com.android.vending/com.google.android.finsky.packagemanager.impl.PackageMonitorReceiverImpl$RegisteredReceiver
04-08 17:05:15.753  2401  4918 I ActivityManager: Killing 29541:com.sonymobile.storagechecker/u0a54 (adj 15): empty #17
04-08 17:05:16.617  2401  5488 D ConnectivityService: listenForNetwork for Listen from uid/pid:10042/7131 for NetworkRequest [ id=76, legacyType=-1, [ Capabilities: INTERNET&NOT_RESTRICTED&TRUSTED] ]
04-08 17:05:17.087  2401  2418 I ActivityManager: Start proc 7219:com.sonyericsson.updatecenter/u0a78 for broadcast com.sonyericsson.updatecenter/.update.ApplicationRemovedReceiver
04-08 17:05:17.111  2401  2418 I ActivityManager: Killing 29634:com.sony.smallapp.managerservice/u0a61 (adj 15): empty #17
04-08 17:05:17.507  2401  4640 I ActivityManager: Start proc 7270:com.sonymobile.entrance/u0a88 for broadcast com.sonymobile.entrance/.logging.PackageRemovedReceiver
04-08 17:05:17.533  2401  5497 I ActivityManager: Killing 29647:com.sonyericsson.tvout.mhl/1000 (adj 15): empty #17
04-08 17:05:18.175  2401  5726 I ActivityManager: Killing 29665:com.android.chrome/u0a102 (adj 15): empty #17
04-08 17:05:18.256  2401  5354 I ActivityManager: Start proc 7310:com.google.android.googlequicksearchbox:search/u0a79 for broadcast com.google.android.googlequicksearchbox/com.google.android.apps.gsa.googlequicksearchbox.GelStubAppWatcher
04-08 17:05:19.111  2401  5435 D WifiService: releaseWifiLockLocked: WifiLock{NlpWifiLock type=2 binder=android.os.BinderProxy@c508cd5}
04-08 17:05:19.528  2401  4144 I ActivityManager: Killing 32218:com.sonyericsson.tetherentitlementcheck/1001 (adj 15): empty #17
04-08 17:05:19.611  2401  2401 I ActivityManager: Start proc 7350:com.android.documentsui/u0a105 for broadcast com.android.documentsui/.PackageReceiver
04-08 17:05:19.752  2401  2417 I ActivityManager: Killing 29410:com.sonyericsson.crashmonitor/1000 (adj 15): empty #17
04-08 17:05:19.820  2401  5488 I ActivityManager: Start proc 7366:com.android.externalstorage/u0a29 for content provider com.android.externalstorage/.ExternalStorageProvider
04-08 17:05:19.880  2401  4918 I ActivityManager: Start proc 7379:com.android.chrome/u0a102 for broadcast com.android.chrome/org.chromium.chrome.browser.browserservices.ClientAppBroadcastReceiver
04-08 17:05:19.911  2401  2418 I ActivityManager: Killing 29757:com.tranzmate:profiler/u0a481 (adj 15): empty #17
04-08 17:05:20.131  2401  6796 I ActivityManager: Start proc 7408:com.android.shell/2000 for content provider com.android.shell/.BugreportStorageProvider
04-08 17:05:20.163  2401  4591 I ActivityManager: Killing 6915:com.android.defcontainer/u0a25 (adj 15): empty #17
04-08 17:05:20.275  2401  5504 I ActivityManager: Start proc 7424:com.sonymobile.remotefileaccess/u0a156 for content provider com.sonymobile.remotefileaccess/.documents.RemoteDocumentsProvider
04-08 17:05:20.319  2401  2418 I ActivityManager: Killing 6944:com.sonymobile.cameracommon/u0a20 (adj 15): empty #17
04-08 17:05:20.410  2401  5488 I ActivityManager: Killing 6964:com.android.musicfx/u0a39 (adj 15): empty #17
04-08 17:05:20.485  2401  5497 I ActivityManager: Start proc 7442:com.sonyericsson.credentialmanagerservice/1000 for broadcast com.sonyericsson.credentialmanagerservice/.CredentialManagerUidRemovedReceiver
04-08 17:05:20.514  2401  5317 I ActivityManager: Start proc 7456:com.google.android.apps.docs/u0a106 for content provider com.google.android.apps.docs/.storagebackend.StorageBackendContentProvider
04-08 17:05:20.545  2401  5354 I ActivityManager: Killing 6981:android.process.acore/u0a19 (adj 15): empty #17
04-08 17:05:20.630  2401  5435 I ActivityManager: Killing 7031:com.android.keychain/1000 (adj 15): empty #17
04-08 17:05:22.074  2401  4550 I ActivityManager: Start proc 7550:com.termux/u0a461 for content provider com.termux/.filepicker.TermuxDocumentsProvider
04-08 17:05:22.108  2401  2418 I ActivityManager: Killing 7052:com.realvnc.android.remote/u0a155 (adj 15): empty #17
04-08 17:05:28.003  2401  4144 I ActivityManager: Start proc 7594:com.android.vending:download_service/u0a42 for service com.android.vending/com.google.android.finsky.downloadservice.DownloadService
04-08 17:05:28.178  2401  6796 I ActivityManager: Killing 7071:com.sonymobile.email/u0a161 (adj 15): empty #17
04-08 17:05:38.326  2401  5504 D WifiService: acquireWifiLockLocked: WifiLock{NlpWifiLock type=2 binder=android.os.BinderProxy@c508cd5}
04-08 17:05:43.347  2401  5317 D WifiService: releaseWifiLockLocked: WifiLock{NlpWifiLock type=2 binder=android.os.BinderProxy@c508cd5}
04-08 17:05:43.711  2401  2490 I ActivityManager: Start proc 7655:com.sonyericsson.crashmonitor/1000 for broadcast com.sonyericsson.crashmonitor/.receiver.CrashMonitorServiceBroadcastReceiver
04-08 17:05:43.789  2401  5468 I ActivityManager: Killing 7008:com.sonymobile.exchange/u0a112 (adj 15): empty #17
04-08 17:05:43.868  2401  2490 I ActivityManager: Start proc 7674:com.tranzmate:profiler/u0a481 for broadcast com.tranzmate/com.moovit.sdk.profilers.places.PlacesProfiler$LocationReceiver
04-08 17:05:44.651  2401  5488 I ActivityManager: Killing 7114:com.sonymobile.runtimeskinning.core/u0a200 (adj 15): empty #17
04-08 17:05:54.720  2401  2733 I ActivityManager: Start proc 7908:com.android.defcontainer/u0a25 for service com.android.defcontainer/.DefaultContainerService
04-08 17:06:01.729  2401  2733 W PackageSettings: Skipping PackageSetting{e908920 com.mobisystems.office/10268} due to missing metadata
04-08 17:06:01.734  2401  2733 W PackageSettings: Skipping PackageSetting{c889b7f com.imdb.mobile/10223} due to missing metadata
04-08 17:06:01.743  2401  2733 W PackageSettings: Skipping PackageSetting{9cc4395 com.miarroba.guiatvandroid/10238} due to missing metadata
04-08 17:06:01.745  2401  2733 W PackageSettings: Skipping PackageSetting{2ce5caa com.rarlab.rar/10236} due to missing metadata
04-08 17:06:01.746  2401  2733 W PackageSettings: Skipping PackageSetting{785afc0 com.microsoft.office.word/10219} due to missing metadata
04-08 17:06:01.885  2401  2733 W PackageManager: Unknown permission com.androidmorefast.pc.appmostrardireccionmapa.permission.MAPS_RECEIVE in package chema.curso.controldehorasv12final
04-08 17:06:02.222  2401  2733 W PackageSettings: Skipping PackageSetting{e908920 com.mobisystems.office/10268} due to missing metadata
04-08 17:06:02.226  2401  2733 W PackageSettings: Skipping PackageSetting{c889b7f com.imdb.mobile/10223} due to missing metadata
04-08 17:06:02.236  2401  2733 W PackageSettings: Skipping PackageSetting{9cc4395 com.miarroba.guiatvandroid/10238} due to missing metadata
04-08 17:06:02.237  2401  2733 W PackageSettings: Skipping PackageSetting{2ce5caa com.rarlab.rar/10236} due to missing metadata
04-08 17:06:02.238  2401  2733 W PackageSettings: Skipping PackageSetting{785afc0 com.microsoft.office.word/10219} due to missing metadata
04-08 17:06:02.530  2401  2733 V BackupManagerService: restoreAtInstall pkg=chema.curso.controldehorasv12final token=c restoreSet=0
04-08 17:06:02.533  2401  2733 V BackupManagerService: Finishing install immediately
04-08 17:06:02.696  2401  5317 I ActivityManager: Start proc 7988:com.sonymobile.cameracommon/u0a20 for broadcast com.sonymobile.cameracommon/.provider.AddOnInstallationListener
04-08 17:06:02.866  2401  5488 I ActivityManager: Start proc 8016:com.google.android.partnersetup/u0a35 for broadcast com.google.android.partnersetup/.RlzPingBroadcastReceiver
04-08 17:06:03.047  2401  6796 I ActivityManager: Start proc 8048:com.android.musicfx/u0a39 for broadcast com.android.musicfx/.Compatibility$Receiver
04-08 17:06:03.083  2401  5317 I ActivityManager: Killing 28888:com.google.process.gapps/u0a31 (adj 15): empty #17
04-08 17:06:03.225  2401  5726 I ActivityManager: Start proc 8064:android.process.acore/u0a19 for broadcast com.android.providers.contacts/.PackageIntentReceiver
04-08 17:06:03.253  2401  5317 I ActivityManager: Killing 7219:com.sonyericsson.updatecenter/u0a78 (adj 15): empty #17
04-08 17:06:03.416  2401  2418 I ActivityManager: Killing 7270:com.sonymobile.entrance/u0a88 (adj 15): empty #17
04-08 17:06:03.552  2401  2490 I ActivityManager: Start proc 8080:com.sonyericsson.android.camera/u0a50 for broadcast com.sonyericsson.android.camera/.addon.CameraAddonReceiver
04-08 17:06:03.564  2401  5468 I ActivityManager: Start proc 8085:com.sonymobile.exchange/u0a112 for broadcast com.sonymobile.exchange/.ExchangeBroadcastReceiver
04-08 17:06:03.600  2401  5468 I ActivityManager: Killing 7310:com.google.android.googlequicksearchbox:search/u0a79 (adj 15): empty #17
04-08 17:06:03.715  2401  4591 I ActivityManager: Start proc 8120:com.sonymobile.email/u0a161 for broadcast com.sonymobile.email/com.sonyericsson.email.receiver.ExchangePackageChangeReceiver
04-08 17:06:03.720  2401  6796 I ActivityManager: START u0 {act=android.intent.action.MAIN cat=[android.intent.category.LAUNCHER] flg=0x10000000 cmp=chema.curso.controldehorasv12final/.SplashActivity} from uid 2000 on display 0
04-08 17:06:03.734  2401  4591 I ActivityManager: Killing 7350:com.android.documentsui/u0a105 (adj 15): empty #17
04-08 17:06:03.788  2401  5354 I ActivityManager: Start proc 8139:chema.curso.controldehorasv12final/u0a510 for activity chema.curso.controldehorasv12final/.SplashActivity
04-08 17:06:04.010  2401  2417 I ActivityManager: Start proc 8163:com.sonymobile.android.addoncamera.supervideo/u0a73 for broadcast com.sonymobile.android.addoncamera.supervideo/.addon.CameraAddonReceiver
04-08 17:06:04.133  2401  4144 W ActivityManager: Unable to start service Intent { cmp=com.sonymobile.email/.service.AttachmentDownloadService } U=0: not found
04-08 17:06:04.178  2401  5468 I ActivityManager: Start proc 8234:com.sonymobile.runtimeskinning.core/u0a200 for broadcast com.sonymobile.runtimeskinning.core/com.sonymobile.runtimeskinning.verification.install.PackageInstallReceiver
04-08 17:06:04.180  2401  5468 I ActivityManager: Killing 7379:com.android.chrome/u0a102 (adj 15): empty #17
04-08 17:06:04.259  2401  5468 I ActivityManager: Killing 7366:com.android.externalstorage/u0a29 (adj 15): empty #18
04-08 17:06:04.369  2401  5504 I ActivityManager: Killing 7408:com.android.shell/2000 (adj 15): empty #17
04-08 17:06:04.430  2401  5504 I ActivityManager: Start proc 8275:com.sonyericsson.updatecenter/u0a78 for broadcast com.sonyericsson.updatecenter/.update.ApplicationInstalledReceiver
04-08 17:06:04.431  2401  5504 I ActivityManager: Killing 7424:com.sonymobile.remotefileaccess/u0a156 (adj 15): empty #17
04-08 17:06:04.673  2401  5435 I ActivityManager: Start proc 8298:com.sonymobile.entrance/u0a88 for broadcast com.sonymobile.entrance/.logging.PackageInstallationReceiver
04-08 17:06:04.825  2401  4144 I ActivityManager: Killing 7442:com.sonyericsson.credentialmanagerservice/1000 (adj 15): empty #17
04-08 17:06:04.851  2401  4144 I ActivityManager: Killing 7456:com.google.android.apps.docs/u0a106 (adj 15): empty #17
04-08 17:06:05.068  2401  5317 I ActivityManager: Start proc 8340:com.google.android.googlequicksearchbox:search/u0a79 for broadcast com.google.android.googlequicksearchbox/com.google.android.apps.gsa.googlequicksearchbox.GelStubAppWatcher
04-08 17:06:05.071  2401  6796 W ActivityManager: Unable to start service Intent { act=com.google.android.gms.auth.key.retrieval.service.START pkg=com.google.android.gms } U=0: not found
04-08 17:06:05.102  2401  5317 W ActivityManager: Unbind failed: could not find connection for android.os.BinderProxy@2c648ce
04-08 17:06:05.106  2401  2417 I ActivityManager: Killing 7550:com.termux/u0a461 (adj 15): empty #17
04-08 17:06:06.447  2401  2417 I ActivityManager: Start proc 8366:com.movistar.android.mimovistar.es/u0a500 for broadcast com.movistar.android.mimovistar.es/com.tuenti.messenger.receiver.MessengerBootReceiver
04-08 17:06:06.449  2401  2417 I ActivityManager: Killing 7594:com.android.vending:download_service/u0a42 (adj 15): empty #17
04-08 17:06:06.927  2401  5488 I ActivityManager: START u0 {cmp=chema.curso.controldehorasv12final/.LoginActivity} from uid 10510 on display 0
04-08 17:06:08.265  2401  5488 I ActivityManager: Killing 7674:com.tranzmate:profiler/u0a481 (adj 15): empty #17
04-08 17:06:08.338  2401  4122 W ActivityManager: Unable to start service Intent { act=com.alibaba.aliexpresshd.intent.action.COCKROACH flg=0x4 (has extras) } U=0: not found
04-08 17:06:08.353  2401  4122 I ActivityManager: Start proc 8450:com.sonymobile.storagechecker/u0a54 for service com.sonymobile.storagechecker/.controller.DeviceStorageService
04-08 17:06:08.404  2401  5435 D WifiService: acquireWifiLockLocked: WifiLock{NlpWifiLock type=2 binder=android.os.BinderProxy@ff0f619}
04-08 17:06:08.591  2401  5497 I ActivityManager: Killing 8016:com.google.android.partnersetup/u0a35 (adj 15): empty #17
04-08 17:06:13.451  2401  4918 D WifiService: releaseWifiLockLocked: WifiLock{NlpWifiLock type=2 binder=android.os.BinderProxy@ff0f619}
04-08 17:06:37.257  2401  2418 I ActivityManager: START u0 {flg=0x10008000 cmp=chema.curso.controldehorasv12final/.PrincipalActivity} from uid 10510 on display 0
04-08 17:06:37.706  2401  4550 I ActivityManager: Start proc 8618:com.google.process.gapps/u0a31 for content provider com.google.android.gsf/.settings.GoogleSettingsProvider
04-08 17:06:38.265  2401  5504 D VoldConnector: SND -> {88 volume mkdirs /storage/emulated/0/Android/data/chema.curso.controldehorasv12final/cache/}
04-08 17:06:38.272  2401  4142 D VoldConnector: RCV <- {200 88 Command succeeded}
04-08 17:06:38.277  2401  4640 D VoldConnector: SND -> {89 volume mkdirs /storage/A20C-1BE1/Android/data/chema.curso.controldehorasv12final/cache/}
04-08 17:06:46.534  2401  4142 D VoldConnector: RCV <- {200 89 Command succeeded}
04-08 17:06:46.535  2401  4640 E VoldConnector: NDC Command {89 volume mkdirs /storage/A20C-1BE1/Android/data/chema.curso.controldehorasv12final/cache/} took too long (8258ms)
04-08 17:06:46.656  2401  5497 I ActivityManager: Killing 8048:com.android.musicfx/u0a39 (adj 15): empty #17
04-08 17:06:46.714  2401  5435 I ActivityManager: START u0 {act=android.content.pm.action.REQUEST_PERMISSIONS pkg=com.google.android.packageinstaller cmp=com.google.android.packageinstaller/com.android.packageinstaller.permission.ui.GrantPermissionsActivity (has extras)} from uid 10510 on display 0
04-08 17:06:46.855  2401  2417 I ActivityManager: Start proc 8705:com.google.android.packageinstaller/u0a34 for activity com.google.android.packageinstaller/com.android.packageinstaller.permission.ui.GrantPermissionsActivity
04-08 17:06:48.893  2401  4190 D ConnectivityService: notifyType CAP_CHANGED for NetworkAgentInfo [WIFI () - 106]
04-08 17:06:49.393  2401  5726 I ActivityManager: Killing 8064:android.process.acore/u0a19 (adj 15): empty #17
04-08 17:06:51.920  2401  4190 D ConnectivityService: notifyType CAP_CHANGED for NetworkAgentInfo [WIFI () - 106]
04-08 17:06:52.051  2401  2490 I ActivityManager: Start proc 8770:com.sony.nfx.app.sfrc/u0a203 for broadcast com.sony.nfx.app.sfrc/.notification.NotificationAlarmBroadcast
04-08 17:06:52.862  2401  5726 I ActivityManager: Killing 8080:com.sonyericsson.android.camera/u0a50 (adj 15): empty #17
04-08 17:06:53.474  8835  8855 F libc    : Fatal signal 7 (SIGBUS), code 1, fault addr 0xc0011 in tid 8855 (Compiler driver)
04-08 17:06:53.571  8835  8835 F libc    : Fatal signal 11 (SIGSEGV), code 1, fault addr 0x16 in tid 8835 (main)
04-08 17:06:53.580   569   569 F DEBUG   : *** *** *** *** *** *** *** *** *** *** *** *** *** *** *** ***
04-08 17:06:53.580   569   569 F DEBUG   : UUID: eaaa8cb8-a644-4d70-8546-e24130b75678
04-08 17:06:53.580   569   569 F DEBUG   : Build fingerprint: 'Sony/D6503/D6503:6.0.1/23.5.A.1.291/2769308465:user/release-keys'
04-08 17:06:53.580   569   569 F DEBUG   : Revision: '0'
04-08 17:06:53.580   569   569 F DEBUG   : ABI: 'arm'
04-08 17:06:53.580   569   569 F DEBUG   : pid: 8835, tid: 8855, name: Compiler driver  >>> /system/bin/dex2oat <<<
04-08 17:06:53.580   569   569 F DEBUG   : signal 7 (SIGBUS), code 1 (BUS_ADRALN), fault addr 0xc0011
04-08 17:06:53.580  2401  4482 W NativeCrashListener: Couldn't find ProcessRecord for pid 8835
04-08 17:06:53.582   569   569 F DEBUG   :     r0 000c0001  r1 ffff0006  r2 b1782044  r3 ffff0006
04-08 17:06:53.582   569   569 F DEBUG   :     r4 b1708630  r5 b17859e4  r6 b1785ae8  r7 00250000
04-08 17:06:53.582   569   569 F DEBUG   :     r8 b1785950  r9 ffffffff  sl b1785948  fp b1785954
04-08 17:06:53.582   569   569 F DEBUG   :     ip b1c7f2ee  sp b1c7f2e0  lr b1782a10  pc b6c1e712  cpsr 200d0030
04-08 17:06:53.597   569   569 F DEBUG   : 
04-08 17:06:53.597   569   569 F DEBUG   : backtrace:
04-08 17:06:53.597   569   569 F DEBUG   :     #00 pc 000e7712  /system/lib/libart-compiler.so (_ZN3art19LocalValueNumbering16HandleInvokeArgsEPKNS_3MIREPKS0_+229)
04-08 17:06:53.597   569   569 F DEBUG   :     #01 pc 000eacc1  /system/lib/libart-compiler.so (_ZN3art19LocalValueNumbering14GetValueNumberEPNS_3MIRE+624)
04-08 17:06:53.597   569   569 F DEBUG   :     #02 pc 001bff9d  /system/lib/libart-compiler.so (_ZN3art8MIRGraph28ApplyGlobalValueNumberingEndEv+212)
04-08 17:06:53.597   569   569 F DEBUG   :     #03 pc 001c2141  /system/lib/libart-compiler.so (_ZN3art16PassDriverMEOpts9ApplyPassEPNS_14PassDataHolderEPKNS_4PassE+44)
04-08 17:06:53.597   569   569 F DEBUG   :     #04 pc 0017259f  /system/lib/libart-compiler.so
04-08 17:06:53.597   569   569 F DEBUG   :     #05 pc 00172ddb  /system/lib/libart-compiler.so (_ZNK3art13QuickCompiler7CompileEPKNS_7DexFile8CodeItemEjNS_10InvokeTypeEtjP8_jobjectRKS1_+1406)
04-08 17:06:53.597   569   569 F DEBUG   :     #06 pc 0033677d  /system/lib/libart-compiler.so (_ZN3art14TryFastCompileEPNS_14CompilerDriverEPNS_8CompilerEPKNS_7DexFile8CodeItemEjNS_10InvokeTypeEtjP8_jobjectRKS4_+188)
04-08 17:06:53.597   569   569 F DEBUG   :     #07 pc 0026c66b  /system/lib/libart-compiler.so (_ZNK3art18OptimizingCompiler7CompileEPKNS_7DexFile8CodeItemEjNS_10InvokeTypeEtjP8_jobjectRKS1_+206)
04-08 17:06:53.597   569   569 F DEBUG   :     #08 pc 001d18a3  /system/lib/libart-compiler.so (_ZN3art14CompilerDriver13CompileMethodEPNS_6ThreadEPKNS_7DexFile8CodeItemEjNS_10InvokeTypeEtjP8_jobjectRKS3_NS_24DexToDexCompilationLevelEb+1898)
04-08 17:06:53.597   569   569 F DEBUG   :     #09 pc 001d258f  /system/lib/libart-compiler.so (_ZN3art14CompilerDriver12CompileClassEPKNS_26ParallelCompilationManagerEj+1990)
04-08 17:06:53.597   569   569 F DEBUG   :     #10 pc 001c853b  /system/lib/libart-compiler.so
04-08 17:06:53.597   569   569 F DEBUG   :     #11 pc 0035dcb5  /system/lib/libart.so (_ZN3art16ThreadPoolWorker3RunEv+264)
04-08 17:06:53.597   569   569 F DEBUG   :     #12 pc 0035e37f  /system/lib/libart.so (_ZN3art16ThreadPoolWorker8CallbackEPv+54)
04-08 17:06:53.597   569   569 F DEBUG   :     #13 pc 0003f5af  /system/lib/libc.so (_ZL15__pthread_startPv+30)
04-08 17:06:53.597   569   569 F DEBUG   :     #14 pc 00019c97  /system/lib/libc.so (__start_thread+6)
04-08 17:06:53.701   569   569 F DEBUG   : 
04-08 17:06:53.701   569   569 F DEBUG   : Tombstone written to: /data/tombstones/tombstone_09
04-08 17:06:53.703  2401  2726 I BootReceiver: Copying /data/tombstones/tombstone_09 to DropBox (SYSTEM_TOMBSTONE)
04-08 17:06:53.867  7655  8865 W ContextImpl: Calling a method in the system process without a qualified user: android.app.ContextImpl.bindService:1271 android.content.ContextWrapper.bindService:604 com.sonyericsson.crashmonitor.MiscTaAdapter.open:90 com.sonyericsson.crashmonitor.service.CrashMonitorService.onInit:127 com.sonyericsson.crashmonitor.service.CrashMonitorService.onHandleIntent:192 
04-08 17:06:53.879  2401  5488 I ActivityManager: Start proc 8866:com.sonyericsson.android.bootinfo:remote/1000 for service com.sonyericsson.android.bootinfo/.MiscTaService
04-08 17:06:54.350   198   198 I tad     : MiscTA Unit 10010: 
04-08 17:06:54.350   198   198 I tad     : WRITTEN (Size 10)
04-08 17:06:54.404   198   198 I tad     : Actual erase/write to flash done (count 23, time 1586358414).
04-08 17:06:54.404   198   198 I tad     : MiscTA: Write of unit 10010 completed - OK
04-08 17:06:54.406   198   198 I tad     : MiscTA Unit 10007: 
04-08 17:06:54.406   198   198 I tad     : WRITTEN (Size 402)
04-08 17:06:54.631   198   198 I tad     : Actual erase/write to flash done (count 24, time 1586358414).
04-08 17:06:54.631   198   198 I tad     : MiscTA: Write of unit 10007 completed - OK
04-08 17:06:54.667  2401  5354 I ActivityManager: Start proc 8907:com.google.android.webview:webview_service/u0a183 for service com.google.android.webview/org.chromium.android_webview.services.VariationsSeedServer
04-08 17:06:54.750  2401  4918 I ActivityManager: Killing 8085:com.sonymobile.exchange/u0a112 (adj 15): empty #17
04-08 17:06:54.864  2401  5468 D ConnectivityService: listenForNetwork for Listen from uid/pid:10203/8770 for NetworkRequest [ id=77, legacyType=-1, [ Capabilities: INTERNET&NOT_RESTRICTED&TRUSTED] ]
04-08 17:06:54.988  2401  4640 I ActivityManager: Killing 8120:com.sonymobile.email/u0a161 (adj 15): empty #17
04-08 17:07:03.987  2401  4190 D ConnectivityService: notifyType CAP_CHANGED for NetworkAgentInfo [WIFI () - 106]
04-08 17:07:04.647  2401  5504 W InputMethodManagerService: Window already focused, ignoring focus gain of: com.android.internal.view.IInputMethodClient$Stub$Proxy@e565085 attribute=null, token = android.os.BinderProxy@a78481
04-08 17:07:07.004  2401  4190 D ConnectivityService: notifyType CAP_CHANGED for NetworkAgentInfo [WIFI () - 106]
04-08 17:07:32.717  2401  6796 D WifiService: acquireWifiLockLocked: WifiLock{NlpWifiLock type=2 binder=android.os.BinderProxy@5307001}
04-08 17:07:34.187  2401  4190 D ConnectivityService: notifyType CAP_CHANGED for NetworkAgentInfo [WIFI () - 106]
04-08 17:07:35.149  2401  2417 W InputMethodManagerService: Window already focused, ignoring focus gain of: com.android.internal.view.IInputMethodClient$Stub$Proxy@9862ea6 attribute=null, token = android.os.BinderProxy@a78481
04-08 17:07:37.208  2401  4190 D ConnectivityService: notifyType CAP_CHANGED for NetworkAgentInfo [WIFI () - 106]
04-08 17:07:37.566  2401  2401 D ConnectivityService: requestNetwork for Request from uid/pid:1000/2401 for NetworkRequest [ id=78, legacyType=3, [ Transports: CELLULAR Capabilities: SUPL&NOT_RESTRICTED&TRUSTED&NOT_VPN] ]
04-08 17:07:37.574  2401  4640 D ActivityManager: New dropbox entry: com.android.phone, system_app_wtf, 888bfeaf-8b2a-4862-abb7-d7c9d75e6a11
04-08 17:07:37.597  2401  2490 I ActivityManager: Start proc 9121:com.sonyericsson.tetherentitlementcheck/1001 for broadcast com.sonyericsson.tetherentitlementcheck/.TetheringMobileStateReceiver
04-08 17:07:37.657  2401  5504 I ActivityManager: Killing 8163:com.sonymobile.android.addoncamera.supervideo/u0a73 (adj 15): empty #17
04-08 17:07:40.027  2401  4144 D WifiService: releaseWifiLockLocked: WifiLock{NlpWifiLock type=2 binder=android.os.BinderProxy@5307001}
04-08 17:07:40.080  2401  4190 D ConnectivityService: releasing NetworkRequest NetworkRequest [ id=78, legacyType=3, [ Transports: CELLULAR Capabilities: SUPL&NOT_RESTRICTED&TRUSTED&NOT_VPN] ]
04-08 17:07:40.222  2401  4190 D ConnectivityService: notifyType CAP_CHANGED for NetworkAgentInfo [WIFI () - 106]
04-08 17:07:40.968  2401  2490 I ActivityManager: Start proc 9165:com.tranzmate:profiler/u0a481 for broadcast com.tranzmate/com.moovit.sdk.profilers.activity.ActivityProfiler$ActivityReceiver
04-08 17:07:41.549  2401  5317 I ActivityManager: Killing 8234:com.sonymobile.runtimeskinning.core/u0a200 (adj 15): empty #17
04-08 17:07:43.236  2401  4190 D ConnectivityService: notifyType CAP_CHANGED for NetworkAgentInfo [WIFI () - 106]
04-08 17:07:50.383  2401  2418 D WifiService: acquireWifiLockLocked: WifiLock{NlpWifiLock type=2 binder=android.os.BinderProxy@5307001}
04-08 17:07:55.451  2401  4144 D WifiService: releaseWifiLockLocked: WifiLock{NlpWifiLock type=2 binder=android.os.BinderProxy@5307001}
04-08 17:08:01.775  2401  5354 W ActivityManager: Duplicate finish request for ActivityRecord{b9ca1a1 u0 chema.curso.controldehorasv12final/.PrincipalActivity t1863 f}
04-08 17:08:01.979  2401  2490 I ActivityManager: Killing 7988:com.sonymobile.cameracommon/u0a20 (adj 15): empty #17
04-08 17:08:03.549  2401  4591 I ActivityManager: START u0 {act=com.android.systemui.recents.SHOW_RECENTS flg=0x10804000 cmp=com.android.systemui/.recents.RecentsActivity} from uid 10074 on display 0
04-08 17:08:03.596  2401  6796 I ActivityManager: Start proc 9348:com.sony.smallapp.managerservice/u0a61 for service com.sony.smallapp.managerservice/.SmallAppManagerService
04-08 17:08:03.735  2401  4144 I ActivityManager: Killing 8275:com.sonyericsson.updatecenter/u0a78 (adj 15): empty #17
04-08 17:08:04.493  2401  5354 I ActivityManager: Killing 8139:chema.curso.controldehorasv12final/u0a510 (adj 9): remove task
04-08 17:08:05.311  2401  5726 I ActivityManager: START u0 {act=android.intent.action.MAIN cat=[android.intent.category.HOME] flg=0x10200000 cmp=com.sonyericsson.home/com.sonymobile.home.HomeActivity} from uid 10074 on display 0
04-08 17:08:10.074  2401  5488 I ActivityManager: START u0 {act=android.intent.action.MAIN cat=[android.intent.category.LAUNCHER] flg=0x10200000 cmp=chema.curso.controldehorasv12final/.SplashActivity bnds=[792,525][1044,819]} from uid 10103 on display 0
04-08 17:08:10.120  2401  5497 I ActivityManager: Start proc 9411:chema.curso.controldehorasv12final/u0a510 for activity chema.curso.controldehorasv12final/.SplashActivity
04-08 17:08:13.442  2401  4190 D ConnectivityService: notifyType CAP_CHANGED for NetworkAgentInfo [WIFI () - 106]
04-08 17:08:16.476  2401  4190 D ConnectivityService: notifyType CAP_CHANGED for NetworkAgentInfo [WIFI () - 106]
04-08 17:08:22.510  2401  4190 D ConnectivityService: notifyType CAP_CHANGED for NetworkAgentInfo [WIFI () - 106]
04-08 17:08:25.536  2401  4190 D ConnectivityService: notifyType CAP_CHANGED for NetworkAgentInfo [WIFI () - 106]
04-08 17:08:28.547  2401  4190 D ConnectivityService: notifyType CAP_CHANGED for NetworkAgentInfo [WIFI () - 106]
04-08 17:08:31.578  2401  4190 D ConnectivityService: notifyType CAP_CHANGED for NetworkAgentInfo [WIFI () - 106]
04-08 17:08:34.941  2401  2418 I ActivityManager: START u0 {act=android.intent.action.MAIN cat=[android.intent.category.LAUNCHER] flg=0x10200000 cmp=chema.curso.controldehorasv12final/.SplashActivity bnds=[792,525][1044,819]} from uid 10103 on display 0
04-08 17:08:50.406  2401  5435 D WifiService: acquireWifiLockLocked: WifiLock{NlpWifiLock type=2 binder=android.os.BinderProxy@dd4afe3}
04-08 17:08:52.720  2401  4190 D ConnectivityService: notifyType CAP_CHANGED for NetworkAgentInfo [WIFI () - 106]
04-08 17:08:53.371  2401  6796 I ActivityManager: START u0 {act=android.intent.action.MAIN cat=[android.intent.category.LAUNCHER] flg=0x10200000 cmp=chema.curso.controldehorasv12final/.SplashActivity bnds=[792,525][1044,819]} from uid 10103 on display 0
04-08 17:08:55.444  2401  4550 D WifiService: releaseWifiLockLocked: WifiLock{NlpWifiLock type=2 binder=android.os.BinderProxy@dd4afe3}
04-08 17:08:55.730  2401  4190 D ConnectivityService: notifyType CAP_CHANGED for NetworkAgentInfo [WIFI () - 106]
04-08 17:08:58.750  2401  4190 D ConnectivityService: notifyType CAP_CHANGED for NetworkAgentInfo [WIFI () - 106]
04-08 17:09:07.836  2401  4190 D ConnectivityService: notifyType CAP_CHANGED for NetworkAgentInfo [WIFI () - 106]
04-08 17:09:16.916  2401  4190 D ConnectivityService: notifyType CAP_CHANGED for NetworkAgentInfo [WIFI () - 106]
04-08 17:09:19.953  2401  4190 D ConnectivityService: notifyType CAP_CHANGED for NetworkAgentInfo [WIFI () - 106]
04-08 17:09:23.047  2401  2477 I UsageStatsService: User[0] Flushing usage stats to disk
04-08 17:09:26.006  2401  4190 D ConnectivityService: notifyType CAP_CHANGED for NetworkAgentInfo [WIFI () - 106]
04-08 17:09:32.060  2401  4190 D ConnectivityService: notifyType CAP_CHANGED for NetworkAgentInfo [WIFI () - 106]
04-08 17:09:35.085  2401  4190 D ConnectivityService: notifyType CAP_CHANGED for NetworkAgentInfo [WIFI () - 106]
04-08 17:09:38.115  2401  4190 D ConnectivityService: notifyType CAP_CHANGED for NetworkAgentInfo [WIFI () - 106]
04-08 17:09:39.605  2401  5488 I ActivityManager: START u0 {act=android.intent.action.MAIN cat=[android.intent.category.LAUNCHER] flg=0x10200000 cmp=chema.curso.controldehorasv12final/.SplashActivity bnds=[792,525][1044,819]} from uid 10103 on display 0
04-08 17:09:46.974  2401  5497 I ActivityManager: START u0 {flg=0x10008000 cmp=chema.curso.controldehorasv12final/.PrincipalActivity} from uid 10510 on display 0
04-08 17:09:48.205  2401  5435 D WifiService: acquireWifiLockLocked: WifiLock{NlpWifiLock type=2 binder=android.os.BinderProxy@69fb31d}
04-08 17:09:48.259  2401  2401 D ConnectivityService: requestNetwork for Request from uid/pid:1000/2401 for NetworkRequest [ id=79, legacyType=3, [ Transports: CELLULAR Capabilities: SUPL&NOT_RESTRICTED&TRUSTED&NOT_VPN] ]
04-08 17:09:48.265  2401  4918 D ActivityManager: New dropbox entry: com.android.phone, system_app_wtf, 494a86de-789d-4268-bca4-0aa0ad03f0c7
04-08 17:09:53.296  2401  2418 D WifiService: releaseWifiLockLocked: WifiLock{NlpWifiLock type=2 binder=android.os.BinderProxy@69fb31d}
04-08 17:09:58.312  2401  5468 D WifiService: acquireWifiLockLocked: WifiLock{NlpWifiLock type=2 binder=android.os.BinderProxy@69fb31d}
04-08 17:09:58.375  2401  4144 D WifiService: releaseWifiLockLocked: WifiLock{NlpWifiLock type=2 binder=android.os.BinderProxy@69fb31d}
04-08 17:09:58.422  2401  4190 D ConnectivityService: releasing NetworkRequest NetworkRequest [ id=79, legacyType=3, [ Transports: CELLULAR Capabilities: SUPL&NOT_RESTRICTED&TRUSTED&NOT_VPN] ]
04-08 17:10:38.374  2401  2417 D WifiService: acquireWifiLockLocked: WifiLock{NlpWifiLock type=2 binder=android.os.BinderProxy@69fb31d}
04-08 17:10:38.454  2401  2401 D ConnectivityService: requestNetwork for Request from uid/pid:1000/2401 for NetworkRequest [ id=80, legacyType=3, [ Transports: CELLULAR Capabilities: SUPL&NOT_RESTRICTED&TRUSTED&NOT_VPN] ]
04-08 17:10:38.459  2401  4144 D ActivityManager: New dropbox entry: com.android.phone, system_app_wtf, ff1d007a-bc39-4e61-bdc5-86c14989f6eb
04-08 17:10:43.462  2401  5488 D WifiService: releaseWifiLockLocked: WifiLock{NlpWifiLock type=2 binder=android.os.BinderProxy@69fb31d}
04-08 17:10:48.474  2401  5354 D WifiService: acquireWifiLockLocked: WifiLock{NlpWifiLock type=2 binder=android.os.BinderProxy@69fb31d}
04-08 17:10:48.533  2401  5468 D WifiService: releaseWifiLockLocked: WifiLock{NlpWifiLock type=2 binder=android.os.BinderProxy@69fb31d}
04-08 17:10:48.879  2401  4918 D WifiService: acquireWifiLockLocked: WifiLock{NlpWifiLock type=2 binder=android.os.BinderProxy@69fb31d}
04-08 17:10:55.065  2401  5317 D WifiService: releaseWifiLockLocked: WifiLock{NlpWifiLock type=2 binder=android.os.BinderProxy@69fb31d}
04-08 17:11:00.080  2401  4918 D WifiService: acquireWifiLockLocked: WifiLock{NlpWifiLock type=2 binder=android.os.BinderProxy@69fb31d}
04-08 17:11:00.153  2401  5504 D WifiService: releaseWifiLockLocked: WifiLock{NlpWifiLock type=2 binder=android.os.BinderProxy@69fb31d}
04-08 17:11:00.245  2401  4190 D ConnectivityService: releasing NetworkRequest NetworkRequest [ id=80, legacyType=3, [ Transports: CELLULAR Capabilities: SUPL&NOT_RESTRICTED&TRUSTED&NOT_VPN] ]
04-08 17:11:18.039  2401  4138 I PowerManagerService: Going to sleep due to power button (uid 1000)...
04-08 17:11:18.041  2401  2730 I PowerManagerService: Sleeping (uid 1000)...
04-08 17:11:19.217  2401  2728 I DisplayManagerService: Display device changed state: "Pantalla incorporada", OFF
04-08 17:11:19.559  2401  4144 D WifiService: acquireWifiLockLocked: WifiLock{NlpWifiLock type=2 binder=android.os.BinderProxy@6e53281}
04-08 17:11:24.689  2401  2417 D WifiService: releaseWifiLockLocked: WifiLock{NlpWifiLock type=2 binder=android.os.BinderProxy@6e53281}
04-08 17:11:33.330   567  1917 E NetlinkEvent: NetlinkEvent::FindParam(): Parameter 'TIME_NS' not found
04-08 17:11:33.331   567  1917 E NetlinkEvent: NetlinkEvent::FindParam(): Parameter 'UID' not found
04-08 17:11:37.378   567  1917 E NetlinkEvent: NetlinkEvent::FindParam(): Parameter 'TIME_NS' not found
04-08 17:11:37.378   567  1917 E NetlinkEvent: NetlinkEvent::FindParam(): Parameter 'UID' not found
04-08 17:12:13.570   567  1917 E NetlinkEvent: NetlinkEvent::FindParam(): Parameter 'TIME_NS' not found
04-08 17:12:13.570   567  1917 E NetlinkEvent: NetlinkEvent::FindParam(): Parameter 'UID' not found
04-08 17:12:21.367   567  1917 E NetlinkEvent: NetlinkEvent::FindParam(): Parameter 'TIME_NS' not found
04-08 17:12:21.367   567  1917 E NetlinkEvent: NetlinkEvent::FindParam(): Parameter 'UID' not found
04-08 17:12:49.839  2401  5497 D WifiService: acquireWifiLockLocked: WifiLock{NlpWifiLock type=2 binder=android.os.BinderProxy@6e53281}
04-08 17:12:54.997  2401  2418 D WifiService: releaseWifiLockLocked: WifiLock{NlpWifiLock type=2 binder=android.os.BinderProxy@6e53281}
04-08 17:13:24.570   567  1917 E NetlinkEvent: NetlinkEvent::FindParam(): Parameter 'TIME_NS' not found
04-08 17:13:24.570   567  1917 E NetlinkEvent: NetlinkEvent::FindParam(): Parameter 'UID' not found
04-08 17:13:26.115   567  1917 E NetlinkEvent: NetlinkEvent::FindParam(): Parameter 'TIME_NS' not found
04-08 17:13:26.116   567  1917 E NetlinkEvent: NetlinkEvent::FindParam(): Parameter 'UID' not found
04-08 17:13:41.131   567  1917 E NetlinkEvent: NetlinkEvent::FindParam(): Parameter 'TIME_NS' not found
04-08 17:13:41.131   567  1917 E NetlinkEvent: NetlinkEvent::FindParam(): Parameter 'UID' not found
04-08 17:13:46.997   567  1917 E NetlinkEvent: NetlinkEvent::FindParam(): Parameter 'TIME_NS' not found
04-08 17:13:46.997   567  1917 E NetlinkEvent: NetlinkEvent::FindParam(): Parameter 'UID' not found
04-08 17:13:50.757  2401  2490 W ProcessStats: Time val negative: -49264
04-08 17:13:50.781  2401  2490 I ProcessStatsService: Prepared write state in 31ms
04-08 17:14:10.179  2401  4138 I PowerManagerService: Waking up from sleep (uid 1000)...
04-08 17:14:10.198  2401  2730 I DisplayPowerController: Blocking screen on until initial contents have been drawn.
04-08 17:14:10.249  2401  2728 I DisplayManagerService: Display device changed state: "Pantalla incorporada", ON
04-08 17:14:10.360  2401  2730 I DisplayPowerController: Unblocked screen on after 162 ms
04-08 17:14:11.495  2401  2491 W WindowManager: performLayoutAndPlaceSurfacesLocked called while in layout. Callers=com.android.server.wm.WindowManagerService.performLayoutAndPlaceSurfacesLocked:9084 com.android.server.wm.WindowManagerService.reevaluateStatusBarVisibility:11217 com.android.server.policy.PhoneWindowManager.clearClearableFlagsLw:7803 
04-08 17:14:11.626  2401  6796 D WifiService: acquireWifiLockLocked: WifiLock{NlpWifiLock type=2 binder=android.os.BinderProxy@6e53281}
04-08 17:14:13.160  2401  2490 W BroadcastQueue: Permission Denial: broadcasting Intent { act=android.intent.action.USER_PRESENT flg=0x24000010 } from com.android.systemui (pid=4499, uid=10074) is not exported from uid 10040 due to receiver com.sonymobile.mx.android/.receivers.StopMessageReceiver
