04-08 14:58:49.903  2401  4190 I chatty  : uid=1000(system) ConnectivitySer expire 5 lines
04-08 15:04:21.316 16967 19327 I chatty  : uid=1000(system) com.sonyericsson.crashmonitor expire 1 line
04-08 15:27:02.816 16967 20179 I chatty  : uid=1000(system) com.sonyericsson.crashmonitor expire 1 line
04-08 15:42:41.104  2401  2491 I chatty  : uid=1000(system) android.ui expire 1 line
04-08 15:42:43.391 20660 20660 I chatty  : uid=1000(system) com.sonyericsson.tvout.mhl expire 2 lines
04-08 15:42:47.828 20718 20754 I chatty  : uid=1000(system) com.sonymobile.tvout.wifidisplay expire 1 line
04-08 15:42:48.741  2401  4188 I chatty  : uid=1000(system) WifiStateMachin expire 1 line
04-08 15:42:48.752  4717  4717 I chatty  : uid=1000(system) com.sonyericsson.usbux expire 1 line
04-08 15:42:48.765  2401  5497 I chatty  : uid=1000(system) Binder_D expire 2 lines
04-08 15:42:48.827  2401  4190 I chatty  : uid=1000(system) ConnectivitySer expire 26 lines
04-08 15:42:48.848  4717  5169 I chatty  : uid=1000(system) com.sonyericsson.usbux expire 1 line
04-08 15:42:48.876  2401  2401 I chatty  : uid=1000 system_server expire 4 lines
04-08 15:42:49.032  2401  6796 I chatty  : uid=1000(system) Binder_10 expire 2 lines
04-08 15:42:49.630  2401  4918 I chatty  : uid=1000(system) Binder_7 expire 1 line
04-08 15:42:51.078  2401  4591 I chatty  : uid=1000(system) Binder_5 expire 1 line
04-08 15:42:52.058  2401  5504 I chatty  : uid=1000(system) Binder_E expire 1 line
04-08 15:42:52.402  2401  4144 I chatty  : uid=1000(system) Binder_3 expire 1 line
04-08 15:42:53.242  2401  2418 I chatty  : uid=1000(system) Binder_2 expire 2 lines
04-08 15:42:53.303  2401  4640 I chatty  : uid=1000(system) Binder_6 expire 1 line
04-08 15:42:53.304  2401  4189 I chatty  : uid=1000(system) WifiService expire 1 line
04-08 15:42:53.599  2401  2417 I chatty  : uid=1000(system) Binder_1 expire 2 lines
04-08 15:42:53.998  2401  5354 I chatty  : uid=1000(system) Binder_9 expire 1 line
04-08 15:42:54.212  2401  4122 I chatty  : uid=1000(system) AlarmManager expire 1 line
04-08 15:42:54.651  2401  5435 I chatty  : uid=1000(system) Binder_A expire 2 lines
04-08 15:42:55.229  2401  6796 I chatty  : uid=1000(system) Binder_10 expire 2 lines
04-08 15:42:55.308  2401  2401 I chatty  : uid=1000 system_server expire 1 line
04-08 15:42:55.694  2401  5497 I chatty  : uid=1000(system) Binder_D expire 2 lines
04-08 15:42:55.947  2401  2418 I chatty  : uid=1000(system) Binder_2 expire 2 lines
04-08 15:42:56.306 21472 21493 F libc    : Fatal signal 7 (SIGBUS), code 1, fault addr 0xc0011 in tid 21493 (Compiler driver)
04-08 15:42:56.408   569   569 F DEBUG   : *** *** *** *** *** *** *** *** *** *** *** *** *** *** *** ***
04-08 15:42:56.408   569   569 F DEBUG   : UUID: 2db29f6c-62e7-431c-a22b-185812a06ab8
04-08 15:42:56.408   569   569 F DEBUG   : Build fingerprint: 'Sony/D6503/D6503:6.0.1/23.5.A.1.291/2769308465:user/release-keys'
04-08 15:42:56.408   569   569 F DEBUG   : Revision: '0'
04-08 15:42:56.408   569   569 F DEBUG   : ABI: 'arm'
04-08 15:42:56.408  2401  4482 I chatty  : uid=1000(system) Thread-65 expire 1 line
04-08 15:42:56.408   569   569 F DEBUG   : pid: 21472, tid: 21493, name: Compiler driver  >>> /system/bin/dex2oat <<<
04-08 15:42:56.408   569   569 F DEBUG   : signal 7 (SIGBUS), code 1 (BUS_ADRALN), fault addr 0xc0011
04-08 15:42:56.411   569   569 F DEBUG   :     r0 000c0001  r1 ffff0006  r2 b15c2044  r3 ffff0006
04-08 15:42:56.411   569   569 F DEBUG   :     r4 b1488630  r5 b15c59e4  r6 b15c5ae8  r7 00250000
04-08 15:42:56.411   569   569 F DEBUG   :     r8 b15c5950  r9 ffffffff  sl b15c5948  fp b15c5954
04-08 15:42:56.411   569   569 F DEBUG   :     ip b1c7f2ee  sp b1c7f2e0  lr b15c2a10  pc b6c21712  cpsr 200d0030
04-08 15:42:56.432   569   569 F DEBUG   : 
04-08 15:42:56.432   569   569 F DEBUG   : backtrace:
04-08 15:42:56.433   569   569 F DEBUG   :     #00 pc 000e7712  /system/lib/libart-compiler.so (_ZN3art19LocalValueNumbering16HandleInvokeArgsEPKNS_3MIREPKS0_+229)
04-08 15:42:56.433   569   569 F DEBUG   :     #01 pc 000eacc1  /system/lib/libart-compiler.so (_ZN3art19LocalValueNumbering14GetValueNumberEPNS_3MIRE+624)
04-08 15:42:56.433   569   569 F DEBUG   :     #02 pc 001bff9d  /system/lib/libart-compiler.so (_ZN3art8MIRGraph28ApplyGlobalValueNumberingEndEv+212)
04-08 15:42:56.433   569   569 F DEBUG   :     #03 pc 001c2141  /system/lib/libart-compiler.so (_ZN3art16PassDriverMEOpts9ApplyPassEPNS_14PassDataHolderEPKNS_4PassE+44)
04-08 15:42:56.433   569   569 F DEBUG   :     #04 pc 0017259f  /system/lib/libart-compiler.so
04-08 15:42:56.433   569   569 F DEBUG   :     #05 pc 00172ddb  /system/lib/libart-compiler.so (_ZNK3art13QuickCompiler7CompileEPKNS_7DexFile8CodeItemEjNS_10InvokeTypeEtjP8_jobjectRKS1_+1406)
04-08 15:42:56.433   569   569 F DEBUG   :     #06 pc 0033677d  /system/lib/libart-compiler.so (_ZN3art14TryFastCompileEPNS_14CompilerDriverEPNS_8CompilerEPKNS_7DexFile8CodeItemEjNS_10InvokeTypeEtjP8_jobjectRKS4_+188)
04-08 15:42:56.433   569   569 F DEBUG   :     #07 pc 0026c66b  /system/lib/libart-compiler.so (_ZNK3art18OptimizingCompiler7CompileEPKNS_7DexFile8CodeItemEjNS_10InvokeTypeEtjP8_jobjectRKS1_+206)
04-08 15:42:56.433   569   569 F DEBUG   :     #08 pc 001d18a3  /system/lib/libart-compiler.so (_ZN3art14CompilerDriver13CompileMethodEPNS_6ThreadEPKNS_7DexFile8CodeItemEjNS_10InvokeTypeEtjP8_jobjectRKS3_NS_24DexToDexCompilationLevelEb+1898)
04-08 15:42:56.433   569   569 F DEBUG   :     #09 pc 001d258f  /system/lib/libart-compiler.so (_ZN3art14CompilerDriver12CompileClassEPKNS_26ParallelCompilationManagerEj+1990)
04-08 15:42:56.433   569   569 F DEBUG   :     #10 pc 001c853b  /system/lib/libart-compiler.so
04-08 15:42:56.433   569   569 F DEBUG   :     #11 pc 0035dcb5  /system/lib/libart.so (_ZN3art16ThreadPoolWorker3RunEv+264)
04-08 15:42:56.433   569   569 F DEBUG   :     #12 pc 0035e37f  /system/lib/libart.so (_ZN3art16ThreadPoolWorker8CallbackEPv+54)
04-08 15:42:56.433   569   569 F DEBUG   :     #13 pc 0003f5af  /system/lib/libc.so (_ZL15__pthread_startPv+30)
04-08 15:42:56.433   569   569 F DEBUG   :     #14 pc 00019c97  /system/lib/libc.so (__start_thread+6)
04-08 15:42:56.526   569   569 F DEBUG   : 
04-08 15:42:56.526   569   569 F DEBUG   : Tombstone written to: /data/tombstones/tombstone_06
04-08 15:42:56.527  2401  2726 I chatty  : uid=1000(system) FileObserver expire 1 line
04-08 15:42:56.743 16967 21526 I chatty  : uid=1000(system) com.sonyericsson.crashmonitor expire 1 line
04-08 15:42:56.759  2401  5504 I chatty  : uid=1000(system) Binder_E expire 3 lines
04-08 15:42:57.156  2401  4190 I chatty  : uid=1000(system) ConnectivitySer expire 1 line
04-08 15:42:57.252   198   198 I tad     : MiscTA Unit 10010: 
04-08 15:42:57.252   198   198 I tad     : WRITTEN (Size 10)
04-08 15:42:57.387   198   198 I tad     : Actual erase/write to flash done (count 17, time 1586353377).
04-08 15:42:57.387   198   198 I tad     : MiscTA: Write of unit 10010 completed - OK
04-08 15:42:57.390   198   198 I tad     : MiscTA Unit 10000: 
04-08 15:42:57.391   198   198 I tad     : WRITTEN (Size 13213)
04-08 15:42:57.789   198   198 I tad     : Actual erase/write to flash done (count 18, time 1586353377).
04-08 15:42:57.789   198   198 I tad     : MiscTA: Write of unit 10000 completed - OK
04-08 15:42:57.894  2401  4550 I chatty  : uid=1000(system) Binder_4 expire 4 lines
04-08 15:42:58.320  2401  4189 I chatty  : uid=1000(system) WifiService expire 1 line
04-08 15:42:58.679  2401  5354 I chatty  : uid=1000(system) Binder_9 expire 1 line
04-08 15:42:58.746  2401  4137 I chatty  : uid=1000(system) InputDispatcher expire 1 line
04-08 15:42:59.315  2401  2490 I chatty  : uid=1000(system) ActivityManager expire 1 line
04-08 15:43:00.548  2401  5317 I chatty  : uid=1000(system) Binder_8 expire 1 line
04-08 15:43:00.723  2401  5726 I chatty  : uid=1000(system) Binder_F expire 1 line
04-08 15:43:00.854  2401  2729 I chatty  : uid=1000(system) CpuTracker expire 2 lines
04-08 15:43:03.560  2401  5468 I chatty  : uid=1000(system) Binder_B expire 1 line
04-08 15:43:03.763  2401  4144 I chatty  : uid=1000(system) Binder_3 expire 4 lines
04-08 15:43:03.891  2401  4189 I chatty  : uid=1000(system) WifiService expire 5 lines
04-08 15:43:04.937  2401  2418 I chatty  : uid=1000(system) Binder_2 expire 7 lines
04-08 15:43:05.131  2401  5504 I chatty  : uid=1000(system) Binder_E expire 5 lines
04-08 15:43:05.243  2401  2490 I chatty  : uid=1000(system) ActivityManager expire 10 lines
04-08 15:43:05.753  2401  4640 I chatty  : uid=1000(system) Binder_6 expire 7 lines
04-08 15:43:06.177  2401  4918 I chatty  : uid=1000(system) Binder_7 expire 5 lines
04-08 15:43:06.178  2401  5497 I chatty  : uid=1000(system) Binder_D expire 8 lines
04-08 15:43:06.866  2401  4190 I chatty  : uid=1000(system) ConnectivitySer expire 28 lines
04-08 15:43:07.248  2401  5726 I chatty  : uid=1000(system) Binder_F expire 2 lines
04-08 15:43:07.658  2401  2417 I chatty  : uid=1000(system) Binder_1 expire 7 lines
04-08 15:43:07.721  2401  5317 I chatty  : uid=1000(system) Binder_8 expire 4 lines
04-08 15:43:08.103  2401  5354 I chatty  : uid=1000(system) Binder_9 expire 3 lines
04-08 15:43:10.230  2401  4591 I chatty  : uid=1000(system) Binder_5 expire 8 lines
04-08 15:43:13.784  2401  5488 I chatty  : uid=1000(system) Binder_C expire 8 lines
04-08 15:43:40.577  2401  2729 I chatty  : uid=1000(system) CpuTracker expire 6 lines
04-08 15:43:54.091  2401  4550 I chatty  : uid=1000(system) Binder_4 expire 5 lines
04-08 15:44:15.581  2401  6796 I chatty  : uid=1000(system) Binder_10 expire 9 lines
04-08 15:46:50.085  2401  5468 I chatty  : uid=1000(system) Binder_B expire 4 lines
04-08 15:47:34.748  2401  4122 I chatty  : uid=1000(system) AlarmManager expire 2 lines
04-08 15:47:34.805 16967 23789 I chatty  : uid=1000(system) com.sonyericsson.crashmonitor expire 1 line
04-08 15:48:42.722  2401  2733 I chatty  : uid=1000(system) PackageManager expire 1 line
04-08 15:48:42.722  2401  2401 I chatty  : uid=1000 system_server expire 8 lines
04-08 15:48:43.595 24394 24394 D ActivityThread: Loading provider com.google.android.gm.sapi: com.google.android.gm.sapi.SapiUiProvider
04-08 15:48:46.524  2401  4137 I chatty  : uid=1000(system) InputDispatcher expire 1 line
04-08 15:48:50.972  2401  4138 I chatty  : uid=1000(system) InputReader expire 10 lines
04-08 15:48:50.973  2401  2730 I chatty  : uid=1000(system) PowerManagerSer expire 10 lines
04-08 15:48:52.151  2401  2728 I chatty  : uid=1000(system) android.display expire 10 lines
04-08 15:50:00.818  2401  4190 I chatty  : uid=1000(system) ConnectivitySer expire 10 lines
04-08 15:50:26.691   567  1917 E NetlinkEvent: NetlinkEvent::FindParam(): Parameter 'TIME_NS' not found
04-08 15:50:26.691   567  1917 E NetlinkEvent: NetlinkEvent::FindParam(): Parameter 'UID' not found
04-08 15:50:35.910   567  1917 E NetlinkEvent: NetlinkEvent::FindParam(): Parameter 'TIME_NS' not found
04-08 15:50:35.910   567  1917 E NetlinkEvent: NetlinkEvent::FindParam(): Parameter 'UID' not found
04-08 15:51:10.131   567  1917 E NetlinkEvent: NetlinkEvent::FindParam(): Parameter 'TIME_NS' not found
04-08 15:51:10.131   567  1917 E NetlinkEvent: NetlinkEvent::FindParam(): Parameter 'UID' not found
04-08 15:51:26.598   567  1917 E NetlinkEvent: NetlinkEvent::FindParam(): Parameter 'TIME_NS' not found
04-08 15:51:26.599   567  1917 E NetlinkEvent: NetlinkEvent::FindParam(): Parameter 'UID' not found
04-08 15:51:49.010   567  1917 E NetlinkEvent: NetlinkEvent::FindParam(): Parameter 'TIME_NS' not found
04-08 15:51:49.010   567  1917 E NetlinkEvent: NetlinkEvent::FindParam(): Parameter 'UID' not found
04-08 15:51:54.244   567  1917 E NetlinkEvent: NetlinkEvent::FindParam(): Parameter 'TIME_NS' not found
04-08 15:51:54.244   567  1917 E NetlinkEvent: NetlinkEvent::FindParam(): Parameter 'UID' not found
04-08 15:52:11.730   567  1917 E NetlinkEvent: NetlinkEvent::FindParam(): Parameter 'TIME_NS' not found
04-08 15:52:11.730   567  1917 E NetlinkEvent: NetlinkEvent::FindParam(): Parameter 'UID' not found
04-08 15:52:24.963   567  1917 E NetlinkEvent: NetlinkEvent::FindParam(): Parameter 'TIME_NS' not found
04-08 15:52:24.963   567  1917 E NetlinkEvent: NetlinkEvent::FindParam(): Parameter 'UID' not found
04-08 15:53:01.171   567  1917 E NetlinkEvent: NetlinkEvent::FindParam(): Parameter 'TIME_NS' not found
04-08 15:53:01.171   567  1917 E NetlinkEvent: NetlinkEvent::FindParam(): Parameter 'UID' not found
04-08 15:53:15.037   567  1917 E NetlinkEvent: NetlinkEvent::FindParam(): Parameter 'TIME_NS' not found
04-08 15:53:15.037   567  1917 E NetlinkEvent: NetlinkEvent::FindParam(): Parameter 'UID' not found
04-08 15:54:08.451   567  1917 E NetlinkEvent: NetlinkEvent::FindParam(): Parameter 'TIME_NS' not found
04-08 15:54:08.451   567  1917 E NetlinkEvent: NetlinkEvent::FindParam(): Parameter 'UID' not found
04-08 15:54:19.857   567  1917 E NetlinkEvent: NetlinkEvent::FindParam(): Parameter 'TIME_NS' not found
04-08 15:54:19.857   567  1917 E NetlinkEvent: NetlinkEvent::FindParam(): Parameter 'UID' not found
04-08 15:54:44.691   567  1917 E NetlinkEvent: NetlinkEvent::FindParam(): Parameter 'TIME_NS' not found
04-08 15:54:44.691   567  1917 E NetlinkEvent: NetlinkEvent::FindParam(): Parameter 'UID' not found
04-08 15:55:11.805   567  1917 E NetlinkEvent: NetlinkEvent::FindParam(): Parameter 'TIME_NS' not found
04-08 15:55:11.805   567  1917 E NetlinkEvent: NetlinkEvent::FindParam(): Parameter 'UID' not found
04-08 15:55:36.610   567  1917 E NetlinkEvent: NetlinkEvent::FindParam(): Parameter 'TIME_NS' not found
04-08 15:55:36.610   567  1917 E NetlinkEvent: NetlinkEvent::FindParam(): Parameter 'UID' not found
04-08 15:55:45.873   567  1917 E NetlinkEvent: NetlinkEvent::FindParam(): Parameter 'TIME_NS' not found
04-08 15:55:45.873   567  1917 E NetlinkEvent: NetlinkEvent::FindParam(): Parameter 'UID' not found
04-08 15:56:04.730 25405 25423 F libc    : Fatal signal 7 (SIGBUS), code 1, fault addr 0xc0011 in tid 25423 (Compiler driver)
04-08 15:56:04.833   569   569 F DEBUG   : *** *** *** *** *** *** *** *** *** *** *** *** *** *** *** ***
04-08 15:56:04.833   569   569 F DEBUG   : UUID: c0f441f8-6035-4d42-9283-f106b12e05e2
04-08 15:56:04.833   569   569 F DEBUG   : Build fingerprint: 'Sony/D6503/D6503:6.0.1/23.5.A.1.291/2769308465:user/release-keys'
04-08 15:56:04.833   569   569 F DEBUG   : Revision: '0'
04-08 15:56:04.833   569   569 F DEBUG   : ABI: 'arm'
04-08 15:56:04.833  2401  4482 I chatty  : uid=1000(system) Thread-65 expire 1 line
04-08 15:56:04.833   569   569 F DEBUG   : pid: 25405, tid: 25423, name: Compiler driver  >>> /system/bin/dex2oat <<<
04-08 15:56:04.833   569   569 F DEBUG   : signal 7 (SIGBUS), code 1 (BUS_ADRALN), fault addr 0xc0011
04-08 15:56:04.835   569   569 F DEBUG   :     r0 000c0001  r1 ffff0006  r2 b1682044  r3 ffff0006
04-08 15:56:04.835   569   569 F DEBUG   :     r4 b174c630  r5 b16859e4  r6 b1685ae8  r7 00250000
04-08 15:56:04.835   569   569 F DEBUG   :     r8 b1685950  r9 ffffffff  sl b1685948  fp b1685954
04-08 15:56:04.835   569   569 F DEBUG   :     ip b1b282ee  sp b1b282e0  lr b1682a10  pc b6bde712  cpsr 200f0030
04-08 15:56:04.853   569   569 F DEBUG   : 
04-08 15:56:04.853   569   569 F DEBUG   : backtrace:
04-08 15:56:04.853   569   569 F DEBUG   :     #00 pc 000e7712  /system/lib/libart-compiler.so (_ZN3art19LocalValueNumbering16HandleInvokeArgsEPKNS_3MIREPKS0_+229)
04-08 15:56:04.853   569   569 F DEBUG   :     #01 pc 000eacc1  /system/lib/libart-compiler.so (_ZN3art19LocalValueNumbering14GetValueNumberEPNS_3MIRE+624)
04-08 15:56:04.853   569   569 F DEBUG   :     #02 pc 001bff9d  /system/lib/libart-compiler.so (_ZN3art8MIRGraph28ApplyGlobalValueNumberingEndEv+212)
04-08 15:56:04.853   569   569 F DEBUG   :     #03 pc 001c2141  /system/lib/libart-compiler.so (_ZN3art16PassDriverMEOpts9ApplyPassEPNS_14PassDataHolderEPKNS_4PassE+44)
04-08 15:56:04.853   569   569 F DEBUG   :     #04 pc 0017259f  /system/lib/libart-compiler.so
04-08 15:56:04.853   569   569 F DEBUG   :     #05 pc 00172ddb  /system/lib/libart-compiler.so (_ZNK3art13QuickCompiler7CompileEPKNS_7DexFile8CodeItemEjNS_10InvokeTypeEtjP8_jobjectRKS1_+1406)
04-08 15:56:04.853   569   569 F DEBUG   :     #06 pc 0033677d  /system/lib/libart-compiler.so (_ZN3art14TryFastCompileEPNS_14CompilerDriverEPNS_8CompilerEPKNS_7DexFile8CodeItemEjNS_10InvokeTypeEtjP8_jobjectRKS4_+188)
04-08 15:56:04.853   569   569 F DEBUG   :     #07 pc 0026c66b  /system/lib/libart-compiler.so (_ZNK3art18OptimizingCompiler7CompileEPKNS_7DexFile8CodeItemEjNS_10InvokeTypeEtjP8_jobjectRKS1_+206)
04-08 15:56:04.853   569   569 F DEBUG   :     #08 pc 001d18a3  /system/lib/libart-compiler.so (_ZN3art14CompilerDriver13CompileMethodEPNS_6ThreadEPKNS_7DexFile8CodeItemEjNS_10InvokeTypeEtjP8_jobjectRKS3_NS_24DexToDexCompilationLevelEb+1898)
04-08 15:56:04.854   569   569 F DEBUG   :     #09 pc 001d258f  /system/lib/libart-compiler.so (_ZN3art14CompilerDriver12CompileClassEPKNS_26ParallelCompilationManagerEj+1990)
04-08 15:56:04.854   569   569 F DEBUG   :     #10 pc 001c853b  /system/lib/libart-compiler.so
04-08 15:56:04.854   569   569 F DEBUG   :     #11 pc 0035dcb5  /system/lib/libart.so (_ZN3art16ThreadPoolWorker3RunEv+264)
04-08 15:56:04.854   569   569 F DEBUG   :     #12 pc 0035e37f  /system/lib/libart.so (_ZN3art16ThreadPoolWorker8CallbackEPv+54)
04-08 15:56:04.854   569   569 F DEBUG   :     #13 pc 0003f5af  /system/lib/libc.so (_ZL15__pthread_startPv+30)
04-08 15:56:04.854   569   569 F DEBUG   :     #14 pc 00019c97  /system/lib/libc.so (__start_thread+6)
04-08 15:56:04.993   569   569 F DEBUG   : 
04-08 15:56:04.993   569   569 F DEBUG   : Tombstone written to: /data/tombstones/tombstone_07
04-08 15:56:04.994  2401  2726 I chatty  : uid=1000(system) FileObserver expire 1 line
04-08 15:56:05.115 16967 25461 I chatty  : uid=1000(system) com.sonyericsson.crashmonitor expire 1 line
04-08 15:56:05.349   198   198 I tad     : MiscTA Unit 10010: 
04-08 15:56:05.349   198   198 I tad     : WRITTEN (Size 10)
04-08 15:56:05.468   198   198 I tad     : Actual erase/write to flash done (count 19, time 1586354165).
04-08 15:56:05.468   198   198 I tad     : MiscTA: Write of unit 10010 completed - OK
04-08 15:56:05.471   198   198 I tad     : MiscTA Unit 10005: 
04-08 15:56:05.471   198   198 I tad     : WRITTEN (Size 402)
04-08 15:56:05.496 25341 25482 E ActivityThread: Failed to find provider info for com.facebook.katana.provider.AttributionIdProvider
04-08 15:56:05.589   198   198 I tad     : Actual erase/write to flash done (count 20, time 1586354165).
04-08 15:56:05.589   198   198 I tad     : MiscTA: Write of unit 10005 completed - OK
04-08 15:56:43.330   567  1917 E NetlinkEvent: NetlinkEvent::FindParam(): Parameter 'TIME_NS' not found
04-08 15:56:43.331   567  1917 E NetlinkEvent: NetlinkEvent::FindParam(): Parameter 'UID' not found
04-08 15:56:47.006   567  1917 E NetlinkEvent: NetlinkEvent::FindParam(): Parameter 'TIME_NS' not found
04-08 15:56:47.006   567  1917 E NetlinkEvent: NetlinkEvent::FindParam(): Parameter 'UID' not found
04-08 15:58:26.811   567  1917 E NetlinkEvent: NetlinkEvent::FindParam(): Parameter 'TIME_NS' not found
04-08 15:58:26.811   567  1917 E NetlinkEvent: NetlinkEvent::FindParam(): Parameter 'UID' not found
04-08 15:58:30.225   567  1917 E NetlinkEvent: NetlinkEvent::FindParam(): Parameter 'TIME_NS' not found
04-08 15:58:30.225   567  1917 E NetlinkEvent: NetlinkEvent::FindParam(): Parameter 'UID' not found
04-08 15:59:10.184  5427  6105 W ActivityThread: ClassLoader.loadClass: The class loader returned by Thread.getContextClassLoader() may fail for processes that host multiple applications. You should explicitly specify a context class loader. For example: Thread.setContextClassLoader(getClass().getClassLoader());
04-08 15:59:25.451   567  1917 E NetlinkEvent: NetlinkEvent::FindParam(): Parameter 'TIME_NS' not found
04-08 15:59:25.451   567  1917 E NetlinkEvent: NetlinkEvent::FindParam(): Parameter 'UID' not found
04-08 15:59:36.272   567  1917 E NetlinkEvent: NetlinkEvent::FindParam(): Parameter 'TIME_NS' not found
04-08 15:59:36.272   567  1917 E NetlinkEvent: NetlinkEvent::FindParam(): Parameter 'UID' not found
04-08 16:00:13.008  2401  5435 I chatty  : uid=1000(system) Binder_A expire 3 lines
04-08 16:00:13.157 25960 25960 I chatty  : uid=1000(system) com.sonyericsson.tvout.mhl expire 6 lines
04-08 16:01:48.650   567  1917 E NetlinkEvent: NetlinkEvent::FindParam(): Parameter 'TIME_NS' not found
04-08 16:01:48.651   567  1917 E NetlinkEvent: NetlinkEvent::FindParam(): Parameter 'UID' not found
04-08 16:01:58.820   567  1917 E NetlinkEvent: NetlinkEvent::FindParam(): Parameter 'TIME_NS' not found
04-08 16:01:58.820   567  1917 E NetlinkEvent: NetlinkEvent::FindParam(): Parameter 'UID' not found
04-08 16:02:38.731   567  1917 E NetlinkEvent: NetlinkEvent::FindParam(): Parameter 'TIME_NS' not found
04-08 16:02:38.731   567  1917 E NetlinkEvent: NetlinkEvent::FindParam(): Parameter 'UID' not found
04-08 16:02:41.942  2401  2477 I chatty  : uid=1000(system) android.bg expire 1 line
04-08 16:03:09.172   567  1917 E NetlinkEvent: NetlinkEvent::FindParam(): Parameter 'TIME_NS' not found
04-08 16:03:09.172   567  1917 E NetlinkEvent: NetlinkEvent::FindParam(): Parameter 'UID' not found
04-08 16:03:31.690   567  1917 E NetlinkEvent: NetlinkEvent::FindParam(): Parameter 'TIME_NS' not found
04-08 16:03:31.690   567  1917 E NetlinkEvent: NetlinkEvent::FindParam(): Parameter 'UID' not found
04-08 16:03:48.178   567  1917 E NetlinkEvent: NetlinkEvent::FindParam(): Parameter 'TIME_NS' not found
04-08 16:03:48.178   567  1917 E NetlinkEvent: NetlinkEvent::FindParam(): Parameter 'UID' not found
04-08 16:04:03.211   567  1917 E NetlinkEvent: NetlinkEvent::FindParam(): Parameter 'TIME_NS' not found
04-08 16:04:03.211   567  1917 E NetlinkEvent: NetlinkEvent::FindParam(): Parameter 'UID' not found
04-08 16:04:10.441   567  1917 E NetlinkEvent: NetlinkEvent::FindParam(): Parameter 'TIME_NS' not found
04-08 16:04:10.441   567  1917 E NetlinkEvent: NetlinkEvent::FindParam(): Parameter 'UID' not found
04-08 16:04:33.010   567  1917 E NetlinkEvent: NetlinkEvent::FindParam(): Parameter 'TIME_NS' not found
04-08 16:04:33.010   567  1917 E NetlinkEvent: NetlinkEvent::FindParam(): Parameter 'UID' not found
04-08 16:05:03.443   567  1917 E NetlinkEvent: NetlinkEvent::FindParam(): Parameter 'TIME_NS' not found
04-08 16:05:03.443   567  1917 E NetlinkEvent: NetlinkEvent::FindParam(): Parameter 'UID' not found
04-08 16:05:33.211   567  1917 E NetlinkEvent: NetlinkEvent::FindParam(): Parameter 'TIME_NS' not found
04-08 16:05:33.211   567  1917 E NetlinkEvent: NetlinkEvent::FindParam(): Parameter 'UID' not found
04-08 16:05:52.902   567  1917 E NetlinkEvent: NetlinkEvent::FindParam(): Parameter 'TIME_NS' not found
04-08 16:05:52.902   567  1917 E NetlinkEvent: NetlinkEvent::FindParam(): Parameter 'UID' not found
04-08 16:06:56.819  2401  2491 I chatty  : uid=1000(system) android.ui expire 2 lines
04-08 16:06:57.089   567  1917 E NetlinkEvent: NetlinkEvent::FindParam(): Parameter 'TIME_NS' not found
04-08 16:06:57.089   567  1917 E NetlinkEvent: NetlinkEvent::FindParam(): Parameter 'UID' not found
04-08 16:06:58.676   567  1917 E NetlinkEvent: NetlinkEvent::FindParam(): Parameter 'TIME_NS' not found
04-08 16:06:58.676   567  1917 E NetlinkEvent: NetlinkEvent::FindParam(): Parameter 'UID' not found
04-08 16:07:14.051   567  1917 E NetlinkEvent: NetlinkEvent::FindParam(): Parameter 'TIME_NS' not found
04-08 16:07:14.051   567  1917 E NetlinkEvent: NetlinkEvent::FindParam(): Parameter 'UID' not found
04-08 16:07:55.475   567  1917 E NetlinkEvent: NetlinkEvent::FindParam(): Parameter 'TIME_NS' not found
04-08 16:07:55.475   567  1917 E NetlinkEvent: NetlinkEvent::FindParam(): Parameter 'UID' not found
04-08 16:08:45.900  2401  2730 I chatty  : uid=1000(system) PowerManagerSer expire 5 lines
04-08 16:08:50.082  2401  2490 I chatty  : uid=1000(system) ActivityManager expire 4 lines
04-08 16:09:11.010   567  1917 E NetlinkEvent: NetlinkEvent::FindParam(): Parameter 'TIME_NS' not found
04-08 16:09:11.010   567  1917 E NetlinkEvent: NetlinkEvent::FindParam(): Parameter 'UID' not found
04-08 16:09:52.825   567  1917 E NetlinkEvent: NetlinkEvent::FindParam(): Parameter 'TIME_NS' not found
04-08 16:09:52.825   567  1917 E NetlinkEvent: NetlinkEvent::FindParam(): Parameter 'UID' not found
04-08 16:10:12.130   567  1917 E NetlinkEvent: NetlinkEvent::FindParam(): Parameter 'TIME_NS' not found
04-08 16:10:12.130   567  1917 E NetlinkEvent: NetlinkEvent::FindParam(): Parameter 'UID' not found
04-08 16:10:19.246   567  1917 E NetlinkEvent: NetlinkEvent::FindParam(): Parameter 'TIME_NS' not found
04-08 16:10:19.246   567  1917 E NetlinkEvent: NetlinkEvent::FindParam(): Parameter 'UID' not found
04-08 16:11:34.771   567  1917 E NetlinkEvent: NetlinkEvent::FindParam(): Parameter 'TIME_NS' not found
04-08 16:11:34.771   567  1917 E NetlinkEvent: NetlinkEvent::FindParam(): Parameter 'UID' not found
04-08 16:11:44.341   567  1917 E NetlinkEvent: NetlinkEvent::FindParam(): Parameter 'TIME_NS' not found
04-08 16:11:44.341   567  1917 E NetlinkEvent: NetlinkEvent::FindParam(): Parameter 'UID' not found
04-08 16:12:00.133 16967 27096 I chatty  : uid=1000(system) com.sonyericsson.crashmonitor expire 1 line
04-08 16:12:01.091   567  1917 E NetlinkEvent: NetlinkEvent::FindParam(): Parameter 'TIME_NS' not found
04-08 16:12:01.091   567  1917 E NetlinkEvent: NetlinkEvent::FindParam(): Parameter 'UID' not found
04-08 16:12:21.819   567  1917 E NetlinkEvent: NetlinkEvent::FindParam(): Parameter 'TIME_NS' not found
04-08 16:12:21.819   567  1917 E NetlinkEvent: NetlinkEvent::FindParam(): Parameter 'UID' not found
04-08 16:12:38.171   567  1917 E NetlinkEvent: NetlinkEvent::FindParam(): Parameter 'TIME_NS' not found
04-08 16:12:38.171   567  1917 E NetlinkEvent: NetlinkEvent::FindParam(): Parameter 'UID' not found
04-08 16:12:42.402   567  1917 E NetlinkEvent: NetlinkEvent::FindParam(): Parameter 'TIME_NS' not found
04-08 16:12:42.402   567  1917 E NetlinkEvent: NetlinkEvent::FindParam(): Parameter 'UID' not found
04-08 16:12:57.410   567  1917 E NetlinkEvent: NetlinkEvent::FindParam(): Parameter 'TIME_NS' not found
04-08 16:12:57.410   567  1917 E NetlinkEvent: NetlinkEvent::FindParam(): Parameter 'UID' not found
04-08 16:13:09.435   567  1917 E NetlinkEvent: NetlinkEvent::FindParam(): Parameter 'TIME_NS' not found
04-08 16:13:09.435   567  1917 E NetlinkEvent: NetlinkEvent::FindParam(): Parameter 'UID' not found
04-08 16:13:45.651   567  1917 E NetlinkEvent: NetlinkEvent::FindParam(): Parameter 'TIME_NS' not found
04-08 16:13:45.651   567  1917 E NetlinkEvent: NetlinkEvent::FindParam(): Parameter 'UID' not found
04-08 16:13:53.978   567  1917 E NetlinkEvent: NetlinkEvent::FindParam(): Parameter 'TIME_NS' not found
04-08 16:13:53.978   567  1917 E NetlinkEvent: NetlinkEvent::FindParam(): Parameter 'UID' not found
04-08 16:14:21.336 27301 27322 W ActivityThread: ClassLoader.loadClass: The class loader returned by Thread.getContextClassLoader() may fail for processes that host multiple applications. You should explicitly specify a context class loader. For example: Thread.setContextClassLoader(getClass().getClassLoader());
04-08 16:14:36.650   567  1917 E NetlinkEvent: NetlinkEvent::FindParam(): Parameter 'TIME_NS' not found
04-08 16:14:36.650   567  1917 E NetlinkEvent: NetlinkEvent::FindParam(): Parameter 'UID' not found
04-08 16:14:36.986   567  1917 E NetlinkEvent: NetlinkEvent::FindParam(): Parameter 'TIME_NS' not found
04-08 16:14:36.986   567  1917 E NetlinkEvent: NetlinkEvent::FindParam(): Parameter 'UID' not found
04-08 16:15:06.450   567  1917 E NetlinkEvent: NetlinkEvent::FindParam(): Parameter 'TIME_NS' not found
04-08 16:15:06.450   567  1917 E NetlinkEvent: NetlinkEvent::FindParam(): Parameter 'UID' not found
04-08 16:15:50.407   567  1917 E NetlinkEvent: NetlinkEvent::FindParam(): Parameter 'TIME_NS' not found
04-08 16:15:50.407   567  1917 E NetlinkEvent: NetlinkEvent::FindParam(): Parameter 'UID' not found
04-08 16:16:30.051   567  1917 E NetlinkEvent: NetlinkEvent::FindParam(): Parameter 'TIME_NS' not found
04-08 16:16:30.051   567  1917 E NetlinkEvent: NetlinkEvent::FindParam(): Parameter 'UID' not found
04-08 16:16:36.487   567  1917 E NetlinkEvent: NetlinkEvent::FindParam(): Parameter 'TIME_NS' not found
04-08 16:16:36.487   567  1917 E NetlinkEvent: NetlinkEvent::FindParam(): Parameter 'UID' not found
04-08 16:17:02.123  2401  4138 I chatty  : uid=1000(system) InputReader expire 14 lines
04-08 16:17:02.124  2401  2730 I chatty  : uid=1000(system) PowerManagerSer expire 10 lines
04-08 16:17:03.294  2401  2728 I chatty  : uid=1000(system) android.display expire 10 lines
04-08 16:17:08.061  2401  4144 I chatty  : uid=1000(system) Binder_3 expire 4 lines
04-08 16:17:15.878  2401  2490 I chatty  : uid=1000(system) ActivityManager expire 13 lines
04-08 16:17:24.370   567  1917 E NetlinkEvent: NetlinkEvent::FindParam(): Parameter 'TIME_NS' not found
04-08 16:17:24.371   567  1917 E NetlinkEvent: NetlinkEvent::FindParam(): Parameter 'UID' not found
04-08 16:17:30.984  2401  2417 I chatty  : uid=1000(system) Binder_1 expire 7 lines
04-08 16:17:31.787   567  1917 E NetlinkEvent: NetlinkEvent::FindParam(): Parameter 'TIME_NS' not found
04-08 16:17:31.787   567  1917 E NetlinkEvent: NetlinkEvent::FindParam(): Parameter 'UID' not found
04-08 16:17:54.770   567  1917 E NetlinkEvent: NetlinkEvent::FindParam(): Parameter 'TIME_NS' not found
04-08 16:17:54.770   567  1917 E NetlinkEvent: NetlinkEvent::FindParam(): Parameter 'UID' not found
04-08 16:17:56.667   567  1917 E NetlinkEvent: NetlinkEvent::FindParam(): Parameter 'TIME_NS' not found
04-08 16:17:56.667   567  1917 E NetlinkEvent: NetlinkEvent::FindParam(): Parameter 'UID' not found
04-08 16:18:11.691   567  1917 E NetlinkEvent: NetlinkEvent::FindParam(): Parameter 'TIME_NS' not found
04-08 16:18:11.691   567  1917 E NetlinkEvent: NetlinkEvent::FindParam(): Parameter 'UID' not found
04-08 16:18:16.328   567  1917 E NetlinkEvent: NetlinkEvent::FindParam(): Parameter 'TIME_NS' not found
04-08 16:18:16.328   567  1917 E NetlinkEvent: NetlinkEvent::FindParam(): Parameter 'UID' not found
04-08 16:18:37.490   567  1917 E NetlinkEvent: NetlinkEvent::FindParam(): Parameter 'TIME_NS' not found
04-08 16:18:37.490   567  1917 E NetlinkEvent: NetlinkEvent::FindParam(): Parameter 'UID' not found
04-08 16:18:44.113  2401  4122 I chatty  : uid=1000(system) AlarmManager expire 3 lines
04-08 16:18:44.259   567  1917 E NetlinkEvent: NetlinkEvent::FindParam(): Parameter 'TIME_NS' not found
04-08 16:18:44.260   567  1917 E NetlinkEvent: NetlinkEvent::FindParam(): Parameter 'UID' not found
04-08 16:19:09.131   567  1917 E NetlinkEvent: NetlinkEvent::FindParam(): Parameter 'TIME_NS' not found
04-08 16:19:09.131   567  1917 E NetlinkEvent: NetlinkEvent::FindParam(): Parameter 'UID' not found
04-08 16:19:11.931   567  1917 E NetlinkEvent: NetlinkEvent::FindParam(): Parameter 'TIME_NS' not found
04-08 16:19:11.931   567  1917 E NetlinkEvent: NetlinkEvent::FindParam(): Parameter 'UID' not found
04-08 16:19:14.287  2401  6796 I chatty  : uid=1000(system) Binder_10 expire 6 lines
04-08 16:19:14.363  2401  4189 I chatty  : uid=1000(system) WifiService expire 4 lines
04-08 16:19:26.972   567  1917 E NetlinkEvent: NetlinkEvent::FindParam(): Parameter 'TIME_NS' not found
04-08 16:19:26.972   567  1917 E NetlinkEvent: NetlinkEvent::FindParam(): Parameter 'UID' not found
04-08 16:19:41.422   567  1917 E NetlinkEvent: NetlinkEvent::FindParam(): Parameter 'TIME_NS' not found
04-08 16:19:41.422   567  1917 E NetlinkEvent: NetlinkEvent::FindParam(): Parameter 'UID' not found
04-08 16:19:59.895  2401  2401 I chatty  : uid=1000 system_server expire 8 lines
04-08 16:20:30.081  2401  5497 I chatty  : uid=1000(system) Binder_D expire 8 lines
04-08 16:22:19.715  2401  2729 I chatty  : uid=1000(system) CpuTracker expire 1 line
04-08 16:22:22.706  2401  5726 I chatty  : uid=1000(system) Binder_F expire 8 lines
04-08 16:22:22.709  2401  4190 I chatty  : uid=1000(system) ConnectivitySer expire 10 lines
04-08 16:22:22.728 25960 25960 I chatty  : uid=1000(system) com.sonyericsson.tvout.mhl expire 2 lines
04-08 16:22:24.832  2401  4137 I chatty  : uid=1000(system) InputDispatcher expire 1 line
04-08 16:22:51.571   567  1917 E NetlinkEvent: NetlinkEvent::FindParam(): Parameter 'TIME_NS' not found
04-08 16:22:51.571   567  1917 E NetlinkEvent: NetlinkEvent::FindParam(): Parameter 'UID' not found
04-08 16:22:55.016   567  1917 E NetlinkEvent: NetlinkEvent::FindParam(): Parameter 'TIME_NS' not found
04-08 16:22:55.017   567  1917 E NetlinkEvent: NetlinkEvent::FindParam(): Parameter 'UID' not found
04-08 16:24:02.810   567  1917 E NetlinkEvent: NetlinkEvent::FindParam(): Parameter 'TIME_NS' not found
04-08 16:24:02.811   567  1917 E NetlinkEvent: NetlinkEvent::FindParam(): Parameter 'UID' not found
04-08 16:24:15.756   567  1917 E NetlinkEvent: NetlinkEvent::FindParam(): Parameter 'TIME_NS' not found
04-08 16:24:15.756   567  1917 E NetlinkEvent: NetlinkEvent::FindParam(): Parameter 'UID' not found
04-08 16:24:52.610   567  1917 E NetlinkEvent: NetlinkEvent::FindParam(): Parameter 'TIME_NS' not found
04-08 16:24:52.610   567  1917 E NetlinkEvent: NetlinkEvent::FindParam(): Parameter 'UID' not found
04-08 16:25:19.957   567  1917 E NetlinkEvent: NetlinkEvent::FindParam(): Parameter 'TIME_NS' not found
04-08 16:25:19.957   567  1917 E NetlinkEvent: NetlinkEvent::FindParam(): Parameter 'UID' not found
04-08 16:25:34.971   567  1917 E NetlinkEvent: NetlinkEvent::FindParam(): Parameter 'TIME_NS' not found
04-08 16:25:34.971   567  1917 E NetlinkEvent: NetlinkEvent::FindParam(): Parameter 'UID' not found
04-08 16:25:37.940   567  1917 E NetlinkEvent: NetlinkEvent::FindParam(): Parameter 'TIME_NS' not found
04-08 16:25:37.940   567  1917 E NetlinkEvent: NetlinkEvent::FindParam(): Parameter 'UID' not found
04-08 16:26:16.953  2401  2733 I chatty  : uid=1000(system) PackageManager expire 22 lines
04-08 16:26:26.503  2401  5354 I chatty  : uid=1000(system) Binder_9 expire 6 lines
04-08 16:26:26.635  2401  4467 I chatty  : uid=1000(system) backup expire 1 line
04-08 16:26:26.671  2401  5488 I chatty  : uid=1000(system) Binder_C expire 4 lines
04-08 16:26:26.904  2401  2418 I chatty  : uid=1000(system) Binder_2 expire 8 lines
04-08 16:26:27.082  2401  4591 I chatty  : uid=1000(system) Binder_5 expire 4 lines
04-08 16:26:27.148  2401  4640 I chatty  : uid=1000(system) Binder_6 expire 3 lines
04-08 16:26:27.224 28785 28785 I chatty  : uid=1000(system) com.android.keychain expire 1 line
04-08 16:26:27.237  2401  5504 I chatty  : uid=1000(system) Binder_E expire 7 lines
04-08 16:26:27.365  2401  4918 I chatty  : uid=1000(system) Binder_7 expire 7 lines
04-08 16:26:27.932  2401  4550 I chatty  : uid=1000(system) Binder_4 expire 3 lines
04-08 16:26:31.250  2401  5317 I chatty  : uid=1000(system) Binder_8 expire 7 lines
04-08 16:26:31.785  2401  2491 I chatty  : uid=1000(system) android.ui expire 3 lines
04-08 16:26:33.674  2401  5468 I chatty  : uid=1000(system) Binder_B expire 5 lines
04-08 16:26:36.914  2401  5435 I chatty  : uid=1000(system) Binder_A expire 5 lines
04-08 16:26:37.134 29100 29100 E AndroidRuntime: FATAL EXCEPTION: main
04-08 16:26:37.134 29100 29100 E AndroidRuntime: Process: chema.curso.controldehorasv12final, PID: 29100
04-08 16:26:37.134 29100 29100 E AndroidRuntime: java.lang.NullPointerException: Attempt to invoke virtual method 'void android.widget.TextView.setText(java.lang.CharSequence)' on a null object reference
04-08 16:26:37.134 29100 29100 E AndroidRuntime: 	at chema.curso.controldehorasv12final.PrincipalActivity.onCreateOptionsMenu(PrincipalActivity.java:82)
04-08 16:26:37.134 29100 29100 E AndroidRuntime: 	at android.app.Activity.onCreatePanelMenu(Activity.java:2886)
04-08 16:26:37.134 29100 29100 E AndroidRuntime: 	at androidx.fragment.app.FragmentActivity.onCreatePanelMenu(FragmentActivity.java:324)
04-08 16:26:37.134 29100 29100 E AndroidRuntime: 	at androidx.appcompat.view.WindowCallbackWrapper.onCreatePanelMenu(WindowCallbackWrapper.java:94)
04-08 16:26:37.134 29100 29100 E AndroidRuntime: 	at androidx.appcompat.app.AppCompatDelegateImpl$AppCompatWindowCallback.onCreatePanelMenu(AppCompatDelegateImpl.java:2830)
04-08 16:26:37.134 29100 29100 E AndroidRuntime: 	at androidx.appcompat.view.WindowCallbackWrapper.onCreatePanelMenu(WindowCallbackWrapper.java:94)
04-08 16:26:37.134 29100 29100 E AndroidRuntime: 	at androidx.appcompat.app.ToolbarActionBar.populateOptionsMenu(ToolbarActionBar.java:455)
04-08 16:26:37.134 29100 29100 E AndroidRuntime: 	at androidx.appcompat.app.ToolbarActionBar$1.run(ToolbarActionBar.java:56)
04-08 16:26:37.134 29100 29100 E AndroidRuntime: 	at android.os.Handler.handleCallback(Handler.java:739)
04-08 16:26:37.134 29100 29100 E AndroidRuntime: 	at android.os.Handler.dispatchMessage(Handler.java:95)
04-08 16:26:37.134 29100 29100 E AndroidRuntime: 	at android.os.Looper.loop(Looper.java:234)
04-08 16:26:37.134 29100 29100 E AndroidRuntime: 	at android.app.ActivityThread.main(ActivityThread.java:5526)
04-08 16:26:37.134 29100 29100 E AndroidRuntime: 	at java.lang.reflect.Method.invoke(Native Method)
04-08 16:26:37.134 29100 29100 E AndroidRuntime: 	at com.android.internal.os.ZygoteInit$MethodAndArgsCaller.run(ZygoteInit.java:726)
04-08 16:26:37.134 29100 29100 E AndroidRuntime: 	at com.android.internal.os.ZygoteInit.main(ZygoteInit.java:616)
04-08 16:26:37.184 29410 29469 I chatty  : uid=1000(system) com.sonyericsson.crashmonitor expire 1 line
04-08 16:26:38.860  2401  4204 I chatty  : uid=1000(system) NotificationSer expire 3 lines
04-08 16:26:44.506 29536 29586 W ActivityThread: ClassLoader.loadClass: The class loader returned by Thread.getContextClassLoader() may fail for processes that host multiple applications. You should explicitly specify a context class loader. For example: Thread.setContextClassLoader(getClass().getClassLoader());
04-08 16:26:47.819  2401  2490 I chatty  : uid=1000(system) ActivityManager expire 5 lines
04-08 16:26:48.032 29647 29647 I chatty  : uid=1000(system) com.sonyericsson.tvout.mhl expire 4 lines
04-08 16:26:58.569  2401  2477 I chatty  : uid=1000(system) android.bg expire 1 line
04-08 16:27:07.432 29986 29998 F libc    : Fatal signal 7 (SIGBUS), code 1, fault addr 0xc0011 in tid 29998 (Compiler driver)
04-08 16:27:07.528 29986 29986 F libc    : Fatal signal 11 (SIGSEGV), code 1, fault addr 0x16 in tid 29986 (main)
04-08 16:27:07.534   569   569 F DEBUG   : *** *** *** *** *** *** *** *** *** *** *** *** *** *** *** ***
04-08 16:27:07.534   569   569 F DEBUG   : UUID: 876d5cf8-6461-424f-aff2-a81c4a83c147
04-08 16:27:07.534   569   569 F DEBUG   : Build fingerprint: 'Sony/D6503/D6503:6.0.1/23.5.A.1.291/2769308465:user/release-keys'
04-08 16:27:07.534   569   569 F DEBUG   : Revision: '0'
04-08 16:27:07.534   569   569 F DEBUG   : ABI: 'arm'
04-08 16:27:07.534  2401  4482 I chatty  : uid=1000(system) Thread-65 expire 1 line
04-08 16:27:07.534   569   569 F DEBUG   : pid: 29986, tid: 29998, name: Compiler driver  >>> /system/bin/dex2oat <<<
04-08 16:27:07.534   569   569 F DEBUG   : signal 7 (SIGBUS), code 1 (BUS_ADRALN), fault addr 0xc0011
04-08 16:27:07.536   569   569 F DEBUG   :     r0 000c0001  r1 ffff0006  r2 b14c2044  r3 ffff0006
04-08 16:27:07.536   569   569 F DEBUG   :     r4 b1408630  r5 b14c59e4  r6 b14c5ae8  r7 00250000
04-08 16:27:07.536   569   569 F DEBUG   :     r8 b14c5950  r9 ffffffff  sl b14c5948  fp b14c5954
04-08 16:27:07.536   569   569 F DEBUG   :     ip b1bff2ee  sp b1bff2e0  lr b14c2a10  pc b6bef712  cpsr 200f0030
04-08 16:27:07.546   569   569 F DEBUG   : 
04-08 16:27:07.546   569   569 F DEBUG   : backtrace:
04-08 16:27:07.546   569   569 F DEBUG   :     #00 pc 000e7712  /system/lib/libart-compiler.so (_ZN3art19LocalValueNumbering16HandleInvokeArgsEPKNS_3MIREPKS0_+229)
04-08 16:27:07.546   569   569 F DEBUG   :     #01 pc 000eacc1  /system/lib/libart-compiler.so (_ZN3art19LocalValueNumbering14GetValueNumberEPNS_3MIRE+624)
04-08 16:27:07.546   569   569 F DEBUG   :     #02 pc 001bff9d  /system/lib/libart-compiler.so (_ZN3art8MIRGraph28ApplyGlobalValueNumberingEndEv+212)
04-08 16:27:07.546   569   569 F DEBUG   :     #03 pc 001c2141  /system/lib/libart-compiler.so (_ZN3art16PassDriverMEOpts9ApplyPassEPNS_14PassDataHolderEPKNS_4PassE+44)
04-08 16:27:07.546   569   569 F DEBUG   :     #04 pc 0017259f  /system/lib/libart-compiler.so
04-08 16:27:07.547   569   569 F DEBUG   :     #05 pc 00172ddb  /system/lib/libart-compiler.so (_ZNK3art13QuickCompiler7CompileEPKNS_7DexFile8CodeItemEjNS_10InvokeTypeEtjP8_jobjectRKS1_+1406)
04-08 16:27:07.547   569   569 F DEBUG   :     #06 pc 0033677d  /system/lib/libart-compiler.so (_ZN3art14TryFastCompileEPNS_14CompilerDriverEPNS_8CompilerEPKNS_7DexFile8CodeItemEjNS_10InvokeTypeEtjP8_jobjectRKS4_+188)
04-08 16:27:07.547   569   569 F DEBUG   :     #07 pc 0026c66b  /system/lib/libart-compiler.so (_ZNK3art18OptimizingCompiler7CompileEPKNS_7DexFile8CodeItemEjNS_10InvokeTypeEtjP8_jobjectRKS1_+206)
04-08 16:27:07.547   569   569 F DEBUG   :     #08 pc 001d18a3  /system/lib/libart-compiler.so (_ZN3art14CompilerDriver13CompileMethodEPNS_6ThreadEPKNS_7DexFile8CodeItemEjNS_10InvokeTypeEtjP8_jobjectRKS3_NS_24DexToDexCompilationLevelEb+1898)
04-08 16:27:07.547   569   569 F DEBUG   :     #09 pc 001d258f  /system/lib/libart-compiler.so (_ZN3art14CompilerDriver12CompileClassEPKNS_26ParallelCompilationManagerEj+1990)
04-08 16:27:07.547   569   569 F DEBUG   :     #10 pc 001c853b  /system/lib/libart-compiler.so
04-08 16:27:07.547   569   569 F DEBUG   :     #11 pc 0035dcb5  /system/lib/libart.so (_ZN3art16ThreadPoolWorker3RunEv+264)
04-08 16:27:07.547   569   569 F DEBUG   :     #12 pc 0035e37f  /system/lib/libart.so (_ZN3art16ThreadPoolWorker8CallbackEPv+54)
04-08 16:27:07.547   569   569 F DEBUG   :     #13 pc 0003f5af  /system/lib/libc.so (_ZL15__pthread_startPv+30)
04-08 16:27:07.547   569   569 F DEBUG   :     #14 pc 00019c97  /system/lib/libc.so (__start_thread+6)
04-08 16:27:07.646   569   569 F DEBUG   : 
04-08 16:27:07.646   569   569 F DEBUG   : Tombstone written to: /data/tombstones/tombstone_08
04-08 16:27:07.647  2401  2726 I chatty  : uid=1000(system) FileObserver expire 1 line
04-08 16:27:07.830 29410 30030 I chatty  : uid=1000(system) com.sonyericsson.crashmonitor expire 1 line
04-08 16:27:07.998 29922 30022 E ActivityThread: Failed to find provider info for com.facebook.katana.provider.AttributionIdProvider
04-08 16:27:08.094   198   198 I tad     : MiscTA Unit 10010: 
04-08 16:27:08.094   198   198 I tad     : WRITTEN (Size 10)
04-08 16:27:08.130   198   198 I tad     : Actual erase/write to flash done (count 21, time 1586356028).
04-08 16:27:08.130   198   198 I tad     : MiscTA: Write of unit 10010 completed - OK
04-08 16:27:08.133   198   198 I tad     : MiscTA Unit 10006: 
04-08 16:27:08.133   198   198 I tad     : WRITTEN (Size 13016)
04-08 16:27:08.167   198   198 I tad     : Actual erase/write to flash done (count 22, time 1586356028).
04-08 16:27:08.167   198   198 I tad     : MiscTA: Write of unit 10006 completed - OK
04-08 16:28:46.970   567  1917 E NetlinkEvent: NetlinkEvent::FindParam(): Parameter 'TIME_NS' not found
04-08 16:28:46.971   567  1917 E NetlinkEvent: NetlinkEvent::FindParam(): Parameter 'UID' not found
04-08 16:29:21.735   567  1917 E NetlinkEvent: NetlinkEvent::FindParam(): Parameter 'TIME_NS' not found
04-08 16:29:21.736   567  1917 E NetlinkEvent: NetlinkEvent::FindParam(): Parameter 'UID' not found
04-08 16:29:40.211   567  1917 E NetlinkEvent: NetlinkEvent::FindParam(): Parameter 'TIME_NS' not found
04-08 16:29:40.211   567  1917 E NetlinkEvent: NetlinkEvent::FindParam(): Parameter 'UID' not found
04-08 16:29:50.908   567  1917 E NetlinkEvent: NetlinkEvent::FindParam(): Parameter 'TIME_NS' not found
04-08 16:29:50.908   567  1917 E NetlinkEvent: NetlinkEvent::FindParam(): Parameter 'UID' not found
04-08 16:30:22.077  2401  2730 I chatty  : uid=1000(system) PowerManagerSer expire 7 lines
04-08 16:31:41.363  2401  4190 I chatty  : uid=1000(system) ConnectivitySer expire 36 lines
04-08 16:31:51.157 29647 29647 I chatty  : uid=1000(system) com.sonyericsson.tvout.mhl expire 14 lines
04-08 16:31:51.163  2401  4640 I chatty  : uid=1000(system) Binder_6 expire 8 lines
04-08 16:31:57.943  2401  5354 I chatty  : uid=1000(system) Binder_9 expire 10 lines
04-08 16:32:06.253 29410 31024 I chatty  : uid=1000(system) com.sonyericsson.crashmonitor expire 1 line
04-08 16:32:08.425  2401  4550 I chatty  : uid=1000(system) Binder_4 expire 7 lines
04-08 16:32:11.457  2401  4591 I chatty  : uid=1000(system) Binder_5 expire 6 lines
04-08 16:32:24.596  2401  5435 I chatty  : uid=1000(system) Binder_A expire 9 lines
04-08 16:32:29.472  2401  5317 I chatty  : uid=1000(system) Binder_8 expire 3 lines
04-08 16:32:34.484  2401  5488 I chatty  : uid=1000(system) Binder_C expire 5 lines
04-08 16:32:58.798  2401  4138 I chatty  : uid=1000(system) InputReader expire 13 lines
04-08 16:32:58.801  2401  2730 I chatty  : uid=1000(system) PowerManagerSer expire 19 lines
04-08 16:32:59.995  2401  2728 I chatty  : uid=1000(system) android.display expire 13 lines
04-08 16:34:38.679  2401  2490 I chatty  : uid=1000(system) ActivityManager expire 10 lines
04-08 16:34:39.849  2401  4137 I chatty  : uid=1000(system) InputDispatcher expire 3 lines
04-08 16:34:52.364  2401  5468 I chatty  : uid=1000(system) Binder_B expire 7 lines
04-08 16:34:59.877  2401  4144 I chatty  : uid=1000(system) Binder_3 expire 10 lines
04-08 16:35:05.871  2401  5726 I chatty  : uid=1000(system) Binder_F expire 6 lines
04-08 16:35:06.016  2401  2401 I chatty  : uid=1000 system_server expire 8 lines
04-08 16:35:06.545  2401  5497 I chatty  : uid=1000(system) Binder_D expire 7 lines
04-08 16:35:08.276  5941  5941 E ActivityThread: Service com.google.android.gms.nearby.discovery.service.DiscoveryService has leaked ServiceConnection android.bluetooth.BluetoothHeadset$2@1f59f0a that was originally bound here
04-08 16:35:08.276  5941  5941 E ActivityThread: android.app.ServiceConnectionLeaked: Service com.google.android.gms.nearby.discovery.service.DiscoveryService has leaked ServiceConnection android.bluetooth.BluetoothHeadset$2@1f59f0a that was originally bound here
04-08 16:35:08.276  5941  5941 E ActivityThread: 	at android.app.LoadedApk$ServiceDispatcher.<init>(LoadedApk.java:1096)
04-08 16:35:08.276  5941  5941 E ActivityThread: 	at android.app.LoadedApk.getServiceDispatcher(LoadedApk.java:990)
04-08 16:35:08.276  5941  5941 E ActivityThread: 	at android.app.ContextImpl.bindServiceCommon(ContextImpl.java:1289)
04-08 16:35:08.276  5941  5941 E ActivityThread: 	at android.app.ContextImpl.bindServiceAsUser(ContextImpl.java:1279)
04-08 16:35:08.276  5941  5941 E ActivityThread: 	at android.content.ContextWrapper.bindServiceAsUser(ContextWrapper.java:611)
04-08 16:35:08.276  5941  5941 E ActivityThread: 	at android.content.ContextWrapper.bindServiceAsUser(ContextWrapper.java:611)
04-08 16:35:08.276  5941  5941 E ActivityThread: 	at android.content.ContextWrapper.bindServiceAsUser(ContextWrapper.java:611)
04-08 16:35:08.276  5941  5941 E ActivityThread: 	at android.content.ContextWrapper.bindServiceAsUser(ContextWrapper.java:611)
04-08 16:35:08.276  5941  5941 E ActivityThread: 	at android.bluetooth.BluetoothHeadset.doBind(BluetoothHeadset.java:309)
04-08 16:35:08.276  5941  5941 E ActivityThread: 	at android.bluetooth.BluetoothHeadset.<init>(BluetoothHeadset.java:302)
04-08 16:35:08.276  5941  5941 E ActivityThread: 	at android.bluetooth.BluetoothAdapter.getProfileProxy(BluetoothAdapter.java:1936)
04-08 16:35:08.276  5941  5941 E ActivityThread: 	at bujr.<init>(:com.google.android.gms@200914018@20.09.14 (040308-300565878):7)
04-08 16:35:08.276  5941  5941 E ActivityThread: 	at aiae.a(:com.google.android.gms@200914018@20.09.14 (040308-300565878):61)
04-08 16:35:08.276  5941  5941 E ActivityThread: 	at ahpu.c(:com.google.android.gms@200914018@20.09.14 (040308-300565878):4)
04-08 16:35:08.276  5941  5941 E ActivityThread: 	at ahpu.b(:com.google.android.gms@200914018@20.09.14 (040308-300565878):3)
04-08 16:35:08.276  5941  5941 E ActivityThread: 	at ahpu.a(:com.google.android.gms@200914018@20.09.14 (040308-300565878):9)
04-08 16:35:08.276  5941  5941 E ActivityThread: 	at ahpu.a(:com.google.android.gms@200914018@20.09.14 (040308-300565878):8)
04-08 16:35:08.276  5941  5941 E ActivityThread: 	at aiex.<init>(:com.google.android.gms@200914018@20.09.14 (040308-300565878):7)
04-08 16:35:08.276  5941  5941 E ActivityThread: 	at aiae.a(:com.google.android.gms@200914018@20.09.14 (040308-300565878):34)
04-08 16:35:08.276  5941  5941 E ActivityThread: 	at ahpu.c(:com.google.android.gms@200914018@20.09.14 (040308-300565878):4)
04-08 16:35:08.276  5941  5941 E ActivityThread: 	at ahpu.b(:com.google.android.gms@200914018@20.09.14 (040308-300565878):3)
04-08 16:35:08.276  5941  5941 E ActivityThread: 	at ahpu.a(:com.google.android.gms@200914018@20.09.14 (040308-300565878):9)
04-08 16:35:08.276  5941  5941 E ActivityThread: 	at ahpu.a(:com.google.android.gms@200914018@20.09.14 (040308-300565878):8)
04-08 16:35:08.276  5941  5941 E ActivityThread: 	at aikt.<init>(:com.google.android.gms@200914018@20.09.14 (040308-300565878):7)
04-08 16:35:08.276  5941  5941 E ActivityThread: 	at aiae.a(:com.google.android.gms@200914018@20.09.14 (040308-300565878):63)
04-08 16:35:08.276  5941  5941 E ActivityThread: 	at ahpu.c(:com.google.android.gms@200914018@20.09.14 (040308-300565878):4)
04-08 16:35:08.276  5941  5941 E ActivityThread: 	at ahpu.b(:com.google.android.gms@200914018@20.09.14 (040308-300565878):3)
04-08 16:35:08.276  5941  5941 E ActivityThread: 	at ahpu.a(:com.google.android.gms@200914018@20.09.14 (040308-300565878):9)
